Microchip MPLAB XC8 Compiler V2.32

Linker command line:

-W-3 --edf=C:\Program Files\Microchip\xc8\v2.32\pic\dat\en_msgs.txt -cn \
  -h+dist/default/production\final-project-tues-amanda-sara.X.production.sym \
  --cmf=dist/default/production\final-project-tues-amanda-sara.X.production.cmf \
  -z -Q18F67K40 -oC:\Users\amand\AppData\Local\Temp\xcAs1h0s.4 \
  --defsym=__MPLAB_BUILD=1 \
  -Mdist/default/production/final-project-tues-amanda-sara.X.production.map \
  -E1 -ver=XC8 Compiler --acfsm=1493 -ASTACK=013Ch-0DE9h -pstack=STACK \
  -ACODE=00h-01FFFFh -ACONST=00h-01FFFFh -ASMALLCONST=0E00h-0EFFhx498 \
  -AMEDIUMCONST=0E00h-0FFFFh,010E00h-01FFFFh -ACOMRAM=01h-05Fh \
  -AABS1=00h-0DE9h -ABIGRAM=01h-0DE9h \
  -ARAM=060h-0FFh,0100h-01FFhx12,0D00h-0DE9h -ABANK0=060h-0FFh \
  -ABANK1=0100h-01FFh -ABANK2=0200h-02FFh -ABANK3=0300h-03FFh \
  -ABANK4=0400h-04FFh -ABANK5=0500h-05FFh -ABANK6=0600h-06FFh \
  -ABANK7=0700h-07FFh -ABANK8=0800h-08FFh -ABANK9=0900h-09FFh \
  -ABANK10=0A00h-0AFFh -ABANK11=0B00h-0BFFh -ABANK12=0C00h-0CFFh \
  -ABANK13=0D00h-0DE9h \
  -ASFR=0DEFh-0DFFh,0E00h-0EFFh,0F00h-0F5Fh,0F60h-0FFFh \
  -ACONFIG=0300000h-030000Bh -AIDLOC=0200000h-020000Fh \
  -AEEDATA=0310000h-03103FFh -peeprom_data=EEDATA \
  -preset_vec=00h,intcode=08h,intcodelo=018h,powerup,init -pramtop=0E00h \
  -psmallconst=SMALLCONST -pmediumconst=MEDIUMCONST -pconst=CONST \
  -AFARRAM=00h-00h \
  -prdata=COMRAM,nvrram=COMRAM,nvbit=COMRAM,rbss=COMRAM,rbit=COMRAM \
  -pfarbss=FARRAM,fardata=FARRAM,nvFARRAM=FARRAM \
  -pintsave_regs=BIGRAM,bigbss=BIGRAM,bigdata=BIGRAM -pbss=RAM \
  -pidata=CODE,irdata=CODE,ibigdata=CODE,ifardata=CODE -prparam=COMRAM \
  C:\Users\amand\AppData\Local\Temp\xcAs1h0s.o \
  dist/default/production\final-project-tues-amanda-sara.X.production.o 

Object code version is 3.11

Machine type is 18F67K40



                Name                               Link     Load   Length Selector   Space Scale
C:\Users\amand\AppData\Local\Temp\xcAs1h0s.o
                idloc                            200000   200000       10        0       5
                config                           300000   300000        C        0       4
                init                                 26       26        4        C       0
                reset_vec                             0        0        4        0       0
dist/default/production\final-project-tues-amanda-sara.X.production.o
                intcodelo                            18       18        E        C       0
                intcode                               8        8        6        4       0
                idloc                            200000   200000       10        0       5
                config                           300000   300000        C        0       4
                temp                                 5D       5D        1        1       1
                smallconst                          E00      E00       10      700       0
                intcode_body                       1D24     1D24        4      708       0
                text32                             1CCA     1CCA       1A      708       0
                text31                             1CAA     1CAA       20      708       0
                text30                             1C16     1C16       2A      708       0
                text29                             1C68     1C68       22      708       0
                text28                             1C40     1C40       28      708       0
                text27                             1D1A     1D1A        A      708       0
                text26                             1D10     1D10        A      708       0
                text25                             1CFA     1CFA        C      708       0
                text24                             1C8A     1C8A       20      708       0
                text23                             1AFA     1AFA       40      708       0
                text22                             1A78     1A78       42      708       0
                text21                             1D06     1D06        A      708       0
                text20                             19A0     19A0       50      708       0
                text19                             1950     1950       50      708       0
                text18                             1900     1900       50      708       0
                text17                             18B0     18B0       50      708       0
                text16                             1A34     1A34       44      708       0
                text15                             1B3A     1B3A       3C      708       0
                text14                             1CE4     1CE4       16      708       0
                text13                             1B76     1B76       38      708       0
                text12                             12A6     12A6      188      708       0
                text11                             142E     142E      164      708       0
                text10                             1ABA     1ABA       40      708       0
                text9                              1D28     1D28        2      708       0
                text8                              166C     166C       CA      708       0
                text7                              19F0     19F0       44      708       0
                text6                              1BAE     1BAE       36      708       0
                text5                              1736     1736       C6      708       0
                text4                               E10      E10      2E2      708       0
                text3                              10F2     10F2      1B4      708       0
                text2                              17FC     17FC       62      708       0
                text1                              185E     185E       52      708       0
                text0                              1592     1592       DA      708       0
                cstackCOMRAM                          1        1       58        1       1
                cstackBANK0                          60       60       56       60       1
                bssBANK1                            100      100       3C      100       1
                bssBANK0                             B6       B6       3E       60       1
                bssCOMRAM                            59       59        4        1       1
                cinit                              1BE4     1BE4       32      708       0

TOTAL           Name                               Link     Load   Length     Space
        CLASS   STACK          

        CLASS   CODE           
                intcodelo                            18       18        E         0
                intcode                               8        8        6         0
                init                                 26       26        4         0
                reset_vec                             0        0        4         0
                intcode_body                       1D24     1D24        4         0
                text32                             1CCA     1CCA       1A         0
                text31                             1CAA     1CAA       20         0
                text30                             1C16     1C16       2A         0
                text29                             1C68     1C68       22         0
                text28                             1C40     1C40       28         0
                text27                             1D1A     1D1A        A         0
                text26                             1D10     1D10        A         0
                text25                             1CFA     1CFA        C         0
                text24                             1C8A     1C8A       20         0
                text23                             1AFA     1AFA       40         0
                text22                             1A78     1A78       42         0
                text21                             1D06     1D06        A         0
                text20                             19A0     19A0       50         0
                text19                             1950     1950       50         0
                text18                             1900     1900       50         0
                text17                             18B0     18B0       50         0
                text16                             1A34     1A34       44         0
                text15                             1B3A     1B3A       3C         0
                text14                             1CE4     1CE4       16         0
                text13                             1B76     1B76       38         0
                text12                             12A6     12A6      188         0
                text11                             142E     142E      164         0
                text10                             1ABA     1ABA       40         0
                text9                              1D28     1D28        2         0
                text8                              166C     166C       CA         0
                text7                              19F0     19F0       44         0
                text6                              1BAE     1BAE       36         0
                text5                              1736     1736       C6         0
                text4                               E10      E10      2E2         0
                text3                              10F2     10F2      1B4         0
                text2                              17FC     17FC       62         0
                text1                              185E     185E       52         0
                text0                              1592     1592       DA         0
                cinit                              1BE4     1BE4       32         0

        CLASS   CONST          

        CLASS   SMALLCONST     
                smallconst                          E00      E00       10         0

        CLASS   MEDIUMCONST    

        CLASS   COMRAM         
                temp                                 5D       5D        1         1
                cstackCOMRAM                          1        1       58         1
                bssCOMRAM                            59       59        4         1

        CLASS   ABS1           

        CLASS   BIGRAM         

        CLASS   RAM            

        CLASS   BANK0          
                cstackBANK0                          60       60       56         1
                bssBANK0                             B6       B6       3E         1

        CLASS   BANK1          
                bssBANK1                            100      100       3C         1

        CLASS   BANK2          

        CLASS   BANK3          

        CLASS   BANK4          

        CLASS   BANK5          

        CLASS   BANK6          

        CLASS   BANK7          

        CLASS   BANK8          

        CLASS   BANK9          

        CLASS   BANK10         

        CLASS   BANK11         

        CLASS   BANK12         

        CLASS   BANK13         

        CLASS   SFR            

        CLASS   CONFIG         
                config                           300000   300000        C         4

        CLASS   IDLOC          
                idloc                            200000   200000       10         5

        CLASS   EEDATA         

        CLASS   FARRAM         



SEGMENTS        Name                           Load    Length   Top    Selector   Space  Class

                reset_vec                      000000  000004  000004         0       0  CODE    
                cstackCOMRAM                   000001  00005D  00005E         1       1  COMRAM  
                intcode                        000008  000006  00000E         4       0  CODE    
                intcodelo                      000018  000012  00002A         C       0  CODE    
                cstackBANK0                    000060  000094  0000F4        60       1  BANK0   
                bssBANK1                       000100  00003C  00013C       100       1  BANK1   
                smallconst                     000E00  000010  000E10       700       0  SMALLCON
                text4                          000E10  000F1A  001D2A       708       0  CODE    


UNUSED ADDRESS RANGES

        Name                Unused          Largest block    Delta
        BANK0            0000F4-0000FF                C
        BANK1            00013C-0001FF               C4
        BANK10           000A00-000AFF              100
        BANK11           000B00-000BFF              100
        BANK12           000C00-000CFF              100
        BANK13           000D00-000DE9               EA
        BANK2            000200-0002FF              100
        BANK3            000300-0003FF              100
        BANK4            000400-0004FF              100
        BANK5            000500-0005FF              100
        BANK6            000600-0006FF              100
        BANK7            000700-0007FF              100
        BANK8            000800-0008FF              100
        BANK9            000900-0009FF              100
        BIGRAM           00005E-00005F                2
                         0000F4-0000FF                C
                         00013C-000DE9              CAE
        CODE             000004-000007                4
                         00000E-000017                A
                         00002A-000DFF              DD6
                         001D2A-01FFFF            1E2D6
        COMRAM           00005E-00005F                2
        CONST            000004-000007                4
                         00000E-000017                A
                         00002A-000DFF              DD6
                         001D2A-01FFFF            1E2D6
        EEDATA           310000-3103FF              400
        MEDIUMCONST      001D2A-00FFFF             E2D6
                         010E00-01FFFF             F200
        RAM              0000F4-0000FF                C
                         00013C-000DE9              100
        SFR              000DEF-000FFF              100
        SMALLCONST       001D2A-01FFFF              100
        STACK            00013C-000DE9              CAE

                                  Symbol Table

?___aodiv                           cstackCOMRAM 000002
?___aomod                           cstackCOMRAM 000002
?_abs                               cstackCOMRAM 000014
?_colorclick_readBlue               cstackCOMRAM 000006
?_colorclick_readClear              cstackCOMRAM 000006
?_colorclick_readColour             cstackCOMRAM 00000D
?_colorclick_readGreen              cstackCOMRAM 000006
?_colorclick_readRed                cstackCOMRAM 000006
?_dtoa                              cstackCOMRAM 00001D
?_pad                               cstackCOMRAM 000012
?_sprintf                           cstackBANK0  000060
?_strlen                            cstackCOMRAM 000002
?_vfpfcnvrt                         cstackCOMRAM 000041
?_vfprintf                          cstackCOMRAM 000051
I2C_2_Master_Read@ack               cstackCOMRAM 000004
I2C_2_Master_Read@tmp               cstackCOMRAM 000005
I2C_2_Master_Write@data_byte        cstackCOMRAM 000003
_ADCON0bits                         (abs)        000F60
_ADC_init                           text32       001CCA
_ADPCH                              (abs)        000F5F
_ADREFbits                          (abs)        000F58
_ADRESH                             (abs)        000F64
_ANSELBbits                         (abs)        000E9A
_ANSELDbits                         (abs)        000EA7
_ANSELFbits                         (abs)        000EB4
_BAUD4CONbits                       (abs)        000EE9
_EUSART4RXbuf                       bssBANK0     0000B6
_EUSART4TXbuf                       bssBANK1     000100
_HighISR                            intcode      000008
_I2C_2_Master_Idle                  text28       001C40
_I2C_2_Master_Init                  text30       001C16
_I2C_2_Master_Read                  text22       001A78
_I2C_2_Master_RepStart              text21       001D06
_I2C_2_Master_Start                 text27       001D1A
_I2C_2_Master_Stop                  text26       001D10
_I2C_2_Master_Write                 text25       001CFA
_INTCONbits                         (abs)        000FF2
_IPR0bits                           (abs)        000E1F
_LATAbits                           (abs)        000F79
_LATCbits                           (abs)        000F7B
_LATDbits                           (abs)        000F7C
_LATEbits                           (abs)        000F7D
_LATFbits                           (abs)        000F7E
_LATGbits                           (abs)        000F7F
_LATHbits                           (abs)        000F80
_LowISR                             intcodelo    000018
_PIE0bits                           (abs)        000E29
_PIE4bits                           (abs)        000E2D
_PIR4bits                           (abs)        000E37
_PWM6CONbits                        (abs)        000FA4
_PWM6DCH                            (abs)        000FA3
_PWM7CONbits                        (abs)        000FA1
_PWM7DCH                            (abs)        000FA0
_RC0PPS                             (abs)        000E62
_RC4REG                             (abs)        000EE3
_RC4STAbits                         (abs)        000EE7
_RC7PPS                             (abs)        000E69
_RD5PPS                             (abs)        000E6F
_RD6PPS                             (abs)        000E70
_RE2PPS                             (abs)        000E74
_RX4PPS                             (abs)        000E15
_RxBufReadCnt                       bssCOMRAM    00005B
_RxBufWriteCnt                      bssCOMRAM    00005C
_SP4BRGH                            (abs)        000EE6
_SP4BRGL                            (abs)        000EE5
_SSP2ADD                            (abs)        000ED6
_SSP2BUF                            (abs)        000ED5
_SSP2CLKPPS                         (abs)        000E1C
_SSP2CON1bits                       (abs)        000ED9
_SSP2CON2                           (abs)        000EDA
_SSP2CON2bits                       (abs)        000EDA
_SSP2DATPPS                         (abs)        000E1D
_SSP2STAT                           (abs)        000ED8
_T2CLKCONbits                       (abs)        000FBF
_T2CONbits                          (abs)        000FBD
_T2HLTbits                          (abs)        000FBE
_T2PR                               (abs)        000FBC
_TRISAbits                          (abs)        000F81
_TRISBbits                          (abs)        000F82
_TRISCbits                          (abs)        000F83
_TRISDbits                          (abs)        000F84
_TRISEbits                          (abs)        000F85
_TRISFbits                          (abs)        000F86
_TRISGbits                          (abs)        000F87
_TRISHbits                          (abs)        000F88
_TX4REG                             (abs)        000EE4
_TX4STAbits                         (abs)        000EE8
_TxBufReadCnt                       bssCOMRAM    000059
_TxBufWriteCnt                      bssCOMRAM    00005A
_USART4_init                        text31       001CAA
__HRAM                              (abs)        000000
__Habs1                             abs1         000000
__Hbank0                            bank0        000000
__Hbank1                            bank1        000000
__Hbank10                           bank10       000000
__Hbank11                           bank11       000000
__Hbank12                           bank12       000000
__Hbank13                           bank13       000000
__Hbank2                            bank2        000000
__Hbank3                            bank3        000000
__Hbank4                            bank4        000000
__Hbank5                            bank5        000000
__Hbank6                            bank6        000000
__Hbank7                            bank7        000000
__Hbank8                            bank8        000000
__Hbank9                            bank9        000000
__Hbigbss                           bigbss       000000
__Hbigdata                          bigdata      000000
__Hbigram                           bigram       000000
__Hbss                              bss          000000
__HbssBANK0                         bssBANK0     000000
__HbssBANK1                         bssBANK1     000000
__HbssCOMRAM                        bssCOMRAM    000000
__Hcinit                            cinit        000000
__Hclrtext                          clrtext      000000
__Hcomram                           comram       000000
__Hconfig                           config       30000C
__Hconst                            const        000000
__HcstackBANK0                      cstackBANK0  000000
__HcstackCOMRAM                     cstackCOMRAM 000000
__Hdata                             data         000000
__Heeprom_data                      eeprom_data  000000
__Hfarbss                           farbss       000000
__Hfardata                          fardata      000000
__Hibigdata                         ibigdata     000000
__Hidata                            idata        000000
__Hidloc                            idloc        200010
__Hifardata                         ifardata     000000
__Hinit                             init         00002A
__Hintcode                          intcode      00000E
__Hintcode_body                     intcode_body 000000
__Hintcodelo                        intcodelo    000026
__Hintentry                         intentry     000000
__Hintret                           intret       000000
__Hintsave_regs                     intsave_regs 000000
__Hirdata                           irdata       000000
__Hmediumconst                      mediumconst  000000
__HnvFARRAM                         nvFARRAM     000000
__Hnvbit                            nvbit        000000
__Hnvrram                           nvrram       000000
__Hparam                            rparam       000000
__Hpowerup                          powerup      000026
__Hram                              ram          000000
__Hramtop                           ramtop       000E00
__Hrbit                             rbit         000000
__Hrbss                             rbss         000000
__Hrdata                            rdata        000000
__Hreset_vec                        reset_vec    000004
__Hrparam                           rparam       000000
__Hsfr                              sfr          000000
__Hsmallconst                       smallconst   000E10
__Hspace_0                          (abs)        001D2A
__Hspace_1                          (abs)        00013C
__Hspace_2                          (abs)        000000
__Hspace_4                          (abs)        60000C
__Hstack                            stack        000000
__Hstruct                           struct       000000
__Htemp                             temp         00005E
__Htext                             text         000000
__Htext0                            text0        000000
__Htext1                            text1        000000
__Htext10                           text10       000000
__Htext11                           text11       000000
__Htext12                           text12       000000
__Htext13                           text13       000000
__Htext14                           text14       000000
__Htext15                           text15       000000
__Htext16                           text16       000000
__Htext17                           text17       000000
__Htext18                           text18       000000
__Htext19                           text19       000000
__Htext2                            text2        000000
__Htext20                           text20       000000
__Htext21                           text21       000000
__Htext22                           text22       000000
__Htext23                           text23       000000
__Htext24                           text24       000000
__Htext25                           text25       000000
__Htext26                           text26       000000
__Htext27                           text27       000000
__Htext28                           text28       000000
__Htext29                           text29       000000
__Htext3                            text3        000000
__Htext30                           text30       000000
__Htext31                           text31       000000
__Htext32                           text32       000000
__Htext4                            text4        000000
__Htext5                            text5        000000
__Htext6                            text6        000000
__Htext7                            text7        000000
__Htext8                            text8        000000
__Htext9                            text9        000000
__LRAM                              (abs)        000001
__Labs1                             abs1         000000
__Lbank0                            bank0        000000
__Lbank1                            bank1        000000
__Lbank10                           bank10       000000
__Lbank11                           bank11       000000
__Lbank12                           bank12       000000
__Lbank13                           bank13       000000
__Lbank2                            bank2        000000
__Lbank3                            bank3        000000
__Lbank4                            bank4        000000
__Lbank5                            bank5        000000
__Lbank6                            bank6        000000
__Lbank7                            bank7        000000
__Lbank8                            bank8        000000
__Lbank9                            bank9        000000
__Lbigbss                           bigbss       000000
__Lbigdata                          bigdata      000000
__Lbigram                           bigram       000000
__Lbss                              bss          000000
__LbssBANK0                         bssBANK0     000000
__LbssBANK1                         bssBANK1     000000
__LbssCOMRAM                        bssCOMRAM    000000
__Lcinit                            cinit        000000
__Lclrtext                          clrtext      000000
__Lcomram                           comram       000000
__Lconfig                           config       000000
__Lconst                            const        000000
__LcstackBANK0                      cstackBANK0  000000
__LcstackCOMRAM                     cstackCOMRAM 000000
__Ldata                             data         000000
__Leeprom_data                      eeprom_data  000000
__Lfarbss                           farbss       000000
__Lfardata                          fardata      000000
__Libigdata                         ibigdata     000000
__Lidata                            idata        000000
__Lidloc                            idloc        000000
__Lifardata                         ifardata     000000
__Linit                             init         000026
__Lintcode                          intcode      000008
__Lintcode_body                     intcode_body 000000
__Lintcodelo                        intcodelo    000018
__Lintentry                         intentry     000000
__Lintret                           intret       000000
__Lintsave_regs                     intsave_regs 000000
__Lirdata                           irdata       000000
__Lmediumconst                      mediumconst  000000
__LnvFARRAM                         nvFARRAM     000000
__Lnvbit                            nvbit        000000
__Lnvrram                           nvrram       000000
__Lparam                            rparam       000000
__Lpowerup                          powerup      000026
__Lram                              ram          000000
__Lramtop                           ramtop       000E00
__Lrbit                             rbit         000000
__Lrbss                             rbss         000000
__Lrdata                            rdata        000000
__Lreset_vec                        reset_vec    000000
__Lrparam                           rparam       000000
__Lsfr                              sfr          000000
__Lsmallconst                       smallconst   000E00
__Lspace_0                          (abs)        000000
__Lspace_1                          (abs)        000000
__Lspace_2                          (abs)        000000
__Lspace_4                          (abs)        000000
__Lstack                            stack        000000
__Lstruct                           struct       000000
__Ltemp                             temp         00005D
__Ltext                             text         000000
__Ltext0                            text0        000000
__Ltext1                            text1        000000
__Ltext10                           text10       000000
__Ltext11                           text11       000000
__Ltext12                           text12       000000
__Ltext13                           text13       000000
__Ltext14                           text14       000000
__Ltext15                           text15       000000
__Ltext16                           text16       000000
__Ltext17                           text17       000000
__Ltext18                           text18       000000
__Ltext19                           text19       000000
__Ltext2                            text2        000000
__Ltext20                           text20       000000
__Ltext21                           text21       000000
__Ltext22                           text22       000000
__Ltext23                           text23       000000
__Ltext24                           text24       000000
__Ltext25                           text25       000000
__Ltext26                           text26       000000
__Ltext27                           text27       000000
__Ltext28                           text28       000000
__Ltext29                           text29       000000
__Ltext3                            text3        000000
__Ltext30                           text30       000000
__Ltext31                           text31       000000
__Ltext32                           text32       000000
__Ltext4                            text4        000000
__Ltext5                            text5        000000
__Ltext6                            text6        000000
__Ltext7                            text7        000000
__Ltext8                            text8        000000
__Ltext9                            text9        000000
__S0                                (abs)        001D2A
__S1                                (abs)        00013C
__S2                                (abs)        000000
__S4                                (abs)        000000
__S5                                (abs)        000000
___aodiv                            text12       0012A6
___aodiv@counter                    cstackCOMRAM 000012
___aodiv@dividend                   cstackCOMRAM 000002
___aodiv@divisor                    cstackCOMRAM 00000A
___aodiv@quotient                   cstackCOMRAM 000014
___aodiv@sign                       cstackCOMRAM 000013
___aomod                            text11       00142E
___aomod@counter                    cstackCOMRAM 000012
___aomod@dividend                   cstackCOMRAM 000002
___aomod@divisor                    cstackCOMRAM 00000A
___aomod@sign                       cstackCOMRAM 000013
___inthi_sp                         stack        000000
___intlo_sp                         stack        000000
___param_bank                       (abs)        000000
___rparam_used                      (abs)        000001
___sp                               stack        000000
__accesstop                         (abs)        000060
__activetblptr                      (abs)        000001
__end_of_ADC_init                   text32       001CE4
__end_of_HighISR                    intcode_body 001D28
__end_of_I2C_2_Master_Idle          text28       001C68
__end_of_I2C_2_Master_Init          text30       001C40
__end_of_I2C_2_Master_Read          text22       001ABA
__end_of_I2C_2_Master_RepStart      text21       001D10
__end_of_I2C_2_Master_Start         text27       001D24
__end_of_I2C_2_Master_Stop          text26       001D1A
__end_of_I2C_2_Master_Write         text25       001D06
__end_of_LowISR                     intcodelo    000026
__end_of_USART4_init                text31       001CCA
__end_of___aodiv                    text12       00142E
__end_of___aomod                    text11       001592
__end_of__initialization            cinit        001C04
__end_of_abs                        text10       001AFA
__end_of_colorclick_init            text23       001B3A
__end_of_colorclick_readBlue        text20       0019F0
__end_of_colorclick_readClear       text19       0019A0
__end_of_colorclick_readColour      text16       001A78
__end_of_colorclick_readGreen       text18       001950
__end_of_colorclick_readRed         text17       001900
__end_of_colorclick_toggleClearLED  text29       001C8A
__end_of_colorclick_writetoaddr     text24       001CAA
__end_of_dtoa                       text4        0010F2
__end_of_fputc                      text8        001736
__end_of_fputs                      text7        001A34
__end_of_interrupts_init            text15       001B76
__end_of_main                       text0        00166C
__end_of_pad                        text5        0017FC
__end_of_putch                      text9        001D2A
__end_of_sendCharSerial4            text14       001CFA
__end_of_sendStringSerial4          text13       001BAE
__end_of_sprintf                    text1        0018B0
__end_of_strlen                     text6        001BE4
__end_of_vfpfcnvrt                  text3        0012A6
__end_of_vfprintf                   text2        00185E
__initialization                    cinit        001BE4
__mediumconst                       mediumconst  000000
__pbssBANK0                         bssBANK0     0000B6
__pbssBANK1                         bssBANK1     000100
__pbssCOMRAM                        bssCOMRAM    000059
__pcinit                            cinit        001BE4
__pcstackBANK0                      cstackBANK0  000060
__pcstackCOMRAM                     cstackCOMRAM 000001
__pintcode                          intcode      000008
__pintcode_body                     intcode_body 001D24
__pintcodelo                        intcodelo    000018
__psmallconst                       smallconst   000E00
__ptext0                            text0        001592
__ptext1                            text1        00185E
__ptext10                           text10       001ABA
__ptext11                           text11       00142E
__ptext12                           text12       0012A6
__ptext13                           text13       001B76
__ptext14                           text14       001CE4
__ptext15                           text15       001B3A
__ptext16                           text16       001A34
__ptext17                           text17       0018B0
__ptext18                           text18       001900
__ptext19                           text19       001950
__ptext2                            text2        0017FC
__ptext20                           text20       0019A0
__ptext21                           text21       001D06
__ptext22                           text22       001A78
__ptext23                           text23       001AFA
__ptext24                           text24       001C8A
__ptext25                           text25       001CFA
__ptext26                           text26       001D10
__ptext27                           text27       001D1A
__ptext28                           text28       001C40
__ptext29                           text29       001C68
__ptext3                            text3        0010F2
__ptext30                           text30       001C16
__ptext31                           text31       001CAA
__ptext32                           text32       001CCA
__ptext4                            text4        000E10
__ptext5                            text5        001736
__ptext6                            text6        001BAE
__ptext7                            text7        0019F0
__ptext8                            text8        00166C
__ptext9                            text9        001D28
__ramtop                            ramtop       000E00
__size_of_ADC_init                  (abs)        000000
__size_of_HighISR                   (abs)        000000
__size_of_I2C_2_Master_Idle         (abs)        000000
__size_of_I2C_2_Master_Init         (abs)        000000
__size_of_I2C_2_Master_Read         (abs)        000000
__size_of_I2C_2_Master_RepStart     (abs)        000000
__size_of_I2C_2_Master_Start        (abs)        000000
__size_of_I2C_2_Master_Stop         (abs)        000000
__size_of_I2C_2_Master_Write        (abs)        000000
__size_of_LowISR                    (abs)        000000
__size_of_USART4_init               (abs)        000000
__size_of___aodiv                   (abs)        000000
__size_of___aomod                   (abs)        000000
__size_of_abs                       (abs)        000000
__size_of_colorclick_init           (abs)        000000
__size_of_colorclick_readBlue       (abs)        000000
__size_of_colorclick_readClear      (abs)        000000
__size_of_colorclick_readColour     (abs)        000000
__size_of_colorclick_readGreen      (abs)        000000
__size_of_colorclick_readRed        (abs)        000000
__size_of_colorclick_toggleClearLED (abs)        000000
__size_of_colorclick_writetoaddr    (abs)        000000
__size_of_dtoa                      (abs)        000000
__size_of_fputc                     (abs)        000000
__size_of_fputs                     (abs)        000000
__size_of_interrupts_init           (abs)        000000
__size_of_main                      (abs)        000000
__size_of_pad                       (abs)        000000
__size_of_putch                     (abs)        000000
__size_of_sendCharSerial4           (abs)        000000
__size_of_sendStringSerial4         (abs)        000000
__size_of_sprintf                   (abs)        000000
__size_of_strlen                    (abs)        000000
__size_of_vfpfcnvrt                 (abs)        000000
__size_of_vfprintf                  (abs)        000000
__smallconst                        smallconst   000E00
_abs                                text10       001ABA
_battery_flag                       bssBANK0     0000D2
_card_flag                          bssBANK0     0000D3
_colorclick_init                    text23       001AFA
_colorclick_readBlue                text20       0019A0
_colorclick_readClear               text19       001950
_colorclick_readColour              text16       001A34
_colorclick_readGreen               text18       001900
_colorclick_readRed                 text17       0018B0
_colorclick_toggleClearLED          text29       001C68
_colorclick_writetoaddr             text24       001C8A
_dbuf                               bssBANK0     0000D4
_dtoa                               text4        000E10
_dtoa$2369                          cstackCOMRAM 00002F
_flags                              bssBANK0     0000D0
_fputc                              text8        00166C
_fputs                              text7        0019F0
_interrupts_init                    text15       001B3A
_main                               text0        001592
_nout                               bssBANK0     0000CA
_pad                                text5        001736
_prec                               bssBANK0     0000CE
_putch                              text9        001D28
_sendCharSerial4                    text14       001CE4
_sendStringSerial4                  text13       001B76
_sprintf                            text1        00185E
_strlen                             text6        001BAE
_vfpfcnvrt                          text3        0010F2
_vfprintf                           text2        0017FC
_width                              bssBANK0     0000CC
abs@a                               cstackCOMRAM 000014
btemp                               temp         00005D
colorclick_readBlue@tmp             cstackCOMRAM 00000B
colorclick_readClear@tmp            cstackCOMRAM 00000B
colorclick_readColour@current       cstackCOMRAM 00000D
colorclick_readGreen@tmp            cstackCOMRAM 00000B
colorclick_readRed@tmp              cstackCOMRAM 00000B
colorclick_toggleClearLED@toggle    cstackCOMRAM 000002
colorclick_writetoaddr@address      cstackCOMRAM 000005
colorclick_writetoaddr@value        cstackCOMRAM 000004
dtoa@d                              cstackCOMRAM 00001F
dtoa@fp                             cstackCOMRAM 00001D
dtoa@i                              cstackCOMRAM 00003F
dtoa@n                              cstackCOMRAM 000037
dtoa@p                              cstackCOMRAM 000031
dtoa@s                              cstackCOMRAM 000035
dtoa@w                              cstackCOMRAM 000033
end_of_initialization               cinit        001C04
fputc@c                             cstackCOMRAM 000002
fputc@fp                            cstackCOMRAM 000004
fputs@c                             cstackCOMRAM 00000F
fputs@fp                            cstackCOMRAM 00000D
fputs@i                             cstackCOMRAM 000010
fputs@s                             cstackCOMRAM 00000B
int$flags                           temp         00005D
int_func                            intcode_body 001D24
intlevel0                           text         000000
intlevel1                           text         000000
intlevel2                           text         000000
intlevel3                           text         000000
isa$std                             (abs)        000001
isa$xinst                           (abs)        000000
main@buf                            cstackBANK0  000076
main@current                        cstackBANK0  0000AE
main@initial                        cstackBANK0  00009E
main@tmpB                           cstackBANK0  0000AA
main@tmpC                           cstackBANK0  0000AC
main@tmpG                           cstackBANK0  0000A8
main@tmpR                           cstackBANK0  0000A6
pad@buf                             cstackCOMRAM 000014
pad@fp                              cstackCOMRAM 000012
pad@i                               cstackCOMRAM 000019
pad@p                               cstackCOMRAM 000016
pad@w                               cstackCOMRAM 00001B
sendCharSerial4@charToSend          cstackCOMRAM 000002
sendStringSerial4@string            cstackCOMRAM 000004
sprintf@ap                          cstackBANK0  00006C
sprintf@f                           cstackBANK0  00006E
sprintf@fmt                         cstackBANK0  000062
sprintf@s                           cstackBANK0  000060
stackhi                             (abs)        000DE9
stacklo                             (abs)        00013C
start                               init         000026
start_initialization                cinit        001BE4
strlen@a                            cstackCOMRAM 000004
strlen@s                            cstackCOMRAM 000002
ttemp5                              temp         00005E
ttemp6                              temp         000061
ttemp7                              temp         000065
vfpfcnvrt@ap                        cstackCOMRAM 000045
vfpfcnvrt@fmt                       cstackCOMRAM 000043
vfpfcnvrt@fp                        cstackCOMRAM 000041
vfpfcnvrt@ll                        cstackCOMRAM 000049
vfprintf@ap                         cstackCOMRAM 000055
vfprintf@cfmt                       cstackCOMRAM 000057
vfprintf@fmt                        cstackCOMRAM 000053
vfprintf@fp                         cstackCOMRAM 000051
wtemp8                              temp         00005E


MODULE INFORMATION

Module		Function		Class		Link	Load	Size
C:\Program Files\Microchip\xc8\v2.32\pic\sources\c99\common\nf_sprintf.c
		_sprintf       		CODE           	185E	0000	82

C:\Program Files\Microchip\xc8\v2.32\pic\sources\c99\common\nf_sprintf.c estimated size: 82

color_click.c
		_colorclick_init		CODE           	1AFA	0000	64
		_colorclick_readColour		CODE           	1A34	0000	68
		_colorclick_readBlue		CODE           	19A0	0000	80
		_colorclick_writetoaddr		CODE           	1C8A	0000	32
		_colorclick_readGreen		CODE           	1900	0000	80
		_colorclick_toggleClearLED		CODE           	1C68	0000	34
		_colorclick_readClear		CODE           	1950	0000	80
		_colorclick_readRed		CODE           	18B0	0000	80

color_click.c estimated size: 518

serial.c
		_sendStringSerial4		CODE           	1B76	0000	56
		_sendCharSerial4		CODE           	1CE4	0000	22
		_USART4_init   		CODE           	1CAA	0000	32

serial.c estimated size: 110

C:\Program Files\Microchip\xc8\v2.32\pic\sources\c99\common\doprnt.c
		_vfpfcnvrt     		CODE           	10F2	0000	436
		_pad           		CODE           	1736	0000	198
		_dtoa          		CODE           	0E10	0000	738
		_vfprintf      		CODE           	17FC	0000	98

C:\Program Files\Microchip\xc8\v2.32\pic\sources\c99\common\doprnt.c estimated size: 1470

interrupts.c
		_interrupts_init		CODE           	1B3A	0000	60
		_LowISR        		CODE           	0018	0000	14
		_HighISR       		CODE           	0008	0000	10

interrupts.c estimated size: 84

i2c.c
		_I2C_2_Master_Start		CODE           	1D1A	0000	10
		_I2C_2_Master_Read		CODE           	1A78	0000	66
		_I2C_2_Master_Idle		CODE           	1C40	0000	40
		_I2C_2_Master_Init		CODE           	1C16	0000	42
		_I2C_2_Master_Stop		CODE           	1D10	0000	10
		_I2C_2_Master_RepStart		CODE           	1D06	0000	10
		_I2C_2_Master_Write		CODE           	1CFA	0000	12

i2c.c estimated size: 190

C:\Program Files\Microchip\xc8\v2.32\pic\sources\c99\common\nf_fputs.c
		_fputs         		CODE           	19F0	0000	68

C:\Program Files\Microchip\xc8\v2.32\pic\sources\c99\common\nf_fputs.c estimated size: 68

C:\Program Files\Microchip\xc8\v2.32\pic\sources\c99\common\putch.c
		_putch         		CODE           	1D28	0000	2

C:\Program Files\Microchip\xc8\v2.32\pic\sources\c99\common\putch.c estimated size: 2

C:\Program Files\Microchip\xc8\v2.32\pic\sources\c99\common\abs.c
		_abs           		CODE           	1ABA	0000	64

C:\Program Files\Microchip\xc8\v2.32\pic\sources\c99\common\abs.c estimated size: 64

C:\Program Files\Microchip\xc8\v2.32\pic\sources\c99\common\aomod.c
		___aomod       		CODE           	142E	0000	356

C:\Program Files\Microchip\xc8\v2.32\pic\sources\c99\common\aomod.c estimated size: 356

shared
		__initialization		CODE           	1BE4	0000	32

shared estimated size: 32

ADC.c
		_ADC_init      		CODE           	1CCA	0000	26

ADC.c estimated size: 26

C:\Program Files\Microchip\xc8\v2.32\pic\sources\c99\common\nf_fputc.c
		_fputc         		CODE           	166C	0000	202

C:\Program Files\Microchip\xc8\v2.32\pic\sources\c99\common\nf_fputc.c estimated size: 202

C:\Program Files\Microchip\xc8\v2.32\pic\sources\c99\common\aodiv.c
		___aodiv       		CODE           	12A6	0000	392

C:\Program Files\Microchip\xc8\v2.32\pic\sources\c99\common\aodiv.c estimated size: 392

main.c
		_main          		CODE           	1592	0000	218

main.c estimated size: 218

C:\Program Files\Microchip\xc8\v2.32\pic\sources\c99\common\strlen.c
		_strlen        		CODE           	1BAE	0000	54

C:\Program Files\Microchip\xc8\v2.32\pic\sources\c99\common\strlen.c estimated size: 54

