Microchip MPLAB XC8 Compiler V2.32

Linker command line:

-W-3 --edf=/Applications/microchip/xc8/v2.32/pic/dat/en_msgs.txt -cn \
  -h+dist/default/production/final-project-tues-amanda-sara.X.production.sym \
  --cmf=dist/default/production/final-project-tues-amanda-sara.X.production.cmf \
  -z -Q18F67K40 -o/tmp/xcwG0eN2N --defsym=__MPLAB_BUILD=1 \
  -Mdist/default/production/final-project-tues-amanda-sara.X.production.map \
  -E1 -ver=XC8 Compiler --acfsm=1493 -ASTACK=015Ch-0DE9h -pstack=STACK \
  -ACODE=00h-01FFFFh -ACONST=00h-01FFFFh -ASMALLCONST=0E00h-0EFFhx498 \
  -AMEDIUMCONST=0E00h-0FFFFh,010E00h-01FFFFh -ACOMRAM=01h-05Fh \
  -AABS1=00h-0DE9h -ABIGRAM=01h-0DE9h \
  -ARAM=060h-0FFh,0100h-01FFhx12,0D00h-0DE9h -ABANK0=060h-0FFh \
  -ABANK1=0100h-01FFh -ABANK2=0200h-02FFh -ABANK3=0300h-03FFh \
  -ABANK4=0400h-04FFh -ABANK5=0500h-05FFh -ABANK6=0600h-06FFh \
  -ABANK7=0700h-07FFh -ABANK8=0800h-08FFh -ABANK9=0900h-09FFh \
  -ABANK10=0A00h-0AFFh -ABANK11=0B00h-0BFFh -ABANK12=0C00h-0CFFh \
  -ABANK13=0D00h-0DE9h \
  -ASFR=0DEFh-0DFFh,0E00h-0EFFh,0F00h-0F5Fh,0F60h-0FFFh \
  -ACONFIG=0300000h-030000Bh -AIDLOC=0200000h-020000Fh \
  -AEEDATA=0310000h-03103FFh -peeprom_data=EEDATA \
  -preset_vec=00h,intcode=08h,intcodelo=018h,powerup,init -pramtop=0E00h \
  -psmallconst=SMALLCONST -pmediumconst=MEDIUMCONST -pconst=CONST \
  -AFARRAM=00h-00h \
  -prdata=COMRAM,nvrram=COMRAM,nvbit=COMRAM,rbss=COMRAM,rbit=COMRAM \
  -pfarbss=FARRAM,fardata=FARRAM,nvFARRAM=FARRAM \
  -pintsave_regs=BIGRAM,bigbss=BIGRAM,bigdata=BIGRAM -pbss=RAM \
  -pidata=CODE,irdata=CODE,ibigdata=CODE,ifardata=CODE -prparam=COMRAM \
  /tmp/xcqbJjMzH.o \
  dist/default/production/final-project-tues-amanda-sara.X.production.o 

Object code version is 3.11

Machine type is 18F67K40



                Name                               Link     Load   Length Selector   Space Scale
/tmp/xcqbJjMzH.o
                idloc                            200000   200000       10        0       5
                config                           300000   300000        C        0       4
                init                                 26       26        4        C       0
                reset_vec                             0        0        4        0       0
dist/default/production/final-project-tues-amanda-sara.X.production.o
                intcodelo                            18       18        E        C       0
                intcode                               8        8        6        4       0
                idloc                            200000   200000       10        0       5
                config                           300000   300000        C        0       4
                temp                                 5D       5D        1        1       1
                smallconst                          E00      E00       10      700       0
                intcode_body                       26F8     26F8       26      708       0
                text42                             27A0     27A0       1A      708       0
                text41                             27D2     27D2       16      708       0
                text40                             282C     282C        A      708       0
                text39                             2802     2802        C      708       0
                text38                             2474     2474       50      708       0
                text37                             2780     2780       20      708       0
                text36                             2760     2760       20      708       0
                text35                             26A6     26A6       2A      708       0
                text34                             271E     271E       22      708       0
                text33                             26D0     26D0       28      708       0
                text32                             2822     2822        A      708       0
                text31                             2818     2818        A      708       0
                text30                             27F6     27F6        C      708       0
                text29                             2740     2740       20      708       0
                text28                             25CE     25CE       40      708       0
                text27                             254C     254C       42      708       0
                text26                             280E     280E        A      708       0
                text25                             2424     2424       50      708       0
                text24                             23D4     23D4       50      708       0
                text23                             2384     2384       50      708       0
                text22                             2334     2334       50      708       0
                text21                             2508     2508       44      708       0
                text20                             27E8     27E8        E      708       0
                text19                             27BA     27BA       18      708       0
                text18                             2676     2676       30      708       0
                text17                             1B86     1B86      188      708       0
                text16                             1D0E     1D0E      164      708       0
                text15                             258E     258E       40      708       0
                text14                             2836     2836        2      708       0
                text13                             207C     207C       CA      708       0
                text12                             24C4     24C4       44      708       0
                text11                             260E     260E       36      708       0
                text10                             2146     2146       C6      708       0
                text9                              13AA     13AA      2E4      708       0
                text8                              1842     1842      1B4      708       0
                text7                              2280     2280       62      708       0
                text6                              22E2     22E2       52      708       0
                text5                              1F78     1F78      104      708       0
                text4                              1E72     1E72      106      708       0
                text3                              220C     220C       74      708       0
                text2                              168E     168E      1B4      708       0
                text1                               E10      E10      59A      708       0
                text0                              19F6     19F6      190      708       0
                cstackCOMRAM                          1        1       58        1       1
                cstackBANK0                          60       60       62       60       1
                bssBANK1                            100      100       5C      100       1
                bssBANK0                             C2       C2       24       60       1
                bssCOMRAM                            59       59        4        1       1
                cinit                              2644     2644       32      708       0

TOTAL           Name                               Link     Load   Length     Space
        CLASS   STACK          

        CLASS   CODE           
                intcodelo                            18       18        E         0
                intcode                               8        8        6         0
                init                                 26       26        4         0
                reset_vec                             0        0        4         0
                intcode_body                       26F8     26F8       26         0
                text42                             27A0     27A0       1A         0
                text41                             27D2     27D2       16         0
                text40                             282C     282C        A         0
                text39                             2802     2802        C         0
                text38                             2474     2474       50         0
                text37                             2780     2780       20         0
                text36                             2760     2760       20         0
                text35                             26A6     26A6       2A         0
                text34                             271E     271E       22         0
                text33                             26D0     26D0       28         0
                text32                             2822     2822        A         0
                text31                             2818     2818        A         0
                text30                             27F6     27F6        C         0
                text29                             2740     2740       20         0
                text28                             25CE     25CE       40         0
                text27                             254C     254C       42         0
                text26                             280E     280E        A         0
                text25                             2424     2424       50         0
                text24                             23D4     23D4       50         0
                text23                             2384     2384       50         0
                text22                             2334     2334       50         0
                text21                             2508     2508       44         0
                text20                             27E8     27E8        E         0
                text19                             27BA     27BA       18         0
                text18                             2676     2676       30         0
                text17                             1B86     1B86      188         0
                text16                             1D0E     1D0E      164         0
                text15                             258E     258E       40         0
                text14                             2836     2836        2         0
                text13                             207C     207C       CA         0
                text12                             24C4     24C4       44         0
                text11                             260E     260E       36         0
                text10                             2146     2146       C6         0
                text9                              13AA     13AA      2E4         0
                text8                              1842     1842      1B4         0
                text7                              2280     2280       62         0
                text6                              22E2     22E2       52         0
                text5                              1F78     1F78      104         0
                text4                              1E72     1E72      106         0
                text3                              220C     220C       74         0
                text2                              168E     168E      1B4         0
                text1                               E10      E10      59A         0
                text0                              19F6     19F6      190         0
                cinit                              2644     2644       32         0

        CLASS   CONST          

        CLASS   SMALLCONST     
                smallconst                          E00      E00       10         0

        CLASS   MEDIUMCONST    

        CLASS   COMRAM         
                temp                                 5D       5D        1         1
                cstackCOMRAM                          1        1       58         1
                bssCOMRAM                            59       59        4         1

        CLASS   ABS1           

        CLASS   BIGRAM         

        CLASS   RAM            

        CLASS   BANK0          
                cstackBANK0                          60       60       62         1
                bssBANK0                             C2       C2       24         1

        CLASS   BANK1          
                bssBANK1                            100      100       5C         1

        CLASS   BANK2          

        CLASS   BANK3          

        CLASS   BANK4          

        CLASS   BANK5          

        CLASS   BANK6          

        CLASS   BANK7          

        CLASS   BANK8          

        CLASS   BANK9          

        CLASS   BANK10         

        CLASS   BANK11         

        CLASS   BANK12         

        CLASS   BANK13         

        CLASS   SFR            

        CLASS   CONFIG         
                config                           300000   300000        C         4

        CLASS   IDLOC          
                idloc                            200000   200000       10         5

        CLASS   EEDATA         

        CLASS   FARRAM         



SEGMENTS        Name                           Load    Length   Top    Selector   Space  Class

                bssBANK1                       000100  00005C  00015C       100       1  BANK1   
                text1                          000E10  001A28  002838       708       0  CODE    
                smallconst                     000E00  000010  000E10       700       0  SMALLCON
                intcodelo                      000018  000012  00002A         C       0  CODE    
                intcode                        000008  000006  00000E         4       0  CODE    
                reset_vec                      000000  000004  000004         0       0  CODE    
                cstackBANK0                    000060  000086  0000E6        60       1  BANK0   
                cstackCOMRAM                   000001  00005D  00005E         1       1  COMRAM  


UNUSED ADDRESS RANGES

        Name                Unused          Largest block    Delta
        BANK0            0000E6-0000FF               1A
        BANK1            00015C-0001FF               A4
        BANK10           000A00-000AFF              100
        BANK11           000B00-000BFF              100
        BANK12           000C00-000CFF              100
        BANK13           000D00-000DE9               EA
        BANK2            000200-0002FF              100
        BANK3            000300-0003FF              100
        BANK4            000400-0004FF              100
        BANK5            000500-0005FF              100
        BANK6            000600-0006FF              100
        BANK7            000700-0007FF              100
        BANK8            000800-0008FF              100
        BANK9            000900-0009FF              100
        BIGRAM           00005E-00005F                2
                         0000E6-0000FF               1A
                         00015C-000DE9              C8E
        CODE             000004-000007                4
                         00000E-000017                A
                         00002A-000DFF              DD6
                         002838-01FFFF            1D7C8
        COMRAM           00005E-00005F                2
        CONST            000004-000007                4
                         00000E-000017                A
                         00002A-000DFF              DD6
                         002838-01FFFF            1D7C8
        EEDATA           310000-3103FF              400
        MEDIUMCONST      002838-00FFFF             D7C8
                         010E00-01FFFF             F200
        RAM              0000E6-0000FF               1A
                         00015C-000DE9              100
        SFR              000DEF-000FFF              100
        SMALLCONST       002838-01FFFF              100
        STACK            00015C-000DE9              C8E

                                  Symbol Table

?___aodiv                           cstackCOMRAM 000002
?___aomod                           cstackCOMRAM 000002
?___fltol                           cstackCOMRAM 000002
?___lwdiv                           cstackCOMRAM 000002
?___xxtofl                          cstackCOMRAM 000009
?_abs                               cstackCOMRAM 000014
?_colorclick_readBlue               cstackCOMRAM 000006
?_colorclick_readClear              cstackCOMRAM 000006
?_colorclick_readColour             cstackCOMRAM 00000D
?_colorclick_readGreen              cstackCOMRAM 000006
?_colorclick_readRed                cstackCOMRAM 000006
?_dtoa                              cstackCOMRAM 00001D
?_pad                               cstackCOMRAM 000012
?_sprintf                           cstackBANK0  000060
?_strlen                            cstackCOMRAM 000002
?_vfpfcnvrt                         cstackCOMRAM 000041
?_vfprintf                          cstackCOMRAM 000051
DCmotors_init@PWMperiod             cstackCOMRAM 000002
I2C_2_Master_Read@ack               cstackCOMRAM 000004
I2C_2_Master_Read@tmp               cstackCOMRAM 000005
I2C_2_Master_Write@data_byte        cstackCOMRAM 000003
_ADCON0bits                         (abs)        000F60
_ADC_init                           text42       0027A0
_ADPCH                              (abs)        000F5F
_ADREFbits                          (abs)        000F58
_ADRESH                             (abs)        000F64
_ANSELDbits                         (abs)        000EA7
_ANSELFbits                         (abs)        000EB4
_BAUD4CONbits                       (abs)        000EE9
_DCmotors_init                      text38       002474
_EUSART4RXbuf                       bssBANK0     0000C2
_EUSART4TXbuf                       bssBANK1     000100
_HighISR                            intcode      000008
_I2C_2_Master_Idle                  text33       0026D0
_I2C_2_Master_Init                  text35       0026A6
_I2C_2_Master_Read                  text27       00254C
_I2C_2_Master_RepStart              text26       00280E
_I2C_2_Master_Start                 text32       002822
_I2C_2_Master_Stop                  text31       002818
_I2C_2_Master_Write                 text30       0027F6
_INTCONbits                         (abs)        000FF2
_IPR0bits                           (abs)        000E1F
_LATAbits                           (abs)        000F79
_LATCbits                           (abs)        000F7B
_LATDbits                           (abs)        000F7C
_LATE                               (abs)        000F7D
_LATEbits                           (abs)        000F7D
_LATFbits                           (abs)        000F7E
_LATG                               (abs)        000F7F
_LATGbits                           (abs)        000F7F
_LATHbits                           (abs)        000F80
_LowISR                             intcodelo    000018
_PIE0bits                           (abs)        000E29
_PIE4bits                           (abs)        000E2D
_PIR0bits                           (abs)        000E33
_PIR4bits                           (abs)        000E37
_PWM6CONbits                        (abs)        000FA4
_PWM6DCH                            (abs)        000FA3
_PWM7CONbits                        (abs)        000FA1
_PWM7DCH                            (abs)        000FA0
_RC0PPS                             (abs)        000E62
_RC4REG                             (abs)        000EE3
_RC4STAbits                         (abs)        000EE7
_RC7PPS                             (abs)        000E69
_RD5PPS                             (abs)        000E6F
_RD6PPS                             (abs)        000E70
_RE2PPS                             (abs)        000E74
_RX4PPS                             (abs)        000E15
_RxBufReadCnt                       bssBANK0     0000E4
_RxBufWriteCnt                      bssCOMRAM    00005B
_SP4BRGH                            (abs)        000EE6
_SP4BRGL                            (abs)        000EE5
_SSP2ADD                            (abs)        000ED6
_SSP2BUF                            (abs)        000ED5
_SSP2CLKPPS                         (abs)        000E1C
_SSP2CON1bits                       (abs)        000ED9
_SSP2CON2                           (abs)        000EDA
_SSP2CON2bits                       (abs)        000EDA
_SSP2DATPPS                         (abs)        000E1D
_SSP2STAT                           (abs)        000ED8
_T0CON0bits                         (abs)        000FD5
_T0CON1bits                         (abs)        000FD6
_T2CLKCONbits                       (abs)        000FBF
_T2CONbits                          (abs)        000FBD
_T2HLTbits                          (abs)        000FBE
_T2PR                               (abs)        000FBC
_TMR0H                              (abs)        000FD4
_TMR0L                              (abs)        000FD3
_TRISAbits                          (abs)        000F81
_TRISCbits                          (abs)        000F83
_TRISDbits                          (abs)        000F84
_TRISEbits                          (abs)        000F85
_TRISFbits                          (abs)        000F86
_TRISGbits                          (abs)        000F87
_TRISHbits                          (abs)        000F88
_TX4REG                             (abs)        000EE4
_TX4STAbits                         (abs)        000EE8
_Timer0_init                        text37       002780
_TxBufReadCnt                       bssCOMRAM    000059
_TxBufWriteCnt                      bssCOMRAM    00005A
_USART4_init                        text36       002760
__HRAM                              (abs)        000000
__Habs1                             abs1         000000
__Hbank0                            bank0        000000
__Hbank1                            bank1        000000
__Hbank10                           bank10       000000
__Hbank11                           bank11       000000
__Hbank12                           bank12       000000
__Hbank13                           bank13       000000
__Hbank2                            bank2        000000
__Hbank3                            bank3        000000
__Hbank4                            bank4        000000
__Hbank5                            bank5        000000
__Hbank6                            bank6        000000
__Hbank7                            bank7        000000
__Hbank8                            bank8        000000
__Hbank9                            bank9        000000
__Hbigbss                           bigbss       000000
__Hbigdata                          bigdata      000000
__Hbigram                           bigram       000000
__Hbss                              bss          000000
__HbssBANK0                         bssBANK0     000000
__HbssBANK1                         bssBANK1     000000
__HbssCOMRAM                        bssCOMRAM    000000
__Hcinit                            cinit        000000
__Hclrtext                          clrtext      000000
__Hcomram                           comram       000000
__Hconfig                           config       30000C
__Hconst                            const        000000
__HcstackBANK0                      cstackBANK0  000000
__HcstackCOMRAM                     cstackCOMRAM 000000
__Hdata                             data         000000
__Heeprom_data                      eeprom_data  000000
__Hfarbss                           farbss       000000
__Hfardata                          fardata      000000
__Hibigdata                         ibigdata     000000
__Hidata                            idata        000000
__Hidloc                            idloc        200010
__Hifardata                         ifardata     000000
__Hinit                             init         00002A
__Hintcode                          intcode      00000E
__Hintcode_body                     intcode_body 000000
__Hintcodelo                        intcodelo    000026
__Hintentry                         intentry     000000
__Hintret                           intret       000000
__Hintsave_regs                     intsave_regs 000000
__Hirdata                           irdata       000000
__Hmediumconst                      mediumconst  000000
__HnvFARRAM                         nvFARRAM     000000
__Hnvbit                            nvbit        000000
__Hnvrram                           nvrram       000000
__Hparam                            rparam       000000
__Hpowerup                          powerup      000026
__Hram                              ram          000000
__Hramtop                           ramtop       000E00
__Hrbit                             rbit         000000
__Hrbss                             rbss         000000
__Hrdata                            rdata        000000
__Hreset_vec                        reset_vec    000004
__Hrparam                           rparam       000000
__Hsfr                              sfr          000000
__Hsmallconst                       smallconst   000E10
__Hspace_0                          (abs)        002838
__Hspace_1                          (abs)        00015C
__Hspace_2                          (abs)        000000
__Hspace_4                          (abs)        60000C
__Hstack                            stack        000000
__Hstruct                           struct       000000
__Htemp                             temp         00005E
__Htext                             text         000000
__Htext0                            text0        000000
__Htext1                            text1        000000
__Htext10                           text10       000000
__Htext11                           text11       000000
__Htext12                           text12       000000
__Htext13                           text13       000000
__Htext14                           text14       000000
__Htext15                           text15       000000
__Htext16                           text16       000000
__Htext17                           text17       000000
__Htext18                           text18       000000
__Htext19                           text19       000000
__Htext2                            text2        000000
__Htext20                           text20       000000
__Htext21                           text21       000000
__Htext22                           text22       000000
__Htext23                           text23       000000
__Htext24                           text24       000000
__Htext25                           text25       000000
__Htext26                           text26       000000
__Htext27                           text27       000000
__Htext28                           text28       000000
__Htext29                           text29       000000
__Htext3                            text3        000000
__Htext30                           text30       000000
__Htext31                           text31       000000
__Htext32                           text32       000000
__Htext33                           text33       000000
__Htext34                           text34       000000
__Htext35                           text35       000000
__Htext36                           text36       000000
__Htext37                           text37       000000
__Htext38                           text38       000000
__Htext39                           text39       000000
__Htext4                            text4        000000
__Htext40                           text40       000000
__Htext41                           text41       000000
__Htext42                           text42       000000
__Htext5                            text5        000000
__Htext6                            text6        000000
__Htext7                            text7        000000
__Htext8                            text8        000000
__Htext9                            text9        000000
__LRAM                              (abs)        000001
__Labs1                             abs1         000000
__Lbank0                            bank0        000000
__Lbank1                            bank1        000000
__Lbank10                           bank10       000000
__Lbank11                           bank11       000000
__Lbank12                           bank12       000000
__Lbank13                           bank13       000000
__Lbank2                            bank2        000000
__Lbank3                            bank3        000000
__Lbank4                            bank4        000000
__Lbank5                            bank5        000000
__Lbank6                            bank6        000000
__Lbank7                            bank7        000000
__Lbank8                            bank8        000000
__Lbank9                            bank9        000000
__Lbigbss                           bigbss       000000
__Lbigdata                          bigdata      000000
__Lbigram                           bigram       000000
__Lbss                              bss          000000
__LbssBANK0                         bssBANK0     000000
__LbssBANK1                         bssBANK1     000000
__LbssCOMRAM                        bssCOMRAM    000000
__Lcinit                            cinit        000000
__Lclrtext                          clrtext      000000
__Lcomram                           comram       000000
__Lconfig                           config       000000
__Lconst                            const        000000
__LcstackBANK0                      cstackBANK0  000000
__LcstackCOMRAM                     cstackCOMRAM 000000
__Ldata                             data         000000
__Leeprom_data                      eeprom_data  000000
__Lfarbss                           farbss       000000
__Lfardata                          fardata      000000
__Libigdata                         ibigdata     000000
__Lidata                            idata        000000
__Lidloc                            idloc        000000
__Lifardata                         ifardata     000000
__Linit                             init         000026
__Lintcode                          intcode      000008
__Lintcode_body                     intcode_body 000000
__Lintcodelo                        intcodelo    000018
__Lintentry                         intentry     000000
__Lintret                           intret       000000
__Lintsave_regs                     intsave_regs 000000
__Lirdata                           irdata       000000
__Lmediumconst                      mediumconst  000000
__LnvFARRAM                         nvFARRAM     000000
__Lnvbit                            nvbit        000000
__Lnvrram                           nvrram       000000
__Lparam                            rparam       000000
__Lpowerup                          powerup      000026
__Lram                              ram          000000
__Lramtop                           ramtop       000E00
__Lrbit                             rbit         000000
__Lrbss                             rbss         000000
__Lrdata                            rdata        000000
__Lreset_vec                        reset_vec    000000
__Lrparam                           rparam       000000
__Lsfr                              sfr          000000
__Lsmallconst                       smallconst   000E00
__Lspace_0                          (abs)        000000
__Lspace_1                          (abs)        000000
__Lspace_2                          (abs)        000000
__Lspace_4                          (abs)        000000
__Lstack                            stack        000000
__Lstruct                           struct       000000
__Ltemp                             temp         00005D
__Ltext                             text         000000
__Ltext0                            text0        000000
__Ltext1                            text1        000000
__Ltext10                           text10       000000
__Ltext11                           text11       000000
__Ltext12                           text12       000000
__Ltext13                           text13       000000
__Ltext14                           text14       000000
__Ltext15                           text15       000000
__Ltext16                           text16       000000
__Ltext17                           text17       000000
__Ltext18                           text18       000000
__Ltext19                           text19       000000
__Ltext2                            text2        000000
__Ltext20                           text20       000000
__Ltext21                           text21       000000
__Ltext22                           text22       000000
__Ltext23                           text23       000000
__Ltext24                           text24       000000
__Ltext25                           text25       000000
__Ltext26                           text26       000000
__Ltext27                           text27       000000
__Ltext28                           text28       000000
__Ltext29                           text29       000000
__Ltext3                            text3        000000
__Ltext30                           text30       000000
__Ltext31                           text31       000000
__Ltext32                           text32       000000
__Ltext33                           text33       000000
__Ltext34                           text34       000000
__Ltext35                           text35       000000
__Ltext36                           text36       000000
__Ltext37                           text37       000000
__Ltext38                           text38       000000
__Ltext39                           text39       000000
__Ltext4                            text4        000000
__Ltext40                           text40       000000
__Ltext41                           text41       000000
__Ltext42                           text42       000000
__Ltext5                            text5        000000
__Ltext6                            text6        000000
__Ltext7                            text7        000000
__Ltext8                            text8        000000
__Ltext9                            text9        000000
__S0                                (abs)        002838
__S1                                (abs)        00015C
__S2                                (abs)        000000
__S4                                (abs)        000000
__S5                                (abs)        000000
___aodiv                            text17       001B86
___aodiv@counter                    cstackCOMRAM 000012
___aodiv@dividend                   cstackCOMRAM 000002
___aodiv@divisor                    cstackCOMRAM 00000A
___aodiv@quotient                   cstackCOMRAM 000014
___aodiv@sign                       cstackCOMRAM 000013
___aomod                            text16       001D0E
___aomod@counter                    cstackCOMRAM 000012
___aomod@dividend                   cstackCOMRAM 000002
___aomod@divisor                    cstackCOMRAM 00000A
___aomod@sign                       cstackCOMRAM 000013
___flge                             text5        001F78
___flge@ff1                         cstackCOMRAM 000002
___flge@ff2                         cstackCOMRAM 000006
___fltol                            text4        001E72
___fltol@exp1                       cstackCOMRAM 00000B
___fltol@f1                         cstackCOMRAM 000002
___fltol@sign1                      cstackCOMRAM 00000A
___inthi_sp                         stack        000000
___intlo_sp                         stack        000000
___lwdiv                            text3        00220C
___lwdiv@counter                    cstackCOMRAM 000008
___lwdiv@dividend                   cstackCOMRAM 000002
___lwdiv@divisor                    cstackCOMRAM 000004
___lwdiv@quotient                   cstackCOMRAM 000006
___param_bank                       (abs)        000000
___rparam_used                      (abs)        000001
___sp                               stack        000000
___xxtofl                           text2        00168E
___xxtofl@arg                       cstackCOMRAM 000013
___xxtofl@exp                       cstackCOMRAM 000012
___xxtofl@sign                      cstackCOMRAM 000011
___xxtofl@val                       cstackCOMRAM 000009
__accesstop                         (abs)        000060
__activetblptr                      (abs)        000001
__end_of_ADC_init                   text42       0027BA
__end_of_DCmotors_init              text38       0024C4
__end_of_HighISR                    intcode_body 00271E
__end_of_I2C_2_Master_Idle          text33       0026F8
__end_of_I2C_2_Master_Init          text35       0026D0
__end_of_I2C_2_Master_Read          text27       00258E
__end_of_I2C_2_Master_RepStart      text26       002818
__end_of_I2C_2_Master_Start         text32       00282C
__end_of_I2C_2_Master_Stop          text31       002822
__end_of_I2C_2_Master_Write         text30       002802
__end_of_LowISR                     intcodelo    000026
__end_of_Timer0_init                text37       0027A0
__end_of_USART4_init                text36       002780
__end_of___aodiv                    text17       001D0E
__end_of___aomod                    text16       001E72
__end_of___flge                     text5        00207C
__end_of___fltol                    text4        001F78
__end_of___lwdiv                    text3        002280
__end_of___xxtofl                   text2        001842
__end_of__initialization            cinit        002664
__end_of_abs                        text15       0025CE
__end_of_buggyLEDs_init             text41       0027E8
__end_of_clicker2LEDs_init          text40       002836
__end_of_clicker2buttons_init       text39       00280E
__end_of_colorclick_init            text28       00260E
__end_of_colorclick_readBlue        text25       002474
__end_of_colorclick_readClear       text24       002424
__end_of_colorclick_readColour      text21       00254C
__end_of_colorclick_readGreen       text23       0023D4
__end_of_colorclick_readRed         text22       002384
__end_of_colorclick_toggleClearLED  text34       002740
__end_of_colorclick_writetoaddr     text29       002760
__end_of_dtoa                       text9        00168E
__end_of_fputc                      text13       002146
__end_of_fputs                      text12       002508
__end_of_interrupts_init            text20       0027F6
__end_of_main                       text0        001B86
__end_of_pad                        text10       00220C
__end_of_putch                      text14       002838
__end_of_sendCharSerial4            text19       0027D2
__end_of_sendStringSerial4          text18       0026A6
__end_of_sprintf                    text6        002334
__end_of_stop_check                 text1        0013AA
__end_of_strlen                     text11       002644
__end_of_vfpfcnvrt                  text8        0019F6
__end_of_vfprintf                   text7        0022E2
__initialization                    cinit        002644
__mediumconst                       mediumconst  000000
__pbssBANK0                         bssBANK0     0000C2
__pbssBANK1                         bssBANK1     000100
__pbssCOMRAM                        bssCOMRAM    000059
__pcinit                            cinit        002644
__pcstackBANK0                      cstackBANK0  000060
__pcstackCOMRAM                     cstackCOMRAM 000001
__pintcode                          intcode      000008
__pintcode_body                     intcode_body 0026F8
__pintcodelo                        intcodelo    000018
__psmallconst                       smallconst   000E00
__ptext0                            text0        0019F6
__ptext1                            text1        000E10
__ptext10                           text10       002146
__ptext11                           text11       00260E
__ptext12                           text12       0024C4
__ptext13                           text13       00207C
__ptext14                           text14       002836
__ptext15                           text15       00258E
__ptext16                           text16       001D0E
__ptext17                           text17       001B86
__ptext18                           text18       002676
__ptext19                           text19       0027BA
__ptext2                            text2        00168E
__ptext20                           text20       0027E8
__ptext21                           text21       002508
__ptext22                           text22       002334
__ptext23                           text23       002384
__ptext24                           text24       0023D4
__ptext25                           text25       002424
__ptext26                           text26       00280E
__ptext27                           text27       00254C
__ptext28                           text28       0025CE
__ptext29                           text29       002740
__ptext3                            text3        00220C
__ptext30                           text30       0027F6
__ptext31                           text31       002818
__ptext32                           text32       002822
__ptext33                           text33       0026D0
__ptext34                           text34       00271E
__ptext35                           text35       0026A6
__ptext36                           text36       002760
__ptext37                           text37       002780
__ptext38                           text38       002474
__ptext39                           text39       002802
__ptext4                            text4        001E72
__ptext40                           text40       00282C
__ptext41                           text41       0027D2
__ptext42                           text42       0027A0
__ptext5                            text5        001F78
__ptext6                            text6        0022E2
__ptext7                            text7        002280
__ptext8                            text8        001842
__ptext9                            text9        0013AA
__ramtop                            ramtop       000E00
__size_of_ADC_init                  (abs)        000000
__size_of_DCmotors_init             (abs)        000000
__size_of_HighISR                   (abs)        000000
__size_of_I2C_2_Master_Idle         (abs)        000000
__size_of_I2C_2_Master_Init         (abs)        000000
__size_of_I2C_2_Master_Read         (abs)        000000
__size_of_I2C_2_Master_RepStart     (abs)        000000
__size_of_I2C_2_Master_Start        (abs)        000000
__size_of_I2C_2_Master_Stop         (abs)        000000
__size_of_I2C_2_Master_Write        (abs)        000000
__size_of_LowISR                    (abs)        000000
__size_of_Timer0_init               (abs)        000000
__size_of_USART4_init               (abs)        000000
__size_of___aodiv                   (abs)        000000
__size_of___aomod                   (abs)        000000
__size_of___flge                    (abs)        000000
__size_of___fltol                   (abs)        000000
__size_of___lwdiv                   (abs)        000000
__size_of___xxtofl                  (abs)        000000
__size_of_abs                       (abs)        000000
__size_of_buggyLEDs_init            (abs)        000000
__size_of_clicker2LEDs_init         (abs)        000000
__size_of_clicker2buttons_init      (abs)        000000
__size_of_colorclick_init           (abs)        000000
__size_of_colorclick_readBlue       (abs)        000000
__size_of_colorclick_readClear      (abs)        000000
__size_of_colorclick_readColour     (abs)        000000
__size_of_colorclick_readGreen      (abs)        000000
__size_of_colorclick_readRed        (abs)        000000
__size_of_colorclick_toggleClearLED (abs)        000000
__size_of_colorclick_writetoaddr    (abs)        000000
__size_of_dtoa                      (abs)        000000
__size_of_fputc                     (abs)        000000
__size_of_fputs                     (abs)        000000
__size_of_interrupts_init           (abs)        000000
__size_of_main                      (abs)        000000
__size_of_pad                       (abs)        000000
__size_of_putch                     (abs)        000000
__size_of_sendCharSerial4           (abs)        000000
__size_of_sendStringSerial4         (abs)        000000
__size_of_sprintf                   (abs)        000000
__size_of_stop_check                (abs)        000000
__size_of_strlen                    (abs)        000000
__size_of_vfpfcnvrt                 (abs)        000000
__size_of_vfprintf                  (abs)        000000
__smallconst                        smallconst   000E00
_abs                                text15       00258E
_battery_flag                       bssBANK0     0000E5
_buggyLEDs_init                     text41       0027D2
_card_flag                          bssBANK0     0000E3
_clear_lower                        bssBANK0     0000E0
_clear_upper                        bssBANK0     0000DE
_clicker2LEDs_init                  text40       00282C
_clicker2buttons_init               text39       002802
_colorclick_init                    text28       0025CE
_colorclick_readBlue                text25       002424
_colorclick_readClear               text24       0023D4
_colorclick_readColour              text21       002508
_colorclick_readGreen               text23       002384
_colorclick_readRed                 text22       002334
_colorclick_toggleClearLED          text34       00271E
_colorclick_writetoaddr             text29       002740
_dbuf                               bssBANK1     00013C
_dtoa                               text9        0013AA
_dtoa$2490                          cstackCOMRAM 00002F
_flags                              bssBANK0     0000DC
_fputc                              text13       00207C
_fputs                              text12       0024C4
_interrupts_init                    text20       0027E8
_main                               text0        0019F6
_nout                               bssBANK0     0000D6
_pad                                text10       002146
_prec                               bssBANK0     0000DA
_putch                              text14       002836
_read_val                           bssBANK0     0000E2
_returnhome_flag                    bssCOMRAM    00005C
_sendCharSerial4                    text19       0027BA
_sendStringSerial4                  text18       002676
_sprintf                            text6        0022E2
_stop_check                         text1        000E10
_strlen                             text11       00260E
_vfpfcnvrt                          text8        001842
_vfprintf                           text7        002280
_width                              bssBANK0     0000D8
abs@a                               cstackCOMRAM 000014
btemp                               temp         00005D
colorclick_readBlue@tmp             cstackCOMRAM 00000B
colorclick_readClear@tmp            cstackCOMRAM 00000B
colorclick_readColour@current       cstackCOMRAM 00000D
colorclick_readGreen@tmp            cstackCOMRAM 00000B
colorclick_readRed@tmp              cstackCOMRAM 00000B
colorclick_toggleClearLED@toggle    cstackCOMRAM 000002
colorclick_writetoaddr@address      cstackCOMRAM 000005
colorclick_writetoaddr@value        cstackCOMRAM 000004
dtoa@d                              cstackCOMRAM 00001F
dtoa@fp                             cstackCOMRAM 00001D
dtoa@i                              cstackCOMRAM 00003F
dtoa@n                              cstackCOMRAM 000037
dtoa@p                              cstackCOMRAM 000031
dtoa@s                              cstackCOMRAM 000035
dtoa@w                              cstackCOMRAM 000033
end_of_initialization               cinit        002664
fputc@c                             cstackCOMRAM 000002
fputc@fp                            cstackCOMRAM 000004
fputs@c                             cstackCOMRAM 00000F
fputs@fp                            cstackCOMRAM 00000D
fputs@i                             cstackCOMRAM 000010
fputs@s                             cstackCOMRAM 00000B
int$flags                           temp         00005D
int_func                            intcode_body 0026F8
intlevel0                           text         000000
intlevel1                           text         000000
intlevel2                           text         000000
intlevel3                           text         000000
isa$std                             (abs)        000001
isa$xinst                           (abs)        000000
main@buf                            cstackBANK0  000076
main@current                        cstackBANK0  0000A8
main@initial                        cstackBANK0  0000A0
main@motorL                         cstackBANK0  0000B0
main@motorR                         cstackBANK0  0000B9
main@tmpC                           cstackBANK0  00009E
pad@buf                             cstackCOMRAM 000014
pad@fp                              cstackCOMRAM 000012
pad@i                               cstackCOMRAM 000019
pad@p                               cstackCOMRAM 000016
pad@w                               cstackCOMRAM 00001B
sendCharSerial4@charToSend          cstackCOMRAM 000002
sendStringSerial4@string            cstackCOMRAM 000003
sprintf@ap                          cstackBANK0  00006C
sprintf@f                           cstackBANK0  00006E
sprintf@fmt                         cstackBANK0  000062
sprintf@s                           cstackBANK0  000060
stackhi                             (abs)        000DE9
stacklo                             (abs)        00015C
start                               init         000026
start_initialization                cinit        002644
stop_check@B_rel                    cstackCOMRAM 00002B
stop_check@G_rel                    cstackCOMRAM 000027
stop_check@R_rel                    cstackCOMRAM 000023
stop_check@current                  cstackCOMRAM 000017
stop_check@stop_pls                 cstackCOMRAM 00001F
strlen@a                            cstackCOMRAM 000004
strlen@s                            cstackCOMRAM 000002
ttemp5                              temp         00005E
ttemp6                              temp         000061
ttemp7                              temp         000065
vfpfcnvrt@ap                        cstackCOMRAM 000045
vfpfcnvrt@fmt                       cstackCOMRAM 000043
vfpfcnvrt@fp                        cstackCOMRAM 000041
vfpfcnvrt@ll                        cstackCOMRAM 000049
vfprintf@ap                         cstackCOMRAM 000055
vfprintf@cfmt                       cstackCOMRAM 000057
vfprintf@fmt                        cstackCOMRAM 000053
vfprintf@fp                         cstackCOMRAM 000051
wtemp8                              temp         00005E


MODULE INFORMATION

Module		Function		Class		Link	Load	Size
/Applications/microchip/xc8/v2.32/pic/sources/c99/common/xxtofl.c
		___xxtofl      		CODE           	168E	0000	436

/Applications/microchip/xc8/v2.32/pic/sources/c99/common/xxtofl.c estimated size: 436

color_click.c
		_colorclick_init		CODE           	25CE	0000	64
		_colorclick_readColour		CODE           	2508	0000	68
		_colorclick_readBlue		CODE           	2424	0000	80
		_colorclick_writetoaddr		CODE           	2740	0000	32
		_colorclick_readGreen		CODE           	2384	0000	80
		_colorclick_toggleClearLED		CODE           	271E	0000	34
		_colorclick_readClear		CODE           	23D4	0000	80
		_colorclick_readRed		CODE           	2334	0000	80

color_click.c estimated size: 518

serial.c
		_sendStringSerial4		CODE           	2676	0000	48
		_sendCharSerial4		CODE           	27BA	0000	24
		_USART4_init   		CODE           	2760	0000	32

serial.c estimated size: 104

/Applications/microchip/xc8/v2.32/pic/sources/c99/common/nf_fputc.c
		_fputc         		CODE           	207C	0000	202

/Applications/microchip/xc8/v2.32/pic/sources/c99/common/nf_fputc.c estimated size: 202

/Applications/microchip/xc8/v2.32/pic/sources/c99/common/abs.c
		_abs           		CODE           	258E	0000	64

/Applications/microchip/xc8/v2.32/pic/sources/c99/common/abs.c estimated size: 64

/Applications/microchip/xc8/v2.32/pic/sources/c99/common/aomod.c
		___aomod       		CODE           	1D0E	0000	356

/Applications/microchip/xc8/v2.32/pic/sources/c99/common/aomod.c estimated size: 356

interrupts.c
		_Timer0_init   		CODE           	2780	0000	32
		_interrupts_init		CODE           	27E8	0000	14
		_LowISR        		CODE           	0018	0000	14
		_HighISR       		CODE           	0008	0000	44

interrupts.c estimated size: 104

dc_motor.c
		_clicker2buttons_init		CODE           	2802	0000	12
		_DCmotors_init 		CODE           	2474	0000	80
		_clicker2LEDs_init		CODE           	282C	0000	10
		_buggyLEDs_init		CODE           	27D2	0000	22

dc_motor.c estimated size: 124

color_card.c
		_stop_check    		CODE           	0E10	0000	1434

color_card.c estimated size: 1434

/Applications/microchip/xc8/v2.32/pic/sources/c99/common/putch.c
		_putch         		CODE           	2836	0000	2

/Applications/microchip/xc8/v2.32/pic/sources/c99/common/putch.c estimated size: 2

/Applications/microchip/xc8/v2.32/pic/sources/c99/common/doprnt.c
		_vfpfcnvrt     		CODE           	1842	0000	436
		_pad           		CODE           	2146	0000	198
		_dtoa          		CODE           	13AA	0000	740
		_vfprintf      		CODE           	2280	0000	98

/Applications/microchip/xc8/v2.32/pic/sources/c99/common/doprnt.c estimated size: 1472

i2c.c
		_I2C_2_Master_Start		CODE           	2822	0000	10
		_I2C_2_Master_Read		CODE           	254C	0000	66
		_I2C_2_Master_Idle		CODE           	26D0	0000	40
		_I2C_2_Master_Init		CODE           	26A6	0000	42
		_I2C_2_Master_Stop		CODE           	2818	0000	10
		_I2C_2_Master_RepStart		CODE           	280E	0000	10
		_I2C_2_Master_Write		CODE           	27F6	0000	12

i2c.c estimated size: 190

/Applications/microchip/xc8/v2.32/pic/sources/c99/common/aodiv.c
		___aodiv       		CODE           	1B86	0000	392

/Applications/microchip/xc8/v2.32/pic/sources/c99/common/aodiv.c estimated size: 392

/Applications/microchip/xc8/v2.32/pic/sources/c99/common/lwdiv.c
		___lwdiv       		CODE           	220C	0000	116

/Applications/microchip/xc8/v2.32/pic/sources/c99/common/lwdiv.c estimated size: 116

shared
		__initialization		CODE           	2644	0000	32

shared estimated size: 32

/Applications/microchip/xc8/v2.32/pic/sources/c99/common/fltol.c
		___fltol       		CODE           	1E72	0000	262

/Applications/microchip/xc8/v2.32/pic/sources/c99/common/fltol.c estimated size: 262

/Applications/microchip/xc8/v2.32/pic/sources/c99/common/nf_sprintf.c
		_sprintf       		CODE           	22E2	0000	82

/Applications/microchip/xc8/v2.32/pic/sources/c99/common/nf_sprintf.c estimated size: 82

/Applications/microchip/xc8/v2.32/pic/sources/c99/common/nf_fputs.c
		_fputs         		CODE           	24C4	0000	68

/Applications/microchip/xc8/v2.32/pic/sources/c99/common/nf_fputs.c estimated size: 68

ADC.c
		_ADC_init      		CODE           	27A0	0000	26

ADC.c estimated size: 26

/Applications/microchip/xc8/v2.32/pic/sources/c99/common/strlen.c
		_strlen        		CODE           	260E	0000	54

/Applications/microchip/xc8/v2.32/pic/sources/c99/common/strlen.c estimated size: 54

main.c
		_main          		CODE           	19F6	0000	400

main.c estimated size: 400

/Applications/microchip/xc8/v2.32/pic/sources/c99/common/flge.c
		___flge        		CODE           	1F78	0000	260

/Applications/microchip/xc8/v2.32/pic/sources/c99/common/flge.c estimated size: 260

