Microchip MPLAB XC8 Compiler V2.32

Linker command line:

-W-3 --edf=C:\Program Files\Microchip\xc8\v2.32\pic\dat\en_msgs.txt -cn \
  -h+dist/default/production\final-project-tues-amanda-sara-v2.X.production.sym \
  --cmf=dist/default/production\final-project-tues-amanda-sara-v2.X.production.cmf \
  -z -Q18F67K40 -oC:\Users\amand\AppData\Local\Temp\xcAs90o.4 \
  --defsym=__MPLAB_BUILD=1 \
  -Mdist/default/production/final-project-tues-amanda-sara-v2.X.production.map \
  -E1 -ver=XC8 Compiler --acfsm=1493 -ASTACK=023Ch-0DE9h -pstack=STACK \
  -ACODE=00h-01FFFFh -ACONST=00h-01FFFFh -ASMALLCONST=0E00h-0EFFhx498 \
  -AMEDIUMCONST=0E00h-0FFFFh,010E00h-01FFFFh -ACOMRAM=01h-05Fh \
  -AABS1=00h-0DE9h -ABIGRAM=01h-0DE9h \
  -ARAM=060h-0FFh,0100h-01FFhx12,0D00h-0DE9h -ABANK0=060h-0FFh \
  -ABANK1=0100h-01FFh -ABANK2=0200h-02FFh -ABANK3=0300h-03FFh \
  -ABANK4=0400h-04FFh -ABANK5=0500h-05FFh -ABANK6=0600h-06FFh \
  -ABANK7=0700h-07FFh -ABANK8=0800h-08FFh -ABANK9=0900h-09FFh \
  -ABANK10=0A00h-0AFFh -ABANK11=0B00h-0BFFh -ABANK12=0C00h-0CFFh \
  -ABANK13=0D00h-0DE9h \
  -ASFR=0DEFh-0DFFh,0E00h-0EFFh,0F00h-0F5Fh,0F60h-0FFFh \
  -ACONFIG=0300000h-030000Bh -AIDLOC=0200000h-020000Fh \
  -AEEDATA=0310000h-03103FFh -peeprom_data=EEDATA \
  -preset_vec=00h,intcode=08h,intcodelo=018h,powerup,init -pramtop=0E00h \
  -psmallconst=SMALLCONST -pmediumconst=MEDIUMCONST -pconst=CONST \
  -AFARRAM=00h-00h \
  -prdata=COMRAM,nvrram=COMRAM,nvbit=COMRAM,rbss=COMRAM,rbit=COMRAM \
  -pfarbss=FARRAM,fardata=FARRAM,nvFARRAM=FARRAM \
  -pintsave_regs=BIGRAM,bigbss=BIGRAM,bigdata=BIGRAM -pbss=RAM \
  -pidata=CODE,irdata=CODE,ibigdata=CODE,ifardata=CODE -prparam=COMRAM \
  C:\Users\amand\AppData\Local\Temp\xcAs90o.o \
  dist/default/production\final-project-tues-amanda-sara-v2.X.production.o 

Object code version is 3.11

Machine type is 18F67K40



                Name                               Link     Load   Length Selector   Space Scale
C:\Users\amand\AppData\Local\Temp\xcAs90o.o
                idloc                            200000   200000       10        0       5
                config                           300000   300000        C        0       4
                init                                 60       60        4        C       0
                reset_vec                             0        0        4        0       0
dist/default/production\final-project-tues-amanda-sara-v2.X.production.o
                intcodelo                            18       18       48        C       0
                intcode                               8        8        6        4       0
                idloc                            200000   200000       10        0       5
                config                           300000   300000        C        0       4
                temp                                 56       56        1        1       1
                smallconst                          E00      E00       B8      700       0
                text88                             616A     616A       28      75C       0
                text87                             6376     6376        A      75C       0
                text86                             636C     636C        A      75C       0
                text85                             6338     6338        C      75C       0
                text84                             625E     625E       20      75C       0
                text83                             5E6A     5E6A       4E      75C       0
                text82                             62B2     62B2       1A      75C       0
                intcode_body                       5F42     5F42       44      75C       0
                text79                             6298     6298       1A      75C       0
                text78                             4DF0     4DF0      132      75C       0
                text77                             54AA     54AA       C4      75C       0
                text76                             6192     6192       26      75C       0
                text75                             3BFE     3BFE      1D4      75C       0
                text74                             58A6     58A6       72      75C       0
                text73                             2894     2894      4C0      75C       0
                text72                             5028     5028      104      75C       0
                text71                             2D54     2D54      42A      75C       0
                text70                             3DD2     3DD2      1B4      75C       0
                text69                             3A08     3A08      1F6      75C       0
                text68                             4A16     4A16      154      75C       0
                text67                             5DCC     5DCC       50      75C       0
                text66                             5D7C     5D7C       50      75C       0
                text65                             4B6A     4B6A      14C      75C       0
                text64                             62FC     62FC       16      75C       0
                text63                             6362     6362        A      75C       0
                text62                             632C     632C        C      75C       0
                text61                             5D2C     5D2C       50      75C       0
                text60                             623E     623E       20      75C       0
                text59                             62E4     62E4       18      75C       0
                text58                             621E     621E       20      75C       0
                text57                             317E     317E      39A      75C       0
                text56                             45E6     45E6      176      75C       0
                text55                             61DC     61DC       22      75C       0
                text54                             6142     6142       28      75C       0
                text53                             5F86     5F86       42      75C       0
                text52                             6358     6358        A      75C       0
                text51                             634E     634E        A      75C       0
                text50                             6344     6344        A      75C       0
                text49                             6320     6320        C      75C       0
                text48                             5CDC     5CDC       50      75C       0
                text47                             5C8C     5C8C       50      75C       0
                text46                             5C3C     5C3C       50      75C       0
                text45                             5BEC     5BEC       50      75C       0
                text44                             5A44     5A44       5E      75C       0
                text43                             48C0     48C0      156      75C       0
                text42                             5818     5818       8E      75C       0
                text41                             578A     578A       8E      75C       0
                text40                             1B12     1B12      796      75C       0
                text39                             62CC     62CC       18      75C       0
                text38                             60E8     60E8       30      75C       0
                text37                             60B0     60B0       38      75C       0
                text36                             5B4A     5B4A       52      75C       0
                text35                             3F86     3F86      1A4      75C       0
                text34                             445E     445E      188      75C       0
                text33                             475C     475C      164      75C       0
                text32                             5FC8     5FC8       40      75C       0
                text31                             6388     6388        2     31C4       0
                text30                             53E0     53E0       CA      75C       0
                text29                             5EFE     5EFE       44      75C       0
                text28                             5B9C     5B9C       50      75C       0
                text27                             556E     556E       C2      75C       0
                text26                             3518     3518      2DE      75C       0
                text25                             5630     5630       B0      75C       0
                text24                             56E0     56E0       AA      75C       0
                text23                             6078     6078       38      75C       0
                text22                             5EB8     5EB8       46      75C       0
                text21                             4F22     4F22      106      75C       0
                text20                             512C     512C       FE      75C       0
                text19                             37F6     37F6      212      75C       0
                text18                             59E6     59E6       5E      75C       0
                text17                             6040     6040       38      75C       0
                text16                             5986     5986       60      75C       0
                text15                              EB8      EB8      C5A      75C       0
                text14                             42C4     42C4      19A      75C       0
                text13                             522A     522A       E2      75C       0
                text12                             22A8     22A8      5EC      75C       0
                text11                             5918     5918       6E      75C       0
                text10                             5AF8     5AF8       52      75C       0
                text9                              530C     530C       D4      75C       0
                text8                              4CB6     4CB6      13A      75C       0
                text7                              6118     6118       2A      75C       0
                text6                              6312     6312        E      75C       0
                text5                              61FE     61FE       20      75C       0
                text4                              6008     6008       38      75C       0
                text3                              5E1C     5E1C       4E      75C       0
                text2                              627E     627E       1A      75C       0
                text1                              61B8     61B8       24      75C       0
                text0                              412A     412A      19A      75C       0
                cstackCOMRAM                          1        1       4C        1       1
                cstackBANK0                          60       60       94       60       1
                cstackBANK1                         17C      17C       5D      100       1
                bssBANK2                            200      200       3C      200       1
                dataBANK1                           1D9      1D9        7      100       1
                bssBANK1                            100      100       7C      100       1
                bssBANK0                             F4       F4        3       60       1
                bssCOMRAM                            4D       4D        7        1       1
                cinit                              5AA2     5AA2       56      75C       0
                nvCOMRAM                             54       54        2        1       1
                idataBANK1                         6380     6380        7      75C       0

TOTAL           Name                               Link     Load   Length     Space
        CLASS   STACK          

        CLASS   CODE           
                intcodelo                            18       18       48         0
                intcode                               8        8        6         0
                init                                 60       60        4         0
                reset_vec                             0        0        4         0
                text88                             616A     616A       28         0
                text87                             6376     6376        A         0
                text86                             636C     636C        A         0
                text85                             6338     6338        C         0
                text84                             625E     625E       20         0
                text83                             5E6A     5E6A       4E         0
                text82                             62B2     62B2       1A         0
                intcode_body                       5F42     5F42       44         0
                text79                             6298     6298       1A         0
                text78                             4DF0     4DF0      132         0
                text77                             54AA     54AA       C4         0
                text76                             6192     6192       26         0
                text75                             3BFE     3BFE      1D4         0
                text74                             58A6     58A6       72         0
                text73                             2894     2894      4C0         0
                text72                             5028     5028      104         0
                text71                             2D54     2D54      42A         0
                text70                             3DD2     3DD2      1B4         0
                text69                             3A08     3A08      1F6         0
                text68                             4A16     4A16      154         0
                text67                             5DCC     5DCC       50         0
                text66                             5D7C     5D7C       50         0
                text65                             4B6A     4B6A      14C         0
                text64                             62FC     62FC       16         0
                text63                             6362     6362        A         0
                text62                             632C     632C        C         0
                text61                             5D2C     5D2C       50         0
                text60                             623E     623E       20         0
                text59                             62E4     62E4       18         0
                text58                             621E     621E       20         0
                text57                             317E     317E      39A         0
                text56                             45E6     45E6      176         0
                text55                             61DC     61DC       22         0
                text54                             6142     6142       28         0
                text53                             5F86     5F86       42         0
                text52                             6358     6358        A         0
                text51                             634E     634E        A         0
                text50                             6344     6344        A         0
                text49                             6320     6320        C         0
                text48                             5CDC     5CDC       50         0
                text47                             5C8C     5C8C       50         0
                text46                             5C3C     5C3C       50         0
                text45                             5BEC     5BEC       50         0
                text44                             5A44     5A44       5E         0
                text43                             48C0     48C0      156         0
                text42                             5818     5818       8E         0
                text41                             578A     578A       8E         0
                text40                             1B12     1B12      796         0
                text39                             62CC     62CC       18         0
                text38                             60E8     60E8       30         0
                text37                             60B0     60B0       38         0
                text36                             5B4A     5B4A       52         0
                text35                             3F86     3F86      1A4         0
                text34                             445E     445E      188         0
                text33                             475C     475C      164         0
                text32                             5FC8     5FC8       40         0
                text31                             6388     6388        2         0
                text30                             53E0     53E0       CA         0
                text29                             5EFE     5EFE       44         0
                text28                             5B9C     5B9C       50         0
                text27                             556E     556E       C2         0
                text26                             3518     3518      2DE         0
                text25                             5630     5630       B0         0
                text24                             56E0     56E0       AA         0
                text23                             6078     6078       38         0
                text22                             5EB8     5EB8       46         0
                text21                             4F22     4F22      106         0
                text20                             512C     512C       FE         0
                text19                             37F6     37F6      212         0
                text18                             59E6     59E6       5E         0
                text17                             6040     6040       38         0
                text16                             5986     5986       60         0
                text15                              EB8      EB8      C5A         0
                text14                             42C4     42C4      19A         0
                text13                             522A     522A       E2         0
                text12                             22A8     22A8      5EC         0
                text11                             5918     5918       6E         0
                text10                             5AF8     5AF8       52         0
                text9                              530C     530C       D4         0
                text8                              4CB6     4CB6      13A         0
                text7                              6118     6118       2A         0
                text6                              6312     6312        E         0
                text5                              61FE     61FE       20         0
                text4                              6008     6008       38         0
                text3                              5E1C     5E1C       4E         0
                text2                              627E     627E       1A         0
                text1                              61B8     61B8       24         0
                text0                              412A     412A      19A         0
                cinit                              5AA2     5AA2       56         0
                idataBANK1                         6380     6380        7         0

        CLASS   CONST          

        CLASS   SMALLCONST     
                smallconst                          E00      E00       B8         0

        CLASS   MEDIUMCONST    

        CLASS   COMRAM         
                temp                                 56       56        1         1
                cstackCOMRAM                          1        1       4C         1
                bssCOMRAM                            4D       4D        7         1
                nvCOMRAM                             54       54        2         1

        CLASS   ABS1           

        CLASS   BIGRAM         

        CLASS   RAM            

        CLASS   BANK0          
                cstackBANK0                          60       60       94         1
                bssBANK0                             F4       F4        3         1

        CLASS   BANK1          
                cstackBANK1                         17C      17C       5D         1
                dataBANK1                           1D9      1D9        7         1
                bssBANK1                            100      100       7C         1

        CLASS   BANK2          
                bssBANK2                            200      200       3C         1

        CLASS   BANK3          

        CLASS   BANK4          

        CLASS   BANK5          

        CLASS   BANK6          

        CLASS   BANK7          

        CLASS   BANK8          

        CLASS   BANK9          

        CLASS   BANK10         

        CLASS   BANK11         

        CLASS   BANK12         

        CLASS   BANK13         

        CLASS   SFR            

        CLASS   CONFIG         
                config                           300000   300000        C         4

        CLASS   IDLOC          
                idloc                            200000   200000       10         5

        CLASS   EEDATA         

        CLASS   FARRAM         



SEGMENTS        Name                           Load    Length   Top    Selector   Space  Class

                reset_vec                      000000  000004  000004         0       0  CODE    
                cstackCOMRAM                   000001  000056  000057         1       1  COMRAM  
                intcode                        000008  000006  00000E         4       0  CODE    
                intcodelo                      000018  00004C  000064         C       0  CODE    
                cstackBANK0                    000060  000097  0000F7        60       1  BANK0   
                bssBANK1                       000100  0000E0  0001E0       100       1  BANK1   
                bssBANK2                       000200  00003C  00023C       200       1  BANK2   
                smallconst                     000E00  0000B8  000EB8       700       0  SMALLCON
                text15                         000EB8  0054CF  006387       75C       0  CODE    
                text31                         006388  000002  00638A      31C4       0  CODE    


UNUSED ADDRESS RANGES

        Name                Unused          Largest block    Delta
        BANK0            0000F7-0000FF                9
        BANK1            0001E0-0001FF               20
        BANK10           000A00-000AFF              100
        BANK11           000B00-000BFF              100
        BANK12           000C00-000CFF              100
        BANK13           000D00-000DE9               EA
        BANK2            00023C-0002FF               C4
        BANK3            000300-0003FF              100
        BANK4            000400-0004FF              100
        BANK5            000500-0005FF              100
        BANK6            000600-0006FF              100
        BANK7            000700-0007FF              100
        BANK8            000800-0008FF              100
        BANK9            000900-0009FF              100
        BIGRAM           000057-00005F                9
                         0000F7-0000FF                9
                         0001E0-0001FF               20
                         00023C-000DE9              BAE
        CODE             000004-000007                4
                         00000E-000017                A
                         000064-000DFF              D9C
                         006387-006387                1
                         00638A-01FFFF            19C76
        COMRAM           000057-00005F                9
        CONST            000004-000007                4
                         00000E-000017                A
                         000064-000DFF              D9C
                         006387-006387                1
                         00638A-01FFFF            19C76
        EEDATA           310000-3103FF              400
        MEDIUMCONST      006387-006387                1
                         00638A-00FFFF             9C76
                         010E00-01FFFF             F200
        RAM              0000F7-0000FF                9
                         0001E0-0001FF               20
                         00023C-000DE9              100
        SFR              000DEF-000FFF              100
        SMALLCONST       006387-006387                1
                         00638A-01FFFF              100
        STACK            00023C-000DE9              BAE

                                  Symbol Table

?___aodiv                           cstackCOMRAM 00000A
?___aomod                           cstackCOMRAM 00000A
?___awdiv                           cstackCOMRAM 000010
?___awmod                           cstackCOMRAM 00000A
?___fladd                           cstackCOMRAM 000031
?___fldiv                           cstackCOMRAM 000018
?___flmul                           cstackCOMRAM 000018
?___flneg                           cstackCOMRAM 00000A
?___flsub                           cstackCOMRAM 000041
?___fltol                           cstackCOMRAM 00000A
?___fpclassifyf                     cstackCOMRAM 00000A
?___wmul                            cstackCOMRAM 00000A
?___xxtofl                          cstackCOMRAM 00000A
?_abs                               cstackCOMRAM 00001C
?_atoi                              cstackCOMRAM 000011
?_colourclick_readB                 cstackCOMRAM 00000E
?_colourclick_readC                 cstackCOMRAM 00000E
?_colourclick_readG                 cstackCOMRAM 00000E
?_colourclick_readR                 cstackCOMRAM 00000E
?_dtoa                              cstackCOMRAM 000025
?_efgtoa                            cstackBANK0  000060
?_floorf                            cstackCOMRAM 000031
?_isdigit                           cstackCOMRAM 00000A
?_isspace                           cstackCOMRAM 00000A
?_isupper                           cstackCOMRAM 00000A
?_pad                               cstackCOMRAM 00001A
?_sprintf                           cstackBANK0  0000C8
?_stoa                              cstackCOMRAM 000013
?_strlen                            cstackCOMRAM 00000A
?_strncmp                           cstackCOMRAM 00000A
?_tolower                           cstackCOMRAM 000010
?_vfpfcnvrt                         cstackBANK0  0000A4
?_vfprintf                          cstackBANK0  0000C0
ADC_getval@tmpval                   cstackCOMRAM 00000A
DCmotors_calibration@mL             cstackCOMRAM 000048
DCmotors_calibration@mR             cstackCOMRAM 00004A
DCmotors_init@PWMperiod             cstackCOMRAM 00000A
DCmotors_setPWM@PWMduty             cstackCOMRAM 000021
DCmotors_setPWM@m                   cstackCOMRAM 000018
I2C_2_Master_Read@ack               cstackCOMRAM 00000C
I2C_2_Master_Read@tmp               cstackCOMRAM 00000D
I2C_2_Master_Write@data_byte        cstackCOMRAM 00000B
_ADCON0bits                         (abs)        000F60
_ADC_getval                         text59       0062E4
_ADC_init                           text79       006298
_ADPCH                              (abs)        000F5F
_ADREFbits                          (abs)        000F58
_ADRESH                             (abs)        000F64
_ANSELBbits                         (abs)        000E9A
_ANSELDbits                         (abs)        000EA7
_ANSELFbits                         (abs)        000EB4
_BAUD4CONbits                       (abs)        000EE9
_DCmotors_calibration               text65       004B6A
_DCmotors_init                      text61       005D2C
_DCmotors_setPWM                    text75       003BFE
_EUSART4RXbuf                       bssBANK1     000100
_EUSART4TXbuf                       bssBANK2     000200
_HighISR                            intcode      000008
_I2C_2_Master_Idle                  text54       006142
_I2C_2_Master_Init                  text7        006118
_I2C_2_Master_Read                  text53       005F86
_I2C_2_Master_RepStart              text52       006358
_I2C_2_Master_Start                 text51       00634E
_I2C_2_Master_Stop                  text50       006344
_I2C_2_Master_Write                 text49       006320
_INT1PPS                            (abs)        000DF1
_INTCONbits                         (abs)        000FF2
_IPR0bits                           (abs)        000E1F
_LATAbits                           (abs)        000F79
_LATCbits                           (abs)        000F7B
_LATDbits                           (abs)        000F7C
_LATE                               (abs)        000F7D
_LATEbits                           (abs)        000F7D
_LATFbits                           (abs)        000F7E
_LATG                               (abs)        000F7F
_LATGbits                           (abs)        000F7F
_LATHbits                           (abs)        000F80
_LowISR                             intcodelo    000018
_PIE0bits                           (abs)        000E29
_PIE4bits                           (abs)        000E2D
_PIR0bits                           (abs)        000E33
_PIR4bits                           (abs)        000E37
_PORTFbits                          (abs)        000F8E
_PWM6CONbits                        (abs)        000FA4
_PWM6DCH                            (abs)        000FA3
_PWM7CONbits                        (abs)        000FA1
_PWM7DCH                            (abs)        000FA0
_RC0PPS                             (abs)        000E62
_RC4REG                             (abs)        000EE3
_RC4STAbits                         (abs)        000EE7
_RC7PPS                             (abs)        000E69
_RD5PPS                             (abs)        000E6F
_RD6PPS                             (abs)        000E70
_RE2PPS                             (abs)        000E74
_RX4PPS                             (abs)        000E15
_RxBufReadCnt                       bssBANK1     00012B
_RxBufWriteCnt                      bssBANK0     0000F6
_SP4BRGH                            (abs)        000EE6
_SP4BRGL                            (abs)        000EE5
_SSP2ADD                            (abs)        000ED6
_SSP2BUF                            (abs)        000ED5
_SSP2CLKPPS                         (abs)        000E1C
_SSP2CON1bits                       (abs)        000ED9
_SSP2CON2                           (abs)        000EDA
_SSP2CON2bits                       (abs)        000EDA
_SSP2DATPPS                         (abs)        000E1D
_SSP2STAT                           (abs)        000ED8
_T0CON0bits                         (abs)        000FD5
_T0CON1bits                         (abs)        000FD6
_T2CLKCONbits                       (abs)        000FBF
_T2CONbits                          (abs)        000FBD
_T2HLTbits                          (abs)        000FBE
_T2PR                               (abs)        000FBC
_TMR0H                              (abs)        000FD4
_TMR0L                              (abs)        000FD3
_TRISAbits                          (abs)        000F81
_TRISBbits                          (abs)        000F82
_TRISCbits                          (abs)        000F83
_TRISDbits                          (abs)        000F84
_TRISEbits                          (abs)        000F85
_TRISFbits                          (abs)        000F86
_TRISGbits                          (abs)        000F87
_TRISHbits                          (abs)        000F88
_TX4REG                             (abs)        000EE4
_TX4STAbits                         (abs)        000EE8
_TxBufReadCnt                       bssBANK0     0000F5
_TxBufWriteCnt                      bssCOMRAM    000053
_USART4_init                        text60       00623E
__HRAM                              (abs)        000000
__Habs1                             abs1         000000
__Hbank0                            bank0        000000
__Hbank1                            bank1        000000
__Hbank10                           bank10       000000
__Hbank11                           bank11       000000
__Hbank12                           bank12       000000
__Hbank13                           bank13       000000
__Hbank2                            bank2        000000
__Hbank3                            bank3        000000
__Hbank4                            bank4        000000
__Hbank5                            bank5        000000
__Hbank6                            bank6        000000
__Hbank7                            bank7        000000
__Hbank8                            bank8        000000
__Hbank9                            bank9        000000
__Hbigbss                           bigbss       000000
__Hbigdata                          bigdata      000000
__Hbigram                           bigram       000000
__Hbss                              bss          000000
__HbssBANK0                         bssBANK0     000000
__HbssBANK1                         bssBANK1     000000
__HbssBANK2                         bssBANK2     000000
__HbssCOMRAM                        bssCOMRAM    000000
__Hcinit                            cinit        000000
__Hclrtext                          clrtext      000000
__Hcomram                           comram       000000
__Hconfig                           config       30000C
__Hconst                            const        000000
__HcstackBANK0                      cstackBANK0  000000
__HcstackBANK1                      cstackBANK1  000000
__HcstackCOMRAM                     cstackCOMRAM 000000
__Hdata                             data         000000
__HdataBANK1                        dataBANK1    000000
__Heeprom_data                      eeprom_data  000000
__Hfarbss                           farbss       000000
__Hfardata                          fardata      000000
__Hibigdata                         ibigdata     000000
__Hidata                            idata        000000
__HidataBANK1                       idataBANK1   000000
__Hidloc                            idloc        200010
__Hifardata                         ifardata     000000
__Hinit                             init         000064
__Hintcode                          intcode      00000E
__Hintcode_body                     intcode_body 000000
__Hintcodelo                        intcodelo    000060
__Hintentry                         intentry     000000
__Hintret                           intret       000000
__Hintsave_regs                     intsave_regs 000000
__Hirdata                           irdata       000000
__Hmediumconst                      mediumconst  000000
__HnvCOMRAM                         nvCOMRAM     000000
__HnvFARRAM                         nvFARRAM     000000
__Hnvbit                            nvbit        000000
__Hnvrram                           nvrram       000000
__Hparam                            rparam       000000
__Hpowerup                          powerup      000060
__Hram                              ram          000000
__Hramtop                           ramtop       000E00
__Hrbit                             rbit         000000
__Hrbss                             rbss         000000
__Hrdata                            rdata        000000
__Hreset_vec                        reset_vec    000004
__Hrparam                           rparam       000000
__Hsfr                              sfr          000000
__Hsmallconst                       smallconst   000EB8
__Hspace_0                          (abs)        00638A
__Hspace_1                          (abs)        00023C
__Hspace_2                          (abs)        000000
__Hspace_4                          (abs)        60000C
__Hstack                            stack        000000
__Hstruct                           struct       000000
__Htemp                             temp         000057
__Htext                             text         000000
__Htext0                            text0        000000
__Htext1                            text1        000000
__Htext10                           text10       000000
__Htext11                           text11       000000
__Htext12                           text12       000000
__Htext13                           text13       000000
__Htext14                           text14       000000
__Htext15                           text15       000000
__Htext16                           text16       000000
__Htext17                           text17       000000
__Htext18                           text18       000000
__Htext19                           text19       000000
__Htext2                            text2        000000
__Htext20                           text20       000000
__Htext21                           text21       000000
__Htext22                           text22       000000
__Htext23                           text23       000000
__Htext24                           text24       000000
__Htext25                           text25       000000
__Htext26                           text26       000000
__Htext27                           text27       000000
__Htext28                           text28       000000
__Htext29                           text29       000000
__Htext3                            text3        000000
__Htext30                           text30       000000
__Htext31                           text31       000000
__Htext32                           text32       000000
__Htext33                           text33       000000
__Htext34                           text34       000000
__Htext35                           text35       000000
__Htext36                           text36       000000
__Htext37                           text37       000000
__Htext38                           text38       000000
__Htext39                           text39       000000
__Htext4                            text4        000000
__Htext40                           text40       000000
__Htext41                           text41       000000
__Htext42                           text42       000000
__Htext43                           text43       000000
__Htext44                           text44       000000
__Htext45                           text45       000000
__Htext46                           text46       000000
__Htext47                           text47       000000
__Htext48                           text48       000000
__Htext49                           text49       000000
__Htext5                            text5        000000
__Htext50                           text50       000000
__Htext51                           text51       000000
__Htext52                           text52       000000
__Htext53                           text53       000000
__Htext54                           text54       000000
__Htext55                           text55       000000
__Htext56                           text56       000000
__Htext57                           text57       000000
__Htext58                           text58       000000
__Htext59                           text59       000000
__Htext6                            text6        000000
__Htext60                           text60       000000
__Htext61                           text61       000000
__Htext62                           text62       000000
__Htext63                           text63       000000
__Htext64                           text64       000000
__Htext65                           text65       000000
__Htext66                           text66       000000
__Htext67                           text67       000000
__Htext68                           text68       000000
__Htext69                           text69       000000
__Htext7                            text7        000000
__Htext70                           text70       000000
__Htext71                           text71       000000
__Htext72                           text72       000000
__Htext73                           text73       000000
__Htext74                           text74       000000
__Htext75                           text75       000000
__Htext76                           text76       000000
__Htext77                           text77       000000
__Htext78                           text78       000000
__Htext79                           text79       000000
__Htext8                            text8        000000
__Htext82                           text82       000000
__Htext83                           text83       000000
__Htext84                           text84       000000
__Htext85                           text85       000000
__Htext86                           text86       000000
__Htext87                           text87       000000
__Htext88                           text88       000000
__Htext9                            text9        000000
__LRAM                              (abs)        000001
__Labs1                             abs1         000000
__Lbank0                            bank0        000000
__Lbank1                            bank1        000000
__Lbank10                           bank10       000000
__Lbank11                           bank11       000000
__Lbank12                           bank12       000000
__Lbank13                           bank13       000000
__Lbank2                            bank2        000000
__Lbank3                            bank3        000000
__Lbank4                            bank4        000000
__Lbank5                            bank5        000000
__Lbank6                            bank6        000000
__Lbank7                            bank7        000000
__Lbank8                            bank8        000000
__Lbank9                            bank9        000000
__Lbigbss                           bigbss       000000
__Lbigdata                          bigdata      000000
__Lbigram                           bigram       000000
__Lbss                              bss          000000
__LbssBANK0                         bssBANK0     000000
__LbssBANK1                         bssBANK1     000000
__LbssBANK2                         bssBANK2     000000
__LbssCOMRAM                        bssCOMRAM    000000
__Lcinit                            cinit        000000
__Lclrtext                          clrtext      000000
__Lcomram                           comram       000000
__Lconfig                           config       000000
__Lconst                            const        000000
__LcstackBANK0                      cstackBANK0  000000
__LcstackBANK1                      cstackBANK1  000000
__LcstackCOMRAM                     cstackCOMRAM 000000
__Ldata                             data         000000
__LdataBANK1                        dataBANK1    000000
__Leeprom_data                      eeprom_data  000000
__Lfarbss                           farbss       000000
__Lfardata                          fardata      000000
__Libigdata                         ibigdata     000000
__Lidata                            idata        000000
__LidataBANK1                       idataBANK1   000000
__Lidloc                            idloc        000000
__Lifardata                         ifardata     000000
__Linit                             init         000060
__Lintcode                          intcode      000008
__Lintcode_body                     intcode_body 000000
__Lintcodelo                        intcodelo    000018
__Lintentry                         intentry     000000
__Lintret                           intret       000000
__Lintsave_regs                     intsave_regs 000000
__Lirdata                           irdata       000000
__Lmediumconst                      mediumconst  000000
__LnvCOMRAM                         nvCOMRAM     000000
__LnvFARRAM                         nvFARRAM     000000
__Lnvbit                            nvbit        000000
__Lnvrram                           nvrram       000000
__Lparam                            rparam       000000
__Lpowerup                          powerup      000060
__Lram                              ram          000000
__Lramtop                           ramtop       000E00
__Lrbit                             rbit         000000
__Lrbss                             rbss         000000
__Lrdata                            rdata        000000
__Lreset_vec                        reset_vec    000000
__Lrparam                           rparam       000000
__Lsfr                              sfr          000000
__Lsmallconst                       smallconst   000E00
__Lspace_0                          (abs)        000000
__Lspace_1                          (abs)        000000
__Lspace_2                          (abs)        000000
__Lspace_4                          (abs)        000000
__Lstack                            stack        000000
__Lstruct                           struct       000000
__Ltemp                             temp         000056
__Ltext                             text         000000
__Ltext0                            text0        000000
__Ltext1                            text1        000000
__Ltext10                           text10       000000
__Ltext11                           text11       000000
__Ltext12                           text12       000000
__Ltext13                           text13       000000
__Ltext14                           text14       000000
__Ltext15                           text15       000000
__Ltext16                           text16       000000
__Ltext17                           text17       000000
__Ltext18                           text18       000000
__Ltext19                           text19       000000
__Ltext2                            text2        000000
__Ltext20                           text20       000000
__Ltext21                           text21       000000
__Ltext22                           text22       000000
__Ltext23                           text23       000000
__Ltext24                           text24       000000
__Ltext25                           text25       000000
__Ltext26                           text26       000000
__Ltext27                           text27       000000
__Ltext28                           text28       000000
__Ltext29                           text29       000000
__Ltext3                            text3        000000
__Ltext30                           text30       000000
__Ltext31                           text31       000000
__Ltext32                           text32       000000
__Ltext33                           text33       000000
__Ltext34                           text34       000000
__Ltext35                           text35       000000
__Ltext36                           text36       000000
__Ltext37                           text37       000000
__Ltext38                           text38       000000
__Ltext39                           text39       000000
__Ltext4                            text4        000000
__Ltext40                           text40       000000
__Ltext41                           text41       000000
__Ltext42                           text42       000000
__Ltext43                           text43       000000
__Ltext44                           text44       000000
__Ltext45                           text45       000000
__Ltext46                           text46       000000
__Ltext47                           text47       000000
__Ltext48                           text48       000000
__Ltext49                           text49       000000
__Ltext5                            text5        000000
__Ltext50                           text50       000000
__Ltext51                           text51       000000
__Ltext52                           text52       000000
__Ltext53                           text53       000000
__Ltext54                           text54       000000
__Ltext55                           text55       000000
__Ltext56                           text56       000000
__Ltext57                           text57       000000
__Ltext58                           text58       000000
__Ltext59                           text59       000000
__Ltext6                            text6        000000
__Ltext60                           text60       000000
__Ltext61                           text61       000000
__Ltext62                           text62       000000
__Ltext63                           text63       000000
__Ltext64                           text64       000000
__Ltext65                           text65       000000
__Ltext66                           text66       000000
__Ltext67                           text67       000000
__Ltext68                           text68       000000
__Ltext69                           text69       000000
__Ltext7                            text7        000000
__Ltext70                           text70       000000
__Ltext71                           text71       000000
__Ltext72                           text72       000000
__Ltext73                           text73       000000
__Ltext74                           text74       000000
__Ltext75                           text75       000000
__Ltext76                           text76       000000
__Ltext77                           text77       000000
__Ltext78                           text78       000000
__Ltext79                           text79       000000
__Ltext8                            text8        000000
__Ltext82                           text82       000000
__Ltext83                           text83       000000
__Ltext84                           text84       000000
__Ltext85                           text85       000000
__Ltext86                           text86       000000
__Ltext87                           text87       000000
__Ltext88                           text88       000000
__Ltext9                            text9        000000
__S0                                (abs)        00638A
__S1                                (abs)        00023C
__S2                                (abs)        000000
__S4                                (abs)        000000
__S5                                (abs)        000000
___aodiv                            text34       00445E
___aodiv@counter                    cstackCOMRAM 00001A
___aodiv@dividend                   cstackCOMRAM 00000A
___aodiv@divisor                    cstackCOMRAM 000012
___aodiv@quotient                   cstackCOMRAM 00001C
___aodiv@sign                       cstackCOMRAM 00001B
___aomod                            text33       00475C
___aomod@counter                    cstackCOMRAM 00001A
___aomod@dividend                   cstackCOMRAM 00000A
___aomod@divisor                    cstackCOMRAM 000012
___aomod@sign                       cstackCOMRAM 00001B
___awdiv                            text77       0054AA
___awdiv@counter                    cstackCOMRAM 000014
___awdiv@dividend                   cstackCOMRAM 000010
___awdiv@divisor                    cstackCOMRAM 000012
___awdiv@quotient                   cstackCOMRAM 000016
___awdiv@sign                       cstackCOMRAM 000015
___awmod                            text25       005630
___awmod@counter                    cstackCOMRAM 00000E
___awmod@dividend                   cstackCOMRAM 00000A
___awmod@divisor                    cstackCOMRAM 00000C
___awmod@sign                       cstackCOMRAM 00000F
___fladd                            text73       002894
___fladd@a                          cstackCOMRAM 000035
___fladd@aexp                       cstackCOMRAM 00003E
___fladd@b                          cstackCOMRAM 000031
___fladd@bexp                       cstackCOMRAM 00003F
___fladd@grs                        cstackCOMRAM 000040
___fladd@signs                      cstackCOMRAM 00003D
___fldiv                            text57       00317E
___fldiv@a                          cstackCOMRAM 00001C
___fldiv@aexp                       cstackCOMRAM 000030
___fldiv@b                          cstackCOMRAM 000018
___fldiv@bexp                       cstackCOMRAM 00002F
___fldiv@grs                        cstackCOMRAM 00002B
___fldiv@new_exp                    cstackCOMRAM 000029
___fldiv@rem                        cstackCOMRAM 000024
___fldiv@sign                       cstackCOMRAM 000028
___fleq                             text24       0056E0
___fleq@ff1                         cstackCOMRAM 00000A
___fleq@ff2                         cstackCOMRAM 00000E
___flge                             text72       005028
___flge@ff1                         cstackCOMRAM 000031
___flge@ff2                         cstackCOMRAM 000035
___flmul                            text71       002D54
___flmul@a                          cstackCOMRAM 00001C
___flmul@aexp                       cstackCOMRAM 000025
___flmul@b                          cstackCOMRAM 000018
___flmul@bexp                       cstackCOMRAM 00002A
___flmul@grs                        cstackCOMRAM 000026
___flmul@prod                       cstackCOMRAM 00002B
___flmul@sign                       cstackCOMRAM 000024
___flmul@temp                       cstackCOMRAM 00002F
___flneg                            text23       006078
___flneg@f1                         cstackCOMRAM 00000A
___flsub                            text22       005EB8
___flsub@a                          cstackCOMRAM 000045
___flsub@b                          cstackCOMRAM 000041
___fltol                            text21       004F22
___fltol@exp1                       cstackCOMRAM 000013
___fltol@f1                         cstackCOMRAM 00000A
___fltol@sign1                      cstackCOMRAM 000012
___fpclassifyf                      text20       00512C
___fpclassifyf@F465                 bssBANK1     000118
___fpclassifyf@e                    cstackCOMRAM 000012
___fpclassifyf@u                    cstackCOMRAM 000014
___fpclassifyf@x                    cstackCOMRAM 00000A
___inthi_sp                         stack        000000
___intlo_sp                         stack        000000
___param_bank                       (abs)        000000
___rparam_used                      (abs)        000001
___sp                               stack        000000
___wmul                             text76       006192
___wmul@multiplicand                cstackCOMRAM 00000C
___wmul@multiplier                  cstackCOMRAM 00000A
___wmul@product                     cstackCOMRAM 00000E
___xxtofl                           text70       003DD2
___xxtofl@arg                       cstackCOMRAM 000014
___xxtofl@exp                       cstackCOMRAM 000013
___xxtofl@sign                      cstackCOMRAM 000012
___xxtofl@val                       cstackCOMRAM 00000A
__accesstop                         (abs)        000060
__activetblptr                      (abs)        000003
__end_of_ADC_getval                 text59       0062FC
__end_of_ADC_init                   text79       0062B2
__end_of_DCmotors_calibration       text65       004CB6
__end_of_DCmotors_init              text61       005D7C
__end_of_DCmotors_setPWM            text75       003DD2
__end_of_HighISR                    intcode_body 005F86
__end_of_I2C_2_Master_Idle          text54       00616A
__end_of_I2C_2_Master_Init          text7        006142
__end_of_I2C_2_Master_Read          text53       005FC8
__end_of_I2C_2_Master_RepStart      text52       006362
__end_of_I2C_2_Master_Start         text51       006358
__end_of_I2C_2_Master_Stop          text50       00634E
__end_of_I2C_2_Master_Write         text49       00632C
__end_of_LowISR                     intcodelo    000060
__end_of_USART4_init                text60       00625E
__end_of___aodiv                    text34       0045E6
__end_of___aomod                    text33       0048C0
__end_of___awdiv                    text77       00556E
__end_of___awmod                    text25       0056E0
__end_of___fladd                    text73       002D54
__end_of___fldiv                    text57       003518
__end_of___fleq                     text24       00578A
__end_of___flge                     text72       00512C
__end_of___flmul                    text71       00317E
__end_of___flneg                    text23       0060B0
__end_of___flsub                    text22       005EFE
__end_of___fltol                    text21       005028
__end_of___fpclassifyf              text20       00522A
__end_of___wmul                     text76       0061B8
__end_of___xxtofl                   text70       003F86
__end_of__initialization            cinit        005AEE
__end_of_abs                        text32       006008
__end_of_adjdelay                   text78       004F22
__end_of_atoi                       text35       00412A
__end_of_buggyLEDs_init             text64       006312
__end_of_checkbatterylevel          text58       00623E
__end_of_clicker2LEDs_init          text63       00636C
__end_of_clicker2buttons_init       text62       006338
__end_of_colourcards_normaliseRGBC  text56       00475C
__end_of_colourcards_readRGBC       text40       0022A8
__end_of_colourclickLEDs_C          text55       0061FE
__end_of_colourclickLEDs_init       text6        006320
__end_of_colourclick_calibration    text8        004DF0
__end_of_colourclick_init           text4        006040
__end_of_colourclick_readB          text48       005D2C
__end_of_colourclick_readC          text47       005CDC
__end_of_colourclick_readG          text46       005C8C
__end_of_colourclick_readR          text45       005C3C
__end_of_colourclick_readRGBC       text44       005AA2
__end_of_colourclick_readRGBC2      text43       004A16
__end_of_colourclick_testing        text9        0053E0
__end_of_colourclick_writetoaddr    text5        00621E
__end_of_dtoa                       text26       0037F6
__end_of_efgtoa                     text15       001B12
__end_of_floorf                     text19       003A08
__end_of_forward                    text42       0058A6
__end_of_fputc                      text30       0054AA
__end_of_fputs                      text29       005F42
__end_of_interrupts_clear           text2        006298
__end_of_interrupts_colour          text3        005E6A
__end_of_interrupts_init            text1        0061DC
__end_of_isdigit                    text37       0060E8
__end_of_isspace                    text36       005B9C
__end_of_isupper                    text17       006078
__end_of_left                       text69       003BFE
__end_of_main                       text0        0042C4
__end_of_pad                        text27       005630
__end_of_putch                      text31       00638A
__end_of_reverse                    text41       005818
__end_of_right                      text68       004B6A
__end_of_sendCharSerial4            text39       0062E4
__end_of_sendStringSerial4          text38       006118
__end_of_sprintf                    text10       005B4A
__end_of_stoa                       text14       00445E
__end_of_stop                       text74       005918
__end_of_strcpy                     text18       005A44
__end_of_strlen                     text28       005BEC
__end_of_strncmp                    text13       00530C
__end_of_tolower                    text16       0059E6
__end_of_turnleft                   text67       005E1C
__end_of_turnright                  text66       005DCC
__end_of_vfpfcnvrt                  text12       002894
__end_of_vfprintf                   text11       005986
__end_ofi2_I2C_2_Master_Idle        text88       006192
__end_ofi2_I2C_2_Master_Start       text87       006380
__end_ofi2_I2C_2_Master_Stop        text86       006376
__end_ofi2_I2C_2_Master_Write       text85       006344
__end_ofi2_colourclick_writetoaddr  text84       00627E
__end_ofi2_interrupts_clear         text82       0062CC
__end_ofi2_interrupts_colour        text83       005EB8
__initialization                    cinit        005AA2
__mediumconst                       mediumconst  000000
__pbssBANK0                         bssBANK0     0000F4
__pbssBANK1                         bssBANK1     000100
__pbssBANK2                         bssBANK2     000200
__pbssCOMRAM                        bssCOMRAM    00004D
__pcinit                            cinit        005AA2
__pcstackBANK0                      cstackBANK0  000060
__pcstackBANK1                      cstackBANK1  00017C
__pcstackCOMRAM                     cstackCOMRAM 000001
__pdataBANK1                        dataBANK1    0001D9
__pidataBANK1                       idataBANK1   006380
__pintcode                          intcode      000008
__pintcode_body                     intcode_body 005F42
__pintcodelo                        intcodelo    000018
__pnvCOMRAM                         nvCOMRAM     000054
__psmallconst                       smallconst   000E00
__ptext0                            text0        00412A
__ptext1                            text1        0061B8
__ptext10                           text10       005AF8
__ptext11                           text11       005918
__ptext12                           text12       0022A8
__ptext13                           text13       00522A
__ptext14                           text14       0042C4
__ptext15                           text15       000EB8
__ptext16                           text16       005986
__ptext17                           text17       006040
__ptext18                           text18       0059E6
__ptext19                           text19       0037F6
__ptext2                            text2        00627E
__ptext20                           text20       00512C
__ptext21                           text21       004F22
__ptext22                           text22       005EB8
__ptext23                           text23       006078
__ptext24                           text24       0056E0
__ptext25                           text25       005630
__ptext26                           text26       003518
__ptext27                           text27       00556E
__ptext28                           text28       005B9C
__ptext29                           text29       005EFE
__ptext3                            text3        005E1C
__ptext30                           text30       0053E0
__ptext31                           text31       006388
__ptext32                           text32       005FC8
__ptext33                           text33       00475C
__ptext34                           text34       00445E
__ptext35                           text35       003F86
__ptext36                           text36       005B4A
__ptext37                           text37       0060B0
__ptext38                           text38       0060E8
__ptext39                           text39       0062CC
__ptext4                            text4        006008
__ptext40                           text40       001B12
__ptext41                           text41       00578A
__ptext42                           text42       005818
__ptext43                           text43       0048C0
__ptext44                           text44       005A44
__ptext45                           text45       005BEC
__ptext46                           text46       005C3C
__ptext47                           text47       005C8C
__ptext48                           text48       005CDC
__ptext49                           text49       006320
__ptext5                            text5        0061FE
__ptext50                           text50       006344
__ptext51                           text51       00634E
__ptext52                           text52       006358
__ptext53                           text53       005F86
__ptext54                           text54       006142
__ptext55                           text55       0061DC
__ptext56                           text56       0045E6
__ptext57                           text57       00317E
__ptext58                           text58       00621E
__ptext59                           text59       0062E4
__ptext6                            text6        006312
__ptext60                           text60       00623E
__ptext61                           text61       005D2C
__ptext62                           text62       00632C
__ptext63                           text63       006362
__ptext64                           text64       0062FC
__ptext65                           text65       004B6A
__ptext66                           text66       005D7C
__ptext67                           text67       005DCC
__ptext68                           text68       004A16
__ptext69                           text69       003A08
__ptext7                            text7        006118
__ptext70                           text70       003DD2
__ptext71                           text71       002D54
__ptext72                           text72       005028
__ptext73                           text73       002894
__ptext74                           text74       0058A6
__ptext75                           text75       003BFE
__ptext76                           text76       006192
__ptext77                           text77       0054AA
__ptext78                           text78       004DF0
__ptext79                           text79       006298
__ptext8                            text8        004CB6
__ptext82                           text82       0062B2
__ptext83                           text83       005E6A
__ptext84                           text84       00625E
__ptext85                           text85       006338
__ptext86                           text86       00636C
__ptext87                           text87       006376
__ptext88                           text88       00616A
__ptext9                            text9        00530C
__ramtop                            ramtop       000E00
__size_of_ADC_getval                (abs)        000000
__size_of_ADC_init                  (abs)        000000
__size_of_DCmotors_calibration      (abs)        000000
__size_of_DCmotors_init             (abs)        000000
__size_of_DCmotors_setPWM           (abs)        000000
__size_of_HighISR                   (abs)        000000
__size_of_I2C_2_Master_Idle         (abs)        000000
__size_of_I2C_2_Master_Init         (abs)        000000
__size_of_I2C_2_Master_Read         (abs)        000000
__size_of_I2C_2_Master_RepStart     (abs)        000000
__size_of_I2C_2_Master_Start        (abs)        000000
__size_of_I2C_2_Master_Stop         (abs)        000000
__size_of_I2C_2_Master_Write        (abs)        000000
__size_of_LowISR                    (abs)        000000
__size_of_USART4_init               (abs)        000000
__size_of___aodiv                   (abs)        000000
__size_of___aomod                   (abs)        000000
__size_of___awdiv                   (abs)        000000
__size_of___awmod                   (abs)        000000
__size_of___fladd                   (abs)        000000
__size_of___fldiv                   (abs)        000000
__size_of___fleq                    (abs)        000000
__size_of___flge                    (abs)        000000
__size_of___flmul                   (abs)        000000
__size_of___flneg                   (abs)        000000
__size_of___flsub                   (abs)        000000
__size_of___fltol                   (abs)        000000
__size_of___fpclassifyf             (abs)        000000
__size_of___wmul                    (abs)        000000
__size_of___xxtofl                  (abs)        000000
__size_of_abs                       (abs)        000000
__size_of_adjdelay                  (abs)        000000
__size_of_atoi                      (abs)        000000
__size_of_buggyLEDs_init            (abs)        000000
__size_of_checkbatterylevel         (abs)        000000
__size_of_clicker2LEDs_init         (abs)        000000
__size_of_clicker2buttons_init      (abs)        000000
__size_of_colourcards_normaliseRGBC (abs)        000000
__size_of_colourcards_readRGBC      (abs)        000000
__size_of_colourclickLEDs_C         (abs)        000000
__size_of_colourclickLEDs_init      (abs)        000000
__size_of_colourclick_calibration   (abs)        000000
__size_of_colourclick_init          (abs)        000000
__size_of_colourclick_readB         (abs)        000000
__size_of_colourclick_readC         (abs)        000000
__size_of_colourclick_readG         (abs)        000000
__size_of_colourclick_readR         (abs)        000000
__size_of_colourclick_readRGBC      (abs)        000000
__size_of_colourclick_readRGBC2     (abs)        000000
__size_of_colourclick_testing       (abs)        000000
__size_of_colourclick_writetoaddr   (abs)        000000
__size_of_dtoa                      (abs)        000000
__size_of_efgtoa                    (abs)        000000
__size_of_floorf                    (abs)        000000
__size_of_forward                   (abs)        000000
__size_of_fputc                     (abs)        000000
__size_of_fputs                     (abs)        000000
__size_of_interrupts_clear          (abs)        000000
__size_of_interrupts_colour         (abs)        000000
__size_of_interrupts_init           (abs)        000000
__size_of_isdigit                   (abs)        000000
__size_of_isspace                   (abs)        000000
__size_of_isupper                   (abs)        000000
__size_of_left                      (abs)        000000
__size_of_main                      (abs)        000000
__size_of_pad                       (abs)        000000
__size_of_putch                     (abs)        000000
__size_of_reverse                   (abs)        000000
__size_of_right                     (abs)        000000
__size_of_sendCharSerial4           (abs)        000000
__size_of_sendStringSerial4         (abs)        000000
__size_of_sprintf                   (abs)        000000
__size_of_stoa                      (abs)        000000
__size_of_stop                      (abs)        000000
__size_of_strcpy                    (abs)        000000
__size_of_strlen                    (abs)        000000
__size_of_strncmp                   (abs)        000000
__size_of_tolower                   (abs)        000000
__size_of_turnleft                  (abs)        000000
__size_of_turnright                 (abs)        000000
__size_of_vfpfcnvrt                 (abs)        000000
__size_of_vfprintf                  (abs)        000000
__size_ofi2_I2C_2_Master_Idle       (abs)        000000
__size_ofi2_I2C_2_Master_Start      (abs)        000000
__size_ofi2_I2C_2_Master_Stop       (abs)        000000
__size_ofi2_I2C_2_Master_Write      (abs)        000000
__size_ofi2_colourclick_writetoaddr (abs)        000000
__size_ofi2_interrupts_clear        (abs)        000000
__size_ofi2_interrupts_colour       (abs)        000000
__smallconst                        smallconst   000E00
_abs                                text32       005FC8
_adjdelay                           text78       004DF0
_atoi                               text35       003F86
_atoi$3206                          cstackCOMRAM 000019
_atoi$3207                          cstackCOMRAM 00001D
_atoi$3208                          cstackCOMRAM 00001B
_buggyLEDs_init                     text64       0062FC
_checkbatterylevel                  text58       00621E
_clear_lower                        bssBANK1     000122
_clear_upper                        bssBANK1     000120
_clicker2LEDs_init                  text63       006362
_clicker2buttons_init               text62       00632C
_colourcard_flag                    bssBANK1     000129
_colourcards_normaliseRGBC          text56       0045E6
_colourcards_readRGBC               text40       001B12
_colourclickLEDs_C                  text55       0061DC
_colourclickLEDs_init               text6        006312
_colourclick_calibration            text8        004CB6
_colourclick_init                   text4        006008
_colourclick_readB                  text48       005CDC
_colourclick_readC                  text47       005C8C
_colourclick_readG                  text46       005C3C
_colourclick_readR                  text45       005BEC
_colourclick_readRGBC               text44       005A44
_colourclick_readRGBC2              text43       0048C0
_colourclick_testing                text9        00530C
_colourclick_writetoaddr            text5        0061FE
_dbuf                               bssBANK1     00012C
_dtoa                               text26       003518
_dtoa$3104                          cstackCOMRAM 000037
_efgtoa                             text15       000EB8
_efgtoa$3128                        cstackBANK0  00006C
_efgtoa$3129                        cstackBANK0  00006E
_efgtoa$3133                        cstackBANK0  000070
_efgtoa$3137                        cstackBANK0  000072
_efgtoa$3138                        cstackBANK0  000074
_efgtoa$3139                        cstackBANK0  000076
_flags                              bssCOMRAM    00004F
_floorf                             text19       0037F6
_forward                            text42       005818
_fputc                              text30       0053E0
_fputs                              text29       005EFE
_interrupts_clear                   text2        00627E
_interrupts_colour                  text3        005E1C
_interrupts_init                    text1        0061B8
_interrupts_lowerbound              bssCOMRAM    000051
_interrupts_upperbound              nvCOMRAM     000054
_isdigit                            text37       0060B0
_isspace                            text36       005B4A
_isspace$3237                       cstackCOMRAM 000010
_isupper                            text17       006040
_left                               text69       003A08
_left$3571                          cstackBANK0  000064
_main                               text0        00412A
_nout                               bssBANK1     00011C
_overtime_flag                      bssBANK1     00012A
_pad                                text27       00556E
_prec                               bssCOMRAM    00004D
_putch                              text31       006388
_returnhome_flag                    bssBANK0     0000F4
_reverse                            text41       00578A
_right                              text68       004A16
_sendCharSerial4                    text39       0062CC
_sendStringSerial4                  text38       0060E8
_sprintf                            text10       005AF8
_stoa                               text14       0042C4
_stop                               text74       0058A6
_strcpy                             text18       0059E6
_strlen                             text28       005B9C
_strncmp                            text13       00522A
_tolower                            text16       005986
_tolower$3300                       cstackCOMRAM 000016
_turnleft                           text67       005DCC
_turnleft_delay                     bssBANK1     000126
_turnright                          text66       005D7C
_turnright_delay                    bssBANK1     000124
_unknowncard_flag                   bssBANK1     000128
_vfpfcnvrt                          text12       0022A8
_vfpfcnvrt$3164                     cstackBANK0  0000B4
_vfpfcnvrt$3169                     cstackBANK0  0000B6
_vfprintf                           text11       005918
_width                              bssBANK1     00011E
abs@a                               cstackCOMRAM 00001C
adjdelay@i                          cstackCOMRAM 00000C
adjdelay@mode                       cstackCOMRAM 00000D
atoi@n                              cstackCOMRAM 00001E
atoi@neg                            cstackCOMRAM 000017
atoi@s                              cstackCOMRAM 000011
btemp                               temp         000056
checkbatterylevel@batterylevel      cstackCOMRAM 00000B
colourcards_normaliseRGBC@B         cstackCOMRAM 000039
colourcards_normaliseRGBC@C         cstackCOMRAM 00003B
colourcards_normaliseRGBC@G         cstackCOMRAM 000037
colourcards_normaliseRGBC@R         cstackCOMRAM 000035
colourcards_normaliseRGBC@abs       cstackCOMRAM 000031
colourcards_normaliseRGBC@rel       cstackCOMRAM 000033
colourcards_readRGBC@abs            cstackBANK0  000070
colourcards_readRGBC@mL             cstackBANK0  000072
colourcards_readRGBC@mR             cstackBANK0  000074
colourcards_readRGBC@rel            cstackBANK0  000076
colourclickLEDs_C@tog               cstackCOMRAM 00000A
colourclick_calibration@current     cstackBANK1  0001B7
colourclick_calibration@i           cstackBANK1  0001AE
colourclick_calibration@initial     cstackBANK1  0001AF
colourclick_readB@tmp               cstackCOMRAM 000013
colourclick_readC@tmp               cstackCOMRAM 000013
colourclick_readG@tmp               cstackCOMRAM 000013
colourclick_readR@tmp               cstackCOMRAM 000013
colourclick_readRGBC2@mode          cstackCOMRAM 000019
colourclick_readRGBC2@tmpval        cstackCOMRAM 000017
colourclick_readRGBC@tmpval         cstackCOMRAM 000015
colourclick_testing@B               cstackBANK1  0001AA
colourclick_testing@C               cstackBANK1  0001AC
colourclick_testing@G               cstackBANK1  0001A8
colourclick_testing@R               cstackBANK1  0001A6
colourclick_testing@ambient         cstackBANK1  0001A4
colourclick_testing@buf             cstackBANK1  00017C
colourclick_testing@current         cstackBANK0  0000EC
colourclick_testing@initial         cstackBANK0  0000EA
colourclick_writetoaddr@address     cstackCOMRAM 00000D
colourclick_writetoaddr@value       cstackCOMRAM 00000C
dtoa@d                              cstackCOMRAM 000027
dtoa@fp                             cstackCOMRAM 000025
dtoa@i                              cstackCOMRAM 000047
dtoa@n                              cstackCOMRAM 00003F
dtoa@p                              cstackCOMRAM 000039
dtoa@s                              cstackCOMRAM 00003D
dtoa@w                              cstackCOMRAM 00003B
efgtoa@c                            cstackBANK0  000066
efgtoa@d                            cstackBANK0  000084
efgtoa@e                            cstackBANK0  00009C
efgtoa@f                            cstackBANK0  000062
efgtoa@fp                           cstackBANK0  000060
efgtoa@g                            cstackBANK0  000098
efgtoa@h                            cstackBANK0  00008E
efgtoa@i                            cstackBANK0  000096
efgtoa@l                            cstackBANK0  000092
efgtoa@m                            cstackBANK0  00007E
efgtoa@mode                         cstackBANK0  00008D
efgtoa@n                            cstackBANK0  00009E
efgtoa@ne                           cstackBANK0  00007C
efgtoa@nmode                        cstackBANK0  00008C
efgtoa@ou                           cstackBANK0  000080
efgtoa@p                            cstackBANK0  000088
efgtoa@pp                           cstackBANK0  00007A
efgtoa@sign                         cstackBANK0  000086
efgtoa@t                            cstackBANK0  000078
efgtoa@u                            cstackBANK0  0000A0
efgtoa@w                            cstackBANK0  00008A
end_of_initialization               cinit        005AEE
floorf@F527                         bssBANK1     000114
floorf@e                            cstackCOMRAM 00003F
floorf@m                            cstackCOMRAM 00003B
floorf@u                            cstackCOMRAM 000041
floorf@x                            cstackCOMRAM 000031
forward@mL                          cstackCOMRAM 000023
forward@mR                          cstackCOMRAM 000025
fputc@c                             cstackCOMRAM 00000A
fputc@fp                            cstackCOMRAM 00000C
fputs@c                             cstackCOMRAM 000017
fputs@fp                            cstackCOMRAM 000015
fputs@i                             cstackCOMRAM 000018
fputs@s                             cstackCOMRAM 000013
i2I2C_2_Master_Write@data_byte      cstackCOMRAM 000002
i2_I2C_2_Master_Idle                text88       00616A
i2_I2C_2_Master_Start               text87       006376
i2_I2C_2_Master_Stop                text86       00636C
i2_I2C_2_Master_Write               text85       006338
i2_colourclick_writetoaddr          text84       00625E
i2_interrupts_clear                 text82       0062B2
i2_interrupts_colour                text83       005E6A
i2colourclick_writetoaddr@address   cstackCOMRAM 000004
i2colourclick_writetoaddr@value     cstackCOMRAM 000003
int$flags                           temp         000056
int_func                            intcode_body 005F42
intlevel0                           text         000000
intlevel1                           text         000000
intlevel2                           text         000000
intlevel3                           text         000000
isa$std                             (abs)        000001
isa$xinst                           (abs)        000000
isdigit@c                           cstackCOMRAM 00000A
isspace@c                           cstackCOMRAM 00000A
isupper@c                           cstackCOMRAM 00000A
left@deg                            cstackCOMRAM 000045
left@delay                          cstackBANK0  000060
left@i                              cstackBANK0  000068
left@mL                             cstackCOMRAM 000041
left@mR                             cstackCOMRAM 000043
main@current                        cstackBANK1  0001BF
main@motorL                         cstackBANK1  0001C7
main@motorR                         cstackBANK1  0001D0
pad@buf                             cstackCOMRAM 00001C
pad@fp                              cstackCOMRAM 00001A
pad@i                               cstackCOMRAM 000021
pad@p                               cstackCOMRAM 00001E
pad@w                               cstackCOMRAM 000023
reverse@mL                          cstackCOMRAM 000023
reverse@mR                          cstackCOMRAM 000025
right@deg                           cstackCOMRAM 000027
right@delay                         cstackCOMRAM 00002B
right@i                             cstackCOMRAM 00002D
right@mL                            cstackCOMRAM 000023
right@mR                            cstackCOMRAM 000025
sendCharSerial4@charToSend          cstackCOMRAM 00000A
sendStringSerial4@string            cstackCOMRAM 00000B
sprintf@ap                          cstackBANK0  0000E2
sprintf@f                           cstackBANK0  0000E4
sprintf@fmt                         cstackBANK0  0000CA
sprintf@s                           cstackBANK0  0000C8
stackhi                             (abs)        000DE9
stacklo                             (abs)        00023C
start                               init         000060
start_initialization                cinit        005AA2
stoa@F1163                          dataBANK1    0001D9
stoa@cp                             cstackCOMRAM 000023
stoa@fp                             cstackCOMRAM 000013
stoa@i                              cstackCOMRAM 00001F
stoa@l                              cstackCOMRAM 000027
stoa@nuls                           cstackCOMRAM 000018
stoa@p                              cstackCOMRAM 000025
stoa@s                              cstackCOMRAM 000015
stoa@w                              cstackCOMRAM 000021
stop@mL                             cstackCOMRAM 000023
stop@mR                             cstackCOMRAM 000025
strcpy@d                            cstackCOMRAM 000012
strcpy@dest                         cstackCOMRAM 00000A
strcpy@s                            cstackCOMRAM 000010
strcpy@src                          cstackCOMRAM 00000C
strlen@a                            cstackCOMRAM 00000C
strlen@s                            cstackCOMRAM 00000A
strncmp@_l                          cstackCOMRAM 00000A
strncmp@_r                          cstackCOMRAM 00000C
strncmp@l                           cstackCOMRAM 000011
strncmp@n                           cstackCOMRAM 00000E
strncmp@r                           cstackCOMRAM 000013
tolower@c                           cstackCOMRAM 000010
ttemp5                              temp         000057
ttemp6                              temp         00005A
ttemp7                              temp         00005E
turnleft@deg                        cstackBANK0  00006E
turnleft@mL                         cstackBANK0  00006A
turnleft@mR                         cstackBANK0  00006C
turnright@deg                       cstackBANK0  00006E
turnright@mL                        cstackBANK0  00006A
turnright@mR                        cstackBANK0  00006C
vfpfcnvrt@ap                        cstackBANK0  0000A8
vfpfcnvrt@c                         cstackBANK0  0000BF
vfpfcnvrt@cp                        cstackBANK0  0000B2
vfpfcnvrt@ct                        cstackBANK0  0000BC
vfpfcnvrt@f                         cstackBANK0  0000B8
vfpfcnvrt@fmt                       cstackBANK0  0000A6
vfpfcnvrt@fp                        cstackBANK0  0000A4
vfpfcnvrt@ll                        cstackBANK0  0000AA
vfprintf@ap                         cstackBANK0  0000C4
vfprintf@cfmt                       cstackBANK0  0000C6
vfprintf@fmt                        cstackBANK0  0000C2
vfprintf@fp                         cstackBANK0  0000C0
wtemp8                              temp         000057


MODULE INFORMATION

Module		Function		Class		Link	Load	Size
C:\Program Files\Microchip\xc8\v2.32\pic\sources\c99\common\nf_sprintf.c
		_sprintf       		CODE           	5AF8	0000	82

C:\Program Files\Microchip\xc8\v2.32\pic\sources\c99\common\nf_sprintf.c estimated size: 82

C:\Program Files\Microchip\xc8\v2.32\pic\sources\c99\common\awdiv.c
		___awdiv       		CODE           	54AA	0000	196

C:\Program Files\Microchip\xc8\v2.32\pic\sources\c99\common\awdiv.c estimated size: 196

C:\Program Files\Microchip\xc8\v2.32\pic\sources\c99\common\isdigit.c
		_isdigit       		CODE           	60B0	0000	56

C:\Program Files\Microchip\xc8\v2.32\pic\sources\c99\common\isdigit.c estimated size: 56

C:\Program Files\Microchip\xc8\v2.32\pic\sources\c99\common\sprcadd.c
		___flsub       		CODE           	5EB8	0000	70
		___fladd       		CODE           	2894	0000	1216

C:\Program Files\Microchip\xc8\v2.32\pic\sources\c99\common\sprcadd.c estimated size: 1286

buttons_n_LEDs.c
		_colourclickLEDs_init		CODE           	6312	0000	14
		_clicker2buttons_init		CODE           	632C	0000	12
		_clicker2LEDs_init		CODE           	6362	0000	10
		_buggyLEDs_init		CODE           	62FC	0000	22
		_colourclickLEDs_C		CODE           	61DC	0000	34

buttons_n_LEDs.c estimated size: 92

C:\Program Files\Microchip\xc8\v2.32\pic\sources\c99\common\doprnt.c
		_vfpfcnvrt     		CODE           	22A8	0000	1516
		_efgtoa        		CODE           	0EB8	0000	3162
		_pad           		CODE           	556E	0000	194
		_dtoa          		CODE           	3518	0000	734
		_vfprintf      		CODE           	5918	0000	110
		_stoa          		CODE           	42C4	0000	410

C:\Program Files\Microchip\xc8\v2.32\pic\sources\c99\common\doprnt.c estimated size: 6126

C:\Program Files\Microchip\xc8\v2.32\pic\sources\c99\common\flneg.c
		___flneg       		CODE           	6078	0000	56

C:\Program Files\Microchip\xc8\v2.32\pic\sources\c99\common\flneg.c estimated size: 56

interrupts.c
		_interrupts_init		CODE           	61B8	0000	36
		_LowISR        		CODE           	0018	0000	72
		_interrupts_clear		CODE           	627E	0000	26
		_interrupts_colour		CODE           	5E1C	0000	78
		_HighISR       		CODE           	0008	0000	74

interrupts.c estimated size: 286

I2C.c
		_I2C_2_Master_Start		CODE           	634E	0000	10
		_I2C_2_Master_Read		CODE           	5F86	0000	66
		_I2C_2_Master_Idle		CODE           	6142	0000	40
		_I2C_2_Master_Init		CODE           	6118	0000	42
		_I2C_2_Master_Stop		CODE           	6344	0000	10
		_I2C_2_Master_RepStart		CODE           	6358	0000	10
		_I2C_2_Master_Write		CODE           	6320	0000	12

I2C.c estimated size: 190

DC_motors.c
		_DCmotors_init 		CODE           	5D2C	0000	80
		_stop          		CODE           	58A6	0000	114
		_checkbatterylevel		CODE           	621E	0000	32
		_forward       		CODE           	5818	0000	142
		_DCmotors_setPWM		CODE           	3BFE	0000	468
		_adjdelay      		CODE           	4DF0	0000	306
		_turnleft      		CODE           	5DCC	0000	80
		_left          		CODE           	3A08	0000	502
		_turnright     		CODE           	5D7C	0000	80
		_DCmotors_calibration		CODE           	4B6A	0000	332
		_right         		CODE           	4A16	0000	340
		_reverse       		CODE           	578A	0000	142

DC_motors.c estimated size: 2618

C:\Program Files\Microchip\xc8\v2.32\pic\sources\c99\common\atoi.c
		_atoi          		CODE           	3F86	0000	420

C:\Program Files\Microchip\xc8\v2.32\pic\sources\c99\common\atoi.c estimated size: 420

C:\Program Files\Microchip\xc8\v2.32\pic\sources\c99\common\nf_fputs.c
		_fputs         		CODE           	5EFE	0000	68

C:\Program Files\Microchip\xc8\v2.32\pic\sources\c99\common\nf_fputs.c estimated size: 68

C:\Program Files\Microchip\xc8\v2.32\pic\sources\c99\common\fleq.c
		___fleq        		CODE           	56E0	0000	170

C:\Program Files\Microchip\xc8\v2.32\pic\sources\c99\common\fleq.c estimated size: 170

C:\Program Files\Microchip\xc8\v2.32\pic\sources\c99\common\putch.c
		_putch         		CODE           	6388	0000	2

C:\Program Files\Microchip\xc8\v2.32\pic\sources\c99\common\putch.c estimated size: 2

C:\Program Files\Microchip\xc8\v2.32\pic\sources\c99\common\__fpclassifyf.c
		___fpclassifyf 		CODE           	512C	0000	254

C:\Program Files\Microchip\xc8\v2.32\pic\sources\c99\common\__fpclassifyf.c estimated size: 254

C:\Program Files\Microchip\xc8\v2.32\pic\sources\c99\common\isupper.c
		_isupper       		CODE           	6040	0000	56

C:\Program Files\Microchip\xc8\v2.32\pic\sources\c99\common\isupper.c estimated size: 56

C:\Program Files\Microchip\xc8\v2.32\pic\sources\c99\common\Umul16.c
		___wmul        		CODE           	6192	0000	38

C:\Program Files\Microchip\xc8\v2.32\pic\sources\c99\common\Umul16.c estimated size: 38

C:\Program Files\Microchip\xc8\v2.32\pic\sources\c99\common\abs.c
		_abs           		CODE           	5FC8	0000	64

C:\Program Files\Microchip\xc8\v2.32\pic\sources\c99\common\abs.c estimated size: 64

C:\Program Files\Microchip\xc8\v2.32\pic\sources\c99\common\aomod.c
		___aomod       		CODE           	475C	0000	356

C:\Program Files\Microchip\xc8\v2.32\pic\sources\c99\common\aomod.c estimated size: 356

C:\Program Files\Microchip\xc8\v2.32\pic\sources\c99\common\isspace.c
		_isspace       		CODE           	5B4A	0000	82

C:\Program Files\Microchip\xc8\v2.32\pic\sources\c99\common\isspace.c estimated size: 82

C:\Program Files\Microchip\xc8\v2.32\pic\sources\c99\common\strncmp.c
		_strncmp       		CODE           	522A	0000	226

C:\Program Files\Microchip\xc8\v2.32\pic\sources\c99\common\strncmp.c estimated size: 226

C:\Program Files\Microchip\xc8\v2.32\pic\sources\c99\common\tolower.c
		_tolower       		CODE           	5986	0000	96

C:\Program Files\Microchip\xc8\v2.32\pic\sources\c99\common\tolower.c estimated size: 96

shared
		i2_colourclick_writetoaddr		CODE           	625E	0000	32
		i2_I2C_2_Master_Stop		CODE           	636C	0000	10
		i2_interrupts_clear		CODE           	62B2	0000	26
		i2_I2C_2_Master_Idle		CODE           	616A	0000	40
		__initialization		CODE           	5AA2	0000	76
		i2_interrupts_colour		CODE           	5E6A	0000	78
		i2_I2C_2_Master_Write		CODE           	6338	0000	12
		i2_I2C_2_Master_Start		CODE           	6376	0000	10

shared estimated size: 284

C:\Program Files\Microchip\xc8\v2.32\pic\sources\c99\common\sprcmul.c
		___flmul       		CODE           	2D54	0000	1066

C:\Program Files\Microchip\xc8\v2.32\pic\sources\c99\common\sprcmul.c estimated size: 1066

C:\Program Files\Microchip\xc8\v2.32\pic\sources\c99\common\awmod.c
		___awmod       		CODE           	5630	0000	176

C:\Program Files\Microchip\xc8\v2.32\pic\sources\c99\common\awmod.c estimated size: 176

colour_click.c
		_colourclick_writetoaddr		CODE           	61FE	0000	32
		_colourclick_readR		CODE           	5BEC	0000	80
		_colourclick_readRGBC		CODE           	5A44	0000	94
		_colourclick_testing		CODE           	530C	0000	212
		_colourclick_init		CODE           	6008	0000	56
		_colourclick_readRGBC2		CODE           	48C0	0000	342
		_colourclick_calibration		CODE           	4CB6	0000	314
		_colourclick_readB		CODE           	5CDC	0000	80
		_colourclick_readC		CODE           	5C8C	0000	80
		_colourclick_readG		CODE           	5C3C	0000	80

colour_click.c estimated size: 1370

ADC.c
		_ADC_init      		CODE           	6298	0000	26
		_ADC_getval    		CODE           	62E4	0000	24

ADC.c estimated size: 50

C:\Program Files\Microchip\xc8\v2.32\pic\sources\c99\common\sprcdiv.c
		___fldiv       		CODE           	317E	0000	922

C:\Program Files\Microchip\xc8\v2.32\pic\sources\c99\common\sprcdiv.c estimated size: 922

C:\Program Files\Microchip\xc8\v2.32\pic\sources\c99\common\fltol.c
		___fltol       		CODE           	4F22	0000	262

C:\Program Files\Microchip\xc8\v2.32\pic\sources\c99\common\fltol.c estimated size: 262

C:\Program Files\Microchip\xc8\v2.32\pic\sources\c99\common\xxtofl.c
		___xxtofl      		CODE           	3DD2	0000	436

C:\Program Files\Microchip\xc8\v2.32\pic\sources\c99\common\xxtofl.c estimated size: 436

C:\Program Files\Microchip\xc8\v2.32\pic\sources\c99\common\nf_fputc.c
		_fputc         		CODE           	53E0	0000	202

C:\Program Files\Microchip\xc8\v2.32\pic\sources\c99\common\nf_fputc.c estimated size: 202

C:\Program Files\Microchip\xc8\v2.32\pic\sources\c99\common\aodiv.c
		___aodiv       		CODE           	445E	0000	392

C:\Program Files\Microchip\xc8\v2.32\pic\sources\c99\common\aodiv.c estimated size: 392

main.c
		_main          		CODE           	412A	0000	410

main.c estimated size: 410

C:\Program Files\Microchip\xc8\v2.32\pic\sources\c99\common\strlen.c
		_strlen        		CODE           	5B9C	0000	80

C:\Program Files\Microchip\xc8\v2.32\pic\sources\c99\common\strlen.c estimated size: 80

C:\Program Files\Microchip\xc8\v2.32\pic\sources\c99\common\flge.c
		___flge        		CODE           	5028	0000	260

C:\Program Files\Microchip\xc8\v2.32\pic\sources\c99\common\flge.c estimated size: 260

C:\Program Files\Microchip\xc8\v2.32\pic\sources\c99\common\floorf.c
		_floorf        		CODE           	37F6	0000	530

C:\Program Files\Microchip\xc8\v2.32\pic\sources\c99\common\floorf.c estimated size: 530

serial_comm.c
		_sendStringSerial4		CODE           	60E8	0000	48
		_sendCharSerial4		CODE           	62CC	0000	24
		_USART4_init   		CODE           	623E	0000	32

serial_comm.c estimated size: 104

colour_cards.c
		_colourcards_readRGBC		CODE           	1B12	0000	1942
		_colourcards_normaliseRGBC		CODE           	45E6	0000	374

colour_cards.c estimated size: 2316

C:\Program Files\Microchip\xc8\v2.32\pic\sources\c99\common\strcpy.c
		_strcpy        		CODE           	59E6	0000	94

C:\Program Files\Microchip\xc8\v2.32\pic\sources\c99\common\strcpy.c estimated size: 94

