Microchip MPLAB XC8 Compiler V2.32

Linker command line:

-W-3 --edf=C:\Program Files\Microchip\xc8\v2.32\pic\dat\en_msgs.txt -cn \
  -h+dist/default/production\final-project-tues-amanda-sara-v2.X.production.sym \
  --cmf=dist/default/production\final-project-tues-amanda-sara-v2.X.production.cmf \
  -z -Q18F67K40 -oC:\Users\amand\AppData\Local\Temp\xcAs11q0.4 \
  --defsym=__MPLAB_BUILD=1 \
  -Mdist/default/production/final-project-tues-amanda-sara-v2.X.production.map \
  -E1 -ver=XC8 Compiler --acfsm=1493 -ASTACK=023Ch-0DE9h -pstack=STACK \
  -ACODE=00h-01FFFFh -ACONST=00h-01FFFFh -ASMALLCONST=0E00h-0EFFhx498 \
  -AMEDIUMCONST=0E00h-0FFFFh,010E00h-01FFFFh -ACOMRAM=01h-05Fh \
  -AABS1=00h-0DE9h -ABIGRAM=01h-0DE9h \
  -ARAM=060h-0FFh,0100h-01FFhx12,0D00h-0DE9h -ABANK0=060h-0FFh \
  -ABANK1=0100h-01FFh -ABANK2=0200h-02FFh -ABANK3=0300h-03FFh \
  -ABANK4=0400h-04FFh -ABANK5=0500h-05FFh -ABANK6=0600h-06FFh \
  -ABANK7=0700h-07FFh -ABANK8=0800h-08FFh -ABANK9=0900h-09FFh \
  -ABANK10=0A00h-0AFFh -ABANK11=0B00h-0BFFh -ABANK12=0C00h-0CFFh \
  -ABANK13=0D00h-0DE9h \
  -ASFR=0DEFh-0DFFh,0E00h-0EFFh,0F00h-0F5Fh,0F60h-0FFFh \
  -ACONFIG=0300000h-030000Bh -AIDLOC=0200000h-020000Fh \
  -AEEDATA=0310000h-03103FFh -peeprom_data=EEDATA \
  -preset_vec=00h,intcode,intcodelo,powerup,init -pramtop=0E00h \
  -psmallconst=SMALLCONST -pmediumconst=MEDIUMCONST -pconst=CONST \
  -AFARRAM=00h-00h \
  -prdata=COMRAM,nvrram=COMRAM,nvbit=COMRAM,rbss=COMRAM,rbit=COMRAM \
  -pfarbss=FARRAM,fardata=FARRAM,nvFARRAM=FARRAM \
  -pintsave_regs=BIGRAM,bigbss=BIGRAM,bigdata=BIGRAM -pbss=RAM \
  -pidata=CODE,irdata=CODE,ibigdata=CODE,ifardata=CODE -prparam=COMRAM \
  C:\Users\amand\AppData\Local\Temp\xcAs11q0.o \
  dist/default/production\final-project-tues-amanda-sara-v2.X.production.o 

Object code version is 3.11

Machine type is 18F67K40



                Name                               Link     Load   Length Selector   Space Scale
C:\Users\amand\AppData\Local\Temp\xcAs11q0.o
                idloc                            200000   200000       10        0       5
                config                           300000   300000        C        0       4
                init                                  0        0        4        0       0
dist/default/production\final-project-tues-amanda-sara-v2.X.production.o
                idloc                            200000   200000       10        0       5
                config                           300000   300000        C        0       4
                smallconst                          E00      E00       8C      700       0
                text62                             5460     5460       1A      746       0
                text61                             54AA     54AA       16      746       0
                text60                             5504     5504        A      746       0
                text59                             54DA     54DA        C      746       0
                text58                             50B0     50B0       50      746       0
                text57                             5440     5440       20      746       0
                text56                             5492     5492       18      746       0
                text55                             5420     5420       20      746       0
                text54                             3CB0     3CB0      1B4      746       0
                text53                             5390     5390       28      746       0
                text52                             51D4     51D4       42      746       0
                text51                             54FA     54FA        A      746       0
                text50                             54F0     54F0        A      746       0
                text49                             54E6     54E6        A      746       0
                text48                             54CE     54CE        C      746       0
                text47                             5060     5060       50      746       0
                text46                             5010     5010       50      746       0
                text45                             4FC0     4FC0       50      746       0
                text44                             4F70     4F70       50      746       0
                text43                             4E1E     4E1E       5E      746       0
                text42                             547A     547A       18      746       0
                text41                             5336     5336       30      746       0
                text40                             53B8     53B8       26      746       0
                text39                             52FE     52FE       38      746       0
                text38                             4ECE     4ECE       52      746       0
                text37                             3E64     3E64      1A4      746       0
                text36                             41A6     41A6      188      746       0
                text35                             432E     432E      164      746       0
                text34                             5216     5216       40      746       0
                text33                             5516     5516        2     2A8B       0
                text32                             494C     494C       CA      746       0
                text31                             5190     5190       44      746       0
                text30                             4F20     4F20       50      746       0
                text29                             4A16     4A16       C6      746       0
                text28                             37BA     37BA      2E4      746       0
                text27                             4ADC     4ADC       C4      746       0
                text26                             4BA0     4BA0       B0      746       0
                text25                             3420     3420      39A      746       0
                text24                             4C50     4C50       AA      746       0
                text23                             4598     4598      104      746       0
                text22                             2FF6     2FF6      42A      746       0
                text21                             52C6     52C6       38      746       0
                text20                             2B36     2B36      4C0      746       0
                text19                             514A     514A       46      746       0
                text18                             4492     4492      106      746       0
                text17                             469C     469C       FE      746       0
                text16                             3A9E     3A9E      212      746       0
                text15                             4DC0     4DC0       5E      746       0
                text14                             528E     528E       38      746       0
                text13                             4D60     4D60       60      746       0
                text12                              E8C      E8C      C58      746       0
                text11                             4008     4008      19E      746       0
                text10                             479A     479A       E2      746       0
                text9                              254E     254E      5E8      746       0
                text8                              4CFA     4CFA       66      746       0
                text7                              4E7C     4E7C       52      746       0
                text6                              1AE4     1AE4      A6A      746       0
                text5                              5366     5366       2A      746       0
                text4                              53DE     53DE       22      746       0
                text3                              54C0     54C0        E      746       0
                text2                              5400     5400       20      746       0
                text1                              5256     5256       38      746       0
                text0                              487C     487C       D0      746       0
                cstackCOMRAM                          1        1       5F        1       1
                cstackBANK0                          60       60       8A       60       1
                cstackBANK1                         100      100       78      100       1
                bssBANK2                            200      200       3C      200       1
                dataBANK1                           1E8      1E8        7      100       1
                bssBANK1                            178      178       70      100       1
                bssBANK0                             EA       EA       11       60       1
                cinit                              5100     5100       4A      746       0
                nvBANK0                              FB       FB        4       60       1
                idataBANK1                         550E     550E        7      746       0

TOTAL           Name                               Link     Load   Length     Space
        CLASS   STACK          

        CLASS   CODE           
                init                                  0        0        4         0
                text62                             5460     5460       1A         0
                text61                             54AA     54AA       16         0
                text60                             5504     5504        A         0
                text59                             54DA     54DA        C         0
                text58                             50B0     50B0       50         0
                text57                             5440     5440       20         0
                text56                             5492     5492       18         0
                text55                             5420     5420       20         0
                text54                             3CB0     3CB0      1B4         0
                text53                             5390     5390       28         0
                text52                             51D4     51D4       42         0
                text51                             54FA     54FA        A         0
                text50                             54F0     54F0        A         0
                text49                             54E6     54E6        A         0
                text48                             54CE     54CE        C         0
                text47                             5060     5060       50         0
                text46                             5010     5010       50         0
                text45                             4FC0     4FC0       50         0
                text44                             4F70     4F70       50         0
                text43                             4E1E     4E1E       5E         0
                text42                             547A     547A       18         0
                text41                             5336     5336       30         0
                text40                             53B8     53B8       26         0
                text39                             52FE     52FE       38         0
                text38                             4ECE     4ECE       52         0
                text37                             3E64     3E64      1A4         0
                text36                             41A6     41A6      188         0
                text35                             432E     432E      164         0
                text34                             5216     5216       40         0
                text33                             5516     5516        2         0
                text32                             494C     494C       CA         0
                text31                             5190     5190       44         0
                text30                             4F20     4F20       50         0
                text29                             4A16     4A16       C6         0
                text28                             37BA     37BA      2E4         0
                text27                             4ADC     4ADC       C4         0
                text26                             4BA0     4BA0       B0         0
                text25                             3420     3420      39A         0
                text24                             4C50     4C50       AA         0
                text23                             4598     4598      104         0
                text22                             2FF6     2FF6      42A         0
                text21                             52C6     52C6       38         0
                text20                             2B36     2B36      4C0         0
                text19                             514A     514A       46         0
                text18                             4492     4492      106         0
                text17                             469C     469C       FE         0
                text16                             3A9E     3A9E      212         0
                text15                             4DC0     4DC0       5E         0
                text14                             528E     528E       38         0
                text13                             4D60     4D60       60         0
                text12                              E8C      E8C      C58         0
                text11                             4008     4008      19E         0
                text10                             479A     479A       E2         0
                text9                              254E     254E      5E8         0
                text8                              4CFA     4CFA       66         0
                text7                              4E7C     4E7C       52         0
                text6                              1AE4     1AE4      A6A         0
                text5                              5366     5366       2A         0
                text4                              53DE     53DE       22         0
                text3                              54C0     54C0        E         0
                text2                              5400     5400       20         0
                text1                              5256     5256       38         0
                text0                              487C     487C       D0         0
                cinit                              5100     5100       4A         0
                idataBANK1                         550E     550E        7         0

        CLASS   CONST          

        CLASS   SMALLCONST     
                smallconst                          E00      E00       8C         0

        CLASS   MEDIUMCONST    

        CLASS   COMRAM         
                cstackCOMRAM                          1        1       5F         1

        CLASS   ABS1           

        CLASS   BIGRAM         

        CLASS   RAM            

        CLASS   BANK0          
                cstackBANK0                          60       60       8A         1
                bssBANK0                             EA       EA       11         1
                nvBANK0                              FB       FB        4         1

        CLASS   BANK1          
                cstackBANK1                         100      100       78         1
                dataBANK1                           1E8      1E8        7         1
                bssBANK1                            178      178       70         1

        CLASS   BANK2          
                bssBANK2                            200      200       3C         1

        CLASS   BANK3          

        CLASS   BANK4          

        CLASS   BANK5          

        CLASS   BANK6          

        CLASS   BANK7          

        CLASS   BANK8          

        CLASS   BANK9          

        CLASS   BANK10         

        CLASS   BANK11         

        CLASS   BANK12         

        CLASS   BANK13         

        CLASS   SFR            

        CLASS   CONFIG         
                config                           300000   300000        C         4

        CLASS   IDLOC          
                idloc                            200000   200000       10         5

        CLASS   EEDATA         

        CLASS   FARRAM         



SEGMENTS        Name                           Load    Length   Top    Selector   Space  Class

                reset_vec                      000000  000004  000004         0       0  CODE    
                cstackCOMRAM                   000001  00005F  000060         1       1  COMRAM  
                cstackBANK0                    000060  00009F  0000FF        60       1  BANK0   
                cstackBANK1                    000100  0000EF  0001EF       100       1  BANK1   
                bssBANK2                       000200  00003C  00023C       200       1  BANK2   
                smallconst                     000E00  00008C  000E8C       700       0  SMALLCON
                text12                         000E8C  004689  005515       746       0  CODE    
                text33                         005516  000002  005518      2A8B       0  CODE    


UNUSED ADDRESS RANGES

        Name                Unused          Largest block    Delta
        BANK0            0000FF-0000FF                1
        BANK1            0001EF-0001FF               11
        BANK10           000A00-000AFF              100
        BANK11           000B00-000BFF              100
        BANK12           000C00-000CFF              100
        BANK13           000D00-000DE9               EA
        BANK2            00023C-0002FF               C4
        BANK3            000300-0003FF              100
        BANK4            000400-0004FF              100
        BANK5            000500-0005FF              100
        BANK6            000600-0006FF              100
        BANK7            000700-0007FF              100
        BANK8            000800-0008FF              100
        BANK9            000900-0009FF              100
        BIGRAM           0000FF-0000FF                1
                         0001EF-0001FF               11
                         00023C-000DE9              BAE
        CODE             000004-000DFF              DFC
                         005515-005515                1
                         005518-01FFFF            1AAE8
        CONST            000004-000DFF              DFC
                         005515-005515                1
                         005518-01FFFF            1AAE8
        EEDATA           310000-3103FF              400
        MEDIUMCONST      005515-005515                1
                         005518-00FFFF             AAE8
                         010E00-01FFFF             F200
        RAM              0000FF-0000FF                1
                         0001EF-0001FF               11
                         00023C-000DE9              100
        SFR              000DEF-000FFF              100
        SMALLCONST       005515-005515                1
                         005518-01FFFF              100
        STACK            00023C-000DE9              BAE

                                  Symbol Table

?___aodiv                         cstackCOMRAM 000001
?___aomod                         cstackCOMRAM 000001
?___awdiv                         cstackCOMRAM 000001
?___awmod                         cstackCOMRAM 000001
?___fladd                         cstackCOMRAM 000001
?___fldiv                         cstackCOMRAM 00000F
?___flmul                         cstackCOMRAM 000001
?___flneg                         cstackCOMRAM 000001
?___flsub                         cstackCOMRAM 00001A
?___fltol                         cstackCOMRAM 000001
?___fpclassifyf                   cstackCOMRAM 000001
?___wmul                          cstackCOMRAM 000001
?___xxtofl                        cstackCOMRAM 000001
?_abs                             cstackCOMRAM 000013
?_atoi                            cstackCOMRAM 000008
?_colourclick_readB               cstackCOMRAM 000005
?_colourclick_readC               cstackCOMRAM 000005
?_colourclick_readG               cstackCOMRAM 000005
?_colourclick_readR               cstackCOMRAM 000005
?_dtoa                            cstackCOMRAM 00001C
?_efgtoa                          cstackCOMRAM 00003C
?_floorf                          cstackCOMRAM 000028
?_isdigit                         cstackCOMRAM 000001
?_isspace                         cstackCOMRAM 000001
?_isupper                         cstackCOMRAM 000001
?_pad                             cstackCOMRAM 000011
?_sprintf                         cstackBANK0  0000AE
?_stoa                            cstackCOMRAM 00000A
?_strlen                          cstackCOMRAM 000001
?_strncmp                         cstackCOMRAM 000001
?_tolower                         cstackCOMRAM 000007
?_vfpfcnvrt                       cstackCOMRAM 000048
?_vfprintf                        cstackCOMRAM 000052
ADC_getval@tmpval                 cstackCOMRAM 000001
DCmotors_init@PWMperiod           cstackCOMRAM 000001
I2C_2_Master_Read@ack             cstackCOMRAM 000003
I2C_2_Master_Read@tmp             cstackCOMRAM 000004
I2C_2_Master_Write@data_byte      cstackCOMRAM 000002
_ADCON0bits                       (abs)        000F60
_ADC_getval                       text56       005492
_ADC_init                         text62       005460
_ADPCH                            (abs)        000F5F
_ADREFbits                        (abs)        000F58
_ADRESH                           (abs)        000F64
_ANSELDbits                       (abs)        000EA7
_ANSELFbits                       (abs)        000EB4
_BAUD4CONbits                     (abs)        000EE9
_CM1CON0bits                      (abs)        000ED0
_CM1CON1bits                      (abs)        000ED1
_CM1NCHbits                       (abs)        000ED2
_CM1PCHbits                       (abs)        000ED3
_DAC1CON0bits                     (abs)        000EC6
_DAC1CON1bits                     (abs)        000EC7
_DCmotors_init                    text58       0050B0
_DCmotors_lower                   nvBANK0      0000FE
_DCmotors_upper                   nvBANK0      0000FD
_EUSART4RXbuf                     bssBANK1     000178
_EUSART4TXbuf                     bssBANK2     000200
_I2C_2_Master_Idle                text53       005390
_I2C_2_Master_Init                text5        005366
_I2C_2_Master_Read                text52       0051D4
_I2C_2_Master_RepStart            text51       0054FA
_I2C_2_Master_Start               text50       0054F0
_I2C_2_Master_Stop                text49       0054E6
_I2C_2_Master_Write               text48       0054CE
_INTCONbits                       (abs)        000FF2
_LATAbits                         (abs)        000F79
_LATCbits                         (abs)        000F7B
_LATDbits                         (abs)        000F7C
_LATE                             (abs)        000F7D
_LATEbits                         (abs)        000F7D
_LATFbits                         (abs)        000F7E
_LATG                             (abs)        000F7F
_LATGbits                         (abs)        000F7F
_LATHbits                         (abs)        000F80
_PIE0bits                         (abs)        000E29
_PIE4bits                         (abs)        000E2D
_PIR0bits                         (abs)        000E33
_PIR4bits                         (abs)        000E37
_PORTFbits                        (abs)        000F8E
_PWM6CONbits                      (abs)        000FA4
_PWM6DCH                          (abs)        000FA3
_PWM7CONbits                      (abs)        000FA1
_PWM7DCH                          (abs)        000FA0
_RC0PPS                           (abs)        000E62
_RC4REG                           (abs)        000EE3
_RC4STAbits                       (abs)        000EE7
_RC7PPS                           (abs)        000E69
_RD5PPS                           (abs)        000E6F
_RD6PPS                           (abs)        000E70
_RE2PPS                           (abs)        000E74
_RX4PPS                           (abs)        000E15
_RxBufReadCnt                     bssBANK0     0000F9
_RxBufWriteCnt                    bssBANK0     0000FA
_SP4BRGH                          (abs)        000EE6
_SP4BRGL                          (abs)        000EE5
_SSP2ADD                          (abs)        000ED6
_SSP2BUF                          (abs)        000ED5
_SSP2CLKPPS                       (abs)        000E1C
_SSP2CON1bits                     (abs)        000ED9
_SSP2CON2                         (abs)        000EDA
_SSP2CON2bits                     (abs)        000EDA
_SSP2DATPPS                       (abs)        000E1D
_SSP2STAT                         (abs)        000ED8
_T2CLKCONbits                     (abs)        000FBF
_T2CONbits                        (abs)        000FBD
_T2HLTbits                        (abs)        000FBE
_T2PR                             (abs)        000FBC
_TRISAbits                        (abs)        000F81
_TRISCbits                        (abs)        000F83
_TRISDbits                        (abs)        000F84
_TRISEbits                        (abs)        000F85
_TRISFbits                        (abs)        000F86
_TRISGbits                        (abs)        000F87
_TRISHbits                        (abs)        000F88
_TX4REG                           (abs)        000EE4
_TX4STAbits                       (abs)        000EE8
_TxBufReadCnt                     bssBANK0     0000F7
_TxBufWriteCnt                    bssBANK0     0000F8
_USART4_init                      text57       005440
__HRAM                            (abs)        000000
__Habs1                           abs1         000000
__Hbank0                          bank0        000000
__Hbank1                          bank1        000000
__Hbank10                         bank10       000000
__Hbank11                         bank11       000000
__Hbank12                         bank12       000000
__Hbank13                         bank13       000000
__Hbank2                          bank2        000000
__Hbank3                          bank3        000000
__Hbank4                          bank4        000000
__Hbank5                          bank5        000000
__Hbank6                          bank6        000000
__Hbank7                          bank7        000000
__Hbank8                          bank8        000000
__Hbank9                          bank9        000000
__Hbigbss                         bigbss       000000
__Hbigdata                        bigdata      000000
__Hbigram                         bigram       000000
__Hbss                            bss          000000
__HbssBANK0                       bssBANK0     000000
__HbssBANK1                       bssBANK1     000000
__HbssBANK2                       bssBANK2     000000
__Hcinit                          cinit        000000
__Hclrtext                        clrtext      000000
__Hcomram                         comram       000000
__Hconfig                         config       30000C
__Hconst                          const        000000
__HcstackBANK0                    cstackBANK0  000000
__HcstackBANK1                    cstackBANK1  000000
__HcstackCOMRAM                   cstackCOMRAM 000000
__Hdata                           data         000000
__HdataBANK1                      dataBANK1    000000
__Heeprom_data                    eeprom_data  000000
__Hfarbss                         farbss       000000
__Hfardata                        fardata      000000
__Hibigdata                       ibigdata     000000
__Hidata                          idata        000000
__HidataBANK1                     idataBANK1   000000
__Hidloc                          idloc        200010
__Hifardata                       ifardata     000000
__Hinit                           init         000004
__Hintcode                        intcode      000000
__Hintcode_body                   intcode_body 000000
__Hintcodelo                      intcodelo    000000
__Hintentry                       intentry     000000
__Hintret                         intret       000000
__Hintsave_regs                   intsave_regs 000000
__Hirdata                         irdata       000000
__Hmediumconst                    mediumconst  000000
__HnvBANK0                        nvBANK0      000000
__HnvFARRAM                       nvFARRAM     000000
__Hnvbit                          nvbit        000000
__Hnvrram                         nvrram       000000
__Hparam                          rparam       000000
__Hpowerup                        powerup      000000
__Hram                            ram          000000
__Hramtop                         ramtop       000E00
__Hrbit                           rbit         000000
__Hrbss                           rbss         000000
__Hrdata                          rdata        000000
__Hreset_vec                      reset_vec    000000
__Hrparam                         rparam       000000
__Hsfr                            sfr          000000
__Hsmallconst                     smallconst   000E8C
__Hspace_0                        (abs)        005518
__Hspace_1                        (abs)        00023C
__Hspace_2                        (abs)        000000
__Hspace_4                        (abs)        60000C
__Hstack                          stack        000000
__Hstruct                         struct       000000
__Htemp                           temp         000000
__Htext                           text         000000
__Htext0                          text0        000000
__Htext1                          text1        000000
__Htext10                         text10       000000
__Htext11                         text11       000000
__Htext12                         text12       000000
__Htext13                         text13       000000
__Htext14                         text14       000000
__Htext15                         text15       000000
__Htext16                         text16       000000
__Htext17                         text17       000000
__Htext18                         text18       000000
__Htext19                         text19       000000
__Htext2                          text2        000000
__Htext20                         text20       000000
__Htext21                         text21       000000
__Htext22                         text22       000000
__Htext23                         text23       000000
__Htext24                         text24       000000
__Htext25                         text25       000000
__Htext26                         text26       000000
__Htext27                         text27       000000
__Htext28                         text28       000000
__Htext29                         text29       000000
__Htext3                          text3        000000
__Htext30                         text30       000000
__Htext31                         text31       000000
__Htext32                         text32       000000
__Htext33                         text33       000000
__Htext34                         text34       000000
__Htext35                         text35       000000
__Htext36                         text36       000000
__Htext37                         text37       000000
__Htext38                         text38       000000
__Htext39                         text39       000000
__Htext4                          text4        000000
__Htext40                         text40       000000
__Htext41                         text41       000000
__Htext42                         text42       000000
__Htext43                         text43       000000
__Htext44                         text44       000000
__Htext45                         text45       000000
__Htext46                         text46       000000
__Htext47                         text47       000000
__Htext48                         text48       000000
__Htext49                         text49       000000
__Htext5                          text5        000000
__Htext50                         text50       000000
__Htext51                         text51       000000
__Htext52                         text52       000000
__Htext53                         text53       000000
__Htext54                         text54       000000
__Htext55                         text55       000000
__Htext56                         text56       000000
__Htext57                         text57       000000
__Htext58                         text58       000000
__Htext59                         text59       000000
__Htext6                          text6        000000
__Htext60                         text60       000000
__Htext61                         text61       000000
__Htext62                         text62       000000
__Htext7                          text7        000000
__Htext8                          text8        000000
__Htext9                          text9        000000
__LRAM                            (abs)        000001
__Labs1                           abs1         000000
__Lbank0                          bank0        000000
__Lbank1                          bank1        000000
__Lbank10                         bank10       000000
__Lbank11                         bank11       000000
__Lbank12                         bank12       000000
__Lbank13                         bank13       000000
__Lbank2                          bank2        000000
__Lbank3                          bank3        000000
__Lbank4                          bank4        000000
__Lbank5                          bank5        000000
__Lbank6                          bank6        000000
__Lbank7                          bank7        000000
__Lbank8                          bank8        000000
__Lbank9                          bank9        000000
__Lbigbss                         bigbss       000000
__Lbigdata                        bigdata      000000
__Lbigram                         bigram       000000
__Lbss                            bss          000000
__LbssBANK0                       bssBANK0     000000
__LbssBANK1                       bssBANK1     000000
__LbssBANK2                       bssBANK2     000000
__Lcinit                          cinit        000000
__Lclrtext                        clrtext      000000
__Lcomram                         comram       000000
__Lconfig                         config       000000
__Lconst                          const        000000
__LcstackBANK0                    cstackBANK0  000000
__LcstackBANK1                    cstackBANK1  000000
__LcstackCOMRAM                   cstackCOMRAM 000000
__Ldata                           data         000000
__LdataBANK1                      dataBANK1    000000
__Leeprom_data                    eeprom_data  000000
__Lfarbss                         farbss       000000
__Lfardata                        fardata      000000
__Libigdata                       ibigdata     000000
__Lidata                          idata        000000
__LidataBANK1                     idataBANK1   000000
__Lidloc                          idloc        000000
__Lifardata                       ifardata     000000
__Linit                           init         000000
__Lintcode                        intcode      000000
__Lintcode_body                   intcode_body 000000
__Lintcodelo                      intcodelo    000000
__Lintentry                       intentry     000000
__Lintret                         intret       000000
__Lintsave_regs                   intsave_regs 000000
__Lirdata                         irdata       000000
__Lmediumconst                    mediumconst  000000
__LnvBANK0                        nvBANK0      000000
__LnvFARRAM                       nvFARRAM     000000
__Lnvbit                          nvbit        000000
__Lnvrram                         nvrram       000000
__Lparam                          rparam       000000
__Lpowerup                        powerup      000000
__Lram                            ram          000000
__Lramtop                         ramtop       000E00
__Lrbit                           rbit         000000
__Lrbss                           rbss         000000
__Lrdata                          rdata        000000
__Lreset_vec                      reset_vec    000000
__Lrparam                         rparam       000000
__Lsfr                            sfr          000000
__Lsmallconst                     smallconst   000E00
__Lspace_0                        (abs)        000000
__Lspace_1                        (abs)        000000
__Lspace_2                        (abs)        000000
__Lspace_4                        (abs)        000000
__Lstack                          stack        000000
__Lstruct                         struct       000000
__Ltemp                           temp         000000
__Ltext                           text         000000
__Ltext0                          text0        000000
__Ltext1                          text1        000000
__Ltext10                         text10       000000
__Ltext11                         text11       000000
__Ltext12                         text12       000000
__Ltext13                         text13       000000
__Ltext14                         text14       000000
__Ltext15                         text15       000000
__Ltext16                         text16       000000
__Ltext17                         text17       000000
__Ltext18                         text18       000000
__Ltext19                         text19       000000
__Ltext2                          text2        000000
__Ltext20                         text20       000000
__Ltext21                         text21       000000
__Ltext22                         text22       000000
__Ltext23                         text23       000000
__Ltext24                         text24       000000
__Ltext25                         text25       000000
__Ltext26                         text26       000000
__Ltext27                         text27       000000
__Ltext28                         text28       000000
__Ltext29                         text29       000000
__Ltext3                          text3        000000
__Ltext30                         text30       000000
__Ltext31                         text31       000000
__Ltext32                         text32       000000
__Ltext33                         text33       000000
__Ltext34                         text34       000000
__Ltext35                         text35       000000
__Ltext36                         text36       000000
__Ltext37                         text37       000000
__Ltext38                         text38       000000
__Ltext39                         text39       000000
__Ltext4                          text4        000000
__Ltext40                         text40       000000
__Ltext41                         text41       000000
__Ltext42                         text42       000000
__Ltext43                         text43       000000
__Ltext44                         text44       000000
__Ltext45                         text45       000000
__Ltext46                         text46       000000
__Ltext47                         text47       000000
__Ltext48                         text48       000000
__Ltext49                         text49       000000
__Ltext5                          text5        000000
__Ltext50                         text50       000000
__Ltext51                         text51       000000
__Ltext52                         text52       000000
__Ltext53                         text53       000000
__Ltext54                         text54       000000
__Ltext55                         text55       000000
__Ltext56                         text56       000000
__Ltext57                         text57       000000
__Ltext58                         text58       000000
__Ltext59                         text59       000000
__Ltext6                          text6        000000
__Ltext60                         text60       000000
__Ltext61                         text61       000000
__Ltext62                         text62       000000
__Ltext7                          text7        000000
__Ltext8                          text8        000000
__Ltext9                          text9        000000
__S0                              (abs)        005518
__S1                              (abs)        00023C
__S2                              (abs)        000000
__S4                              (abs)        000000
__S5                              (abs)        000000
___aodiv                          text36       0041A6
___aodiv@counter                  cstackCOMRAM 000011
___aodiv@dividend                 cstackCOMRAM 000001
___aodiv@divisor                  cstackCOMRAM 000009
___aodiv@quotient                 cstackCOMRAM 000013
___aodiv@sign                     cstackCOMRAM 000012
___aomod                          text35       00432E
___aomod@counter                  cstackCOMRAM 000011
___aomod@dividend                 cstackCOMRAM 000001
___aomod@divisor                  cstackCOMRAM 000009
___aomod@sign                     cstackCOMRAM 000012
___awdiv                          text27       004ADC
___awdiv@counter                  cstackCOMRAM 000005
___awdiv@dividend                 cstackCOMRAM 000001
___awdiv@divisor                  cstackCOMRAM 000003
___awdiv@quotient                 cstackCOMRAM 000007
___awdiv@sign                     cstackCOMRAM 000006
___awmod                          text26       004BA0
___awmod@counter                  cstackCOMRAM 000005
___awmod@dividend                 cstackCOMRAM 000001
___awmod@divisor                  cstackCOMRAM 000003
___awmod@sign                     cstackCOMRAM 000006
___fladd                          text20       002B36
___fladd@a                        cstackCOMRAM 000005
___fladd@aexp                     cstackCOMRAM 00000E
___fladd@b                        cstackCOMRAM 000001
___fladd@bexp                     cstackCOMRAM 00000F
___fladd@grs                      cstackCOMRAM 000010
___fladd@signs                    cstackCOMRAM 00000D
___fldiv                          text25       003420
___fldiv@a                        cstackCOMRAM 000013
___fldiv@aexp                     cstackCOMRAM 000027
___fldiv@b                        cstackCOMRAM 00000F
___fldiv@bexp                     cstackCOMRAM 000026
___fldiv@grs                      cstackCOMRAM 000022
___fldiv@new_exp                  cstackCOMRAM 000020
___fldiv@rem                      cstackCOMRAM 00001B
___fldiv@sign                     cstackCOMRAM 00001F
___fleq                           text24       004C50
___fleq@ff1                       cstackCOMRAM 000001
___fleq@ff2                       cstackCOMRAM 000005
___flge                           text23       004598
___flge@ff1                       cstackCOMRAM 00001A
___flge@ff2                       cstackCOMRAM 00001E
___flmul                          text22       002FF6
___flmul@a                        cstackCOMRAM 000005
___flmul@aexp                     cstackCOMRAM 000012
___flmul@b                        cstackCOMRAM 000001
___flmul@bexp                     cstackCOMRAM 000013
___flmul@grs                      cstackCOMRAM 00000E
___flmul@prod                     cstackCOMRAM 000014
___flmul@sign                     cstackCOMRAM 00000D
___flmul@temp                     cstackCOMRAM 000018
___flneg                          text21       0052C6
___flneg@f1                       cstackCOMRAM 000001
___flsub                          text19       00514A
___flsub@a                        cstackCOMRAM 00001E
___flsub@b                        cstackCOMRAM 00001A
___fltol                          text18       004492
___fltol@exp1                     cstackCOMRAM 00000A
___fltol@f1                       cstackCOMRAM 000001
___fltol@sign1                    cstackCOMRAM 000009
___fpclassifyf                    text17       00469C
___fpclassifyf@F465               bssBANK1     000190
___fpclassifyf@e                  cstackCOMRAM 000009
___fpclassifyf@u                  cstackCOMRAM 00000B
___fpclassifyf@x                  cstackCOMRAM 000001
___inthi_sp                       stack        000000
___intlo_sp                       stack        000000
___param_bank                     (abs)        000000
___rparam_used                    (abs)        000001
___sp                             stack        000000
___wmul                           text40       0053B8
___wmul@multiplicand              cstackCOMRAM 000003
___wmul@multiplier                cstackCOMRAM 000001
___wmul@product                   cstackCOMRAM 000005
___xxtofl                         text54       003CB0
___xxtofl@arg                     cstackCOMRAM 00000B
___xxtofl@exp                     cstackCOMRAM 00000A
___xxtofl@sign                    cstackCOMRAM 000009
___xxtofl@val                     cstackCOMRAM 000001
__accesstop                       (abs)        000060
__activetblptr                    (abs)        000003
__end_of_ADC_getval               text56       0054AA
__end_of_ADC_init                 text62       00547A
__end_of_DCmotors_init            text58       005100
__end_of_I2C_2_Master_Idle        text53       0053B8
__end_of_I2C_2_Master_Init        text5        005390
__end_of_I2C_2_Master_Read        text52       005216
__end_of_I2C_2_Master_RepStart    text51       005504
__end_of_I2C_2_Master_Start       text50       0054FA
__end_of_I2C_2_Master_Stop        text49       0054F0
__end_of_I2C_2_Master_Write       text48       0054DA
__end_of_USART4_init              text57       005460
__end_of___aodiv                  text36       00432E
__end_of___aomod                  text35       004492
__end_of___awdiv                  text27       004BA0
__end_of___awmod                  text26       004C50
__end_of___fladd                  text20       002FF6
__end_of___fldiv                  text25       0037BA
__end_of___fleq                   text24       004CFA
__end_of___flge                   text23       00469C
__end_of___flmul                  text22       003420
__end_of___flneg                  text21       0052FE
__end_of___flsub                  text19       005190
__end_of___fltol                  text18       004598
__end_of___fpclassifyf            text17       00479A
__end_of___wmul                   text40       0053DE
__end_of___xxtofl                 text54       003E64
__end_of__initialization          cinit        005144
__end_of_abs                      text34       005256
__end_of_atoi                     text37       004008
__end_of_buggyLEDs_init           text61       0054C0
__end_of_checkbatterylevel        text55       005440
__end_of_clicker2LEDs_init        text60       00550E
__end_of_clicker2buttons_init     text59       0054E6
__end_of_colourcards_testing      text6        00254E
__end_of_colourclickLEDs_C        text4        005400
__end_of_colourclickLEDs_init     text3        0054CE
__end_of_colourclick_init         text1        00528E
__end_of_colourclick_readB        text47       0050B0
__end_of_colourclick_readC        text46       005060
__end_of_colourclick_readG        text45       005010
__end_of_colourclick_readR        text44       004FC0
__end_of_colourclick_readRGBC     text43       004E7C
__end_of_colourclick_writetoaddr  text2        005420
__end_of_dtoa                     text28       003A9E
__end_of_efgtoa                   text12       001AE4
__end_of_floorf                   text16       003CB0
__end_of_fputc                    text32       004A16
__end_of_fputs                    text31       0051D4
__end_of_isdigit                  text39       005336
__end_of_isspace                  text38       004F20
__end_of_isupper                  text14       0052C6
__end_of_main                     text0        00494C
__end_of_pad                      text29       004ADC
__end_of_putch                    text33       005518
__end_of_sendCharSerial4          text42       005492
__end_of_sendStringSerial4        text41       005366
__end_of_sprintf                  text7        004ECE
__end_of_stoa                     text11       0041A6
__end_of_strcpy                   text15       004E1E
__end_of_strlen                   text30       004F70
__end_of_strncmp                  text10       00487C
__end_of_tolower                  text13       004DC0
__end_of_vfpfcnvrt                text9        002B36
__end_of_vfprintf                 text8        004D60
__initialization                  cinit        005100
__mediumconst                     mediumconst  000000
__pbssBANK0                       bssBANK0     0000EA
__pbssBANK1                       bssBANK1     000178
__pbssBANK2                       bssBANK2     000200
__pcinit                          cinit        005100
__pcstackBANK0                    cstackBANK0  000060
__pcstackBANK1                    cstackBANK1  000100
__pcstackCOMRAM                   cstackCOMRAM 000001
__pdataBANK1                      dataBANK1    0001E8
__pidataBANK1                     idataBANK1   00550E
__pnvBANK0                        nvBANK0      0000FB
__psmallconst                     smallconst   000E00
__ptext0                          text0        00487C
__ptext1                          text1        005256
__ptext10                         text10       00479A
__ptext11                         text11       004008
__ptext12                         text12       000E8C
__ptext13                         text13       004D60
__ptext14                         text14       00528E
__ptext15                         text15       004DC0
__ptext16                         text16       003A9E
__ptext17                         text17       00469C
__ptext18                         text18       004492
__ptext19                         text19       00514A
__ptext2                          text2        005400
__ptext20                         text20       002B36
__ptext21                         text21       0052C6
__ptext22                         text22       002FF6
__ptext23                         text23       004598
__ptext24                         text24       004C50
__ptext25                         text25       003420
__ptext26                         text26       004BA0
__ptext27                         text27       004ADC
__ptext28                         text28       0037BA
__ptext29                         text29       004A16
__ptext3                          text3        0054C0
__ptext30                         text30       004F20
__ptext31                         text31       005190
__ptext32                         text32       00494C
__ptext33                         text33       005516
__ptext34                         text34       005216
__ptext35                         text35       00432E
__ptext36                         text36       0041A6
__ptext37                         text37       003E64
__ptext38                         text38       004ECE
__ptext39                         text39       0052FE
__ptext4                          text4        0053DE
__ptext40                         text40       0053B8
__ptext41                         text41       005336
__ptext42                         text42       00547A
__ptext43                         text43       004E1E
__ptext44                         text44       004F70
__ptext45                         text45       004FC0
__ptext46                         text46       005010
__ptext47                         text47       005060
__ptext48                         text48       0054CE
__ptext49                         text49       0054E6
__ptext5                          text5        005366
__ptext50                         text50       0054F0
__ptext51                         text51       0054FA
__ptext52                         text52       0051D4
__ptext53                         text53       005390
__ptext54                         text54       003CB0
__ptext55                         text55       005420
__ptext56                         text56       005492
__ptext57                         text57       005440
__ptext58                         text58       0050B0
__ptext59                         text59       0054DA
__ptext6                          text6        001AE4
__ptext60                         text60       005504
__ptext61                         text61       0054AA
__ptext62                         text62       005460
__ptext7                          text7        004E7C
__ptext8                          text8        004CFA
__ptext9                          text9        00254E
__ramtop                          ramtop       000E00
__size_of_ADC_getval              (abs)        000000
__size_of_ADC_init                (abs)        000000
__size_of_DCmotors_init           (abs)        000000
__size_of_I2C_2_Master_Idle       (abs)        000000
__size_of_I2C_2_Master_Init       (abs)        000000
__size_of_I2C_2_Master_Read       (abs)        000000
__size_of_I2C_2_Master_RepStart   (abs)        000000
__size_of_I2C_2_Master_Start      (abs)        000000
__size_of_I2C_2_Master_Stop       (abs)        000000
__size_of_I2C_2_Master_Write      (abs)        000000
__size_of_USART4_init             (abs)        000000
__size_of___aodiv                 (abs)        000000
__size_of___aomod                 (abs)        000000
__size_of___awdiv                 (abs)        000000
__size_of___awmod                 (abs)        000000
__size_of___fladd                 (abs)        000000
__size_of___fldiv                 (abs)        000000
__size_of___fleq                  (abs)        000000
__size_of___flge                  (abs)        000000
__size_of___flmul                 (abs)        000000
__size_of___flneg                 (abs)        000000
__size_of___flsub                 (abs)        000000
__size_of___fltol                 (abs)        000000
__size_of___fpclassifyf           (abs)        000000
__size_of___wmul                  (abs)        000000
__size_of___xxtofl                (abs)        000000
__size_of_abs                     (abs)        000000
__size_of_atoi                    (abs)        000000
__size_of_buggyLEDs_init          (abs)        000000
__size_of_checkbatterylevel       (abs)        000000
__size_of_clicker2LEDs_init       (abs)        000000
__size_of_clicker2buttons_init    (abs)        000000
__size_of_colourcards_testing     (abs)        000000
__size_of_colourclickLEDs_C       (abs)        000000
__size_of_colourclickLEDs_init    (abs)        000000
__size_of_colourclick_init        (abs)        000000
__size_of_colourclick_readB       (abs)        000000
__size_of_colourclick_readC       (abs)        000000
__size_of_colourclick_readG       (abs)        000000
__size_of_colourclick_readR       (abs)        000000
__size_of_colourclick_readRGBC    (abs)        000000
__size_of_colourclick_writetoaddr (abs)        000000
__size_of_dtoa                    (abs)        000000
__size_of_efgtoa                  (abs)        000000
__size_of_floorf                  (abs)        000000
__size_of_fputc                   (abs)        000000
__size_of_fputs                   (abs)        000000
__size_of_isdigit                 (abs)        000000
__size_of_isspace                 (abs)        000000
__size_of_isupper                 (abs)        000000
__size_of_main                    (abs)        000000
__size_of_pad                     (abs)        000000
__size_of_putch                   (abs)        000000
__size_of_sendCharSerial4         (abs)        000000
__size_of_sendStringSerial4       (abs)        000000
__size_of_sprintf                 (abs)        000000
__size_of_stoa                    (abs)        000000
__size_of_strcpy                  (abs)        000000
__size_of_strlen                  (abs)        000000
__size_of_strncmp                 (abs)        000000
__size_of_tolower                 (abs)        000000
__size_of_vfpfcnvrt               (abs)        000000
__size_of_vfprintf                (abs)        000000
__smallconst                      smallconst   000E00
_abs                              text34       005216
_atoi                             text37       003E64
_atoi$3039                        cstackCOMRAM 000010
_atoi$3040                        cstackCOMRAM 000014
_atoi$3041                        cstackCOMRAM 000012
_buggyLEDs_init                   text61       0054AA
_checkbatterylevel                text55       005420
_clear_lower                      bssBANK1     000196
_clear_upper                      bssBANK1     000194
_clicker2LEDs_init                text60       005504
_clicker2buttons_init             text59       0054DA
_colourcard_flag                  bssBANK0     0000F6
_colourcards_testing              text6        001AE4
_colourclickLEDs_C                text4        0053DE
_colourclickLEDs_init             text3        0054C0
_colourclick_init                 text1        005256
_colourclick_readB                text47       005060
_colourclick_readC                text46       005010
_colourclick_readG                text45       004FC0
_colourclick_readR                text44       004F70
_colourclick_readRGBC             text43       004E1E
_colourclick_writetoaddr          text2        005400
_dbuf                             bssBANK1     000198
_dtoa                             text28       0037BA
_dtoa$2937                        cstackCOMRAM 00002E
_efgtoa                           text12       000E8C
_efgtoa$2961                      cstackBANK0  000060
_efgtoa$2962                      cstackBANK0  000062
_efgtoa$2966                      cstackBANK0  000064
_efgtoa$2970                      cstackBANK0  000066
_efgtoa$2971                      cstackBANK0  000068
_efgtoa$2972                      cstackBANK0  00006A
_flags                            bssBANK0     0000F0
_floorf                           text16       003A9E
_fputc                            text32       00494C
_fputs                            text31       005190
_interrupts_lower                 bssBANK0     0000F2
_interrupts_upper                 nvBANK0      0000FB
_isdigit                          text39       0052FE
_isspace                          text38       004ECE
_isspace$3070                     cstackCOMRAM 000007
_isupper                          text14       00528E
_main                             text0        00487C
_nout                             bssBANK0     0000EA
_pad                              text29       004A16
_prec                             bssBANK0     0000EE
_putch                            text33       005516
_returnhome_flag                  bssBANK0     0000F4
_sendCharSerial4                  text42       00547A
_sendStringSerial4                text41       005336
_sprintf                          text7        004E7C
_stoa                             text11       004008
_strcpy                           text15       004DC0
_strlen                           text30       004F20
_strncmp                          text10       00479A
_tolower                          text13       004D60
_tolower$3133                     cstackCOMRAM 00000D
_unknowncard_flag                 bssBANK0     0000F5
_vfpfcnvrt                        text9        00254E
_vfpfcnvrt$2997                   cstackBANK0  0000A2
_vfpfcnvrt$3002                   cstackBANK0  0000A4
_vfprintf                         text8        004CFA
_width                            bssBANK0     0000EC
abs@a                             cstackCOMRAM 000013
atoi@n                            cstackCOMRAM 000015
atoi@neg                          cstackCOMRAM 00000E
atoi@s                            cstackCOMRAM 000008
checkbatterylevel@batterylevel    cstackCOMRAM 000002
colourcards_testing@B             cstackBANK1  000168
colourcards_testing@B_rel         cstackBANK1  000174
colourcards_testing@C             cstackBANK1  00016A
colourcards_testing@G             cstackBANK1  000166
colourcards_testing@G_rel         cstackBANK1  000170
colourcards_testing@R             cstackBANK1  000164
colourcards_testing@R_rel         cstackBANK1  00016C
colourcards_testing@buf1          cstackBANK1  000100
colourcards_testing@tmpval        cstackCOMRAM 00005A
colourclickLEDs_C@tog             cstackCOMRAM 000001
colourclick_readB@tmp             cstackCOMRAM 00000A
colourclick_readC@tmp             cstackCOMRAM 00000A
colourclick_readG@tmp             cstackCOMRAM 00000A
colourclick_readR@tmp             cstackCOMRAM 00000A
colourclick_readRGBC@tmpval       cstackCOMRAM 00000C
colourclick_writetoaddr@address   cstackCOMRAM 000004
colourclick_writetoaddr@value     cstackCOMRAM 000003
dtoa@d                            cstackCOMRAM 00001E
dtoa@fp                           cstackCOMRAM 00001C
dtoa@i                            cstackCOMRAM 00003E
dtoa@n                            cstackCOMRAM 000036
dtoa@p                            cstackCOMRAM 000030
dtoa@s                            cstackCOMRAM 000034
dtoa@w                            cstackCOMRAM 000032
efgtoa@c                          cstackCOMRAM 000042
efgtoa@d                          cstackBANK0  000078
efgtoa@e                          cstackBANK0  000090
efgtoa@f                          cstackCOMRAM 00003E
efgtoa@fp                         cstackCOMRAM 00003C
efgtoa@g                          cstackBANK0  00008C
efgtoa@h                          cstackBANK0  000082
efgtoa@i                          cstackBANK0  00008A
efgtoa@l                          cstackBANK0  000086
efgtoa@m                          cstackBANK0  000072
efgtoa@mode                       cstackBANK0  000081
efgtoa@n                          cstackBANK0  000092
efgtoa@ne                         cstackBANK0  000070
efgtoa@nmode                      cstackBANK0  000080
efgtoa@ou                         cstackBANK0  000074
efgtoa@p                          cstackBANK0  00007C
efgtoa@pp                         cstackBANK0  00006E
efgtoa@sign                       cstackBANK0  00007A
efgtoa@t                          cstackBANK0  00006C
efgtoa@u                          cstackBANK0  000094
efgtoa@w                          cstackBANK0  00007E
end_of_initialization             cinit        005144
floorf@F527                       bssBANK1     00018C
floorf@e                          cstackCOMRAM 000036
floorf@m                          cstackCOMRAM 000032
floorf@u                          cstackCOMRAM 000038
floorf@x                          cstackCOMRAM 000028
fputc@c                           cstackCOMRAM 000001
fputc@fp                          cstackCOMRAM 000003
fputs@c                           cstackCOMRAM 00000E
fputs@fp                          cstackCOMRAM 00000C
fputs@i                           cstackCOMRAM 00000F
fputs@s                           cstackCOMRAM 00000A
intlevel0                         text         000000
intlevel1                         text         000000
intlevel2                         text         000000
intlevel3                         text         000000
isa$std                           (abs)        000001
isa$xinst                         (abs)        000000
isdigit@c                         cstackCOMRAM 000001
isspace@c                         cstackCOMRAM 000001
isupper@c                         cstackCOMRAM 000001
main@current                      cstackBANK0  0000D0
main@motorL                       cstackBANK0  0000D8
main@motorR                       cstackBANK0  0000E1
pad@buf                           cstackCOMRAM 000013
pad@fp                            cstackCOMRAM 000011
pad@i                             cstackCOMRAM 000018
pad@p                             cstackCOMRAM 000015
pad@w                             cstackCOMRAM 00001A
sendCharSerial4@charToSend        cstackCOMRAM 000001
sendStringSerial4@string          cstackCOMRAM 000002
sprintf@ap                        cstackBANK0  0000C8
sprintf@f                         cstackBANK0  0000CA
sprintf@fmt                       cstackBANK0  0000B0
sprintf@s                         cstackBANK0  0000AE
stackhi                           (abs)        000DE9
stacklo                           (abs)        00023C
start                             init         000000
start_initialization              cinit        005100
stoa@F1163                        dataBANK1    0001E8
stoa@cp                           cstackCOMRAM 00001A
stoa@fp                           cstackCOMRAM 00000A
stoa@i                            cstackCOMRAM 000016
stoa@l                            cstackCOMRAM 00001E
stoa@nuls                         cstackCOMRAM 00000F
stoa@p                            cstackCOMRAM 00001C
stoa@s                            cstackCOMRAM 00000C
stoa@w                            cstackCOMRAM 000018
strcpy@d                          cstackCOMRAM 000009
strcpy@dest                       cstackCOMRAM 000001
strcpy@s                          cstackCOMRAM 000007
strcpy@src                        cstackCOMRAM 000003
strlen@a                          cstackCOMRAM 000003
strlen@s                          cstackCOMRAM 000001
strncmp@_l                        cstackCOMRAM 000001
strncmp@_r                        cstackCOMRAM 000003
strncmp@l                         cstackCOMRAM 000008
strncmp@n                         cstackCOMRAM 000005
strncmp@r                         cstackCOMRAM 00000A
tolower@c                         cstackCOMRAM 000007
vfpfcnvrt@ap                      cstackCOMRAM 00004C
vfpfcnvrt@c                       cstackBANK0  0000AD
vfpfcnvrt@cp                      cstackBANK0  0000A0
vfpfcnvrt@ct                      cstackBANK0  0000AA
vfpfcnvrt@f                       cstackBANK0  0000A6
vfpfcnvrt@fmt                     cstackCOMRAM 00004A
vfpfcnvrt@fp                      cstackCOMRAM 000048
vfpfcnvrt@ll                      cstackBANK0  000098
vfprintf@ap                       cstackCOMRAM 000056
vfprintf@cfmt                     cstackCOMRAM 000058
vfprintf@fmt                      cstackCOMRAM 000054
vfprintf@fp                       cstackCOMRAM 000052


MODULE INFORMATION

Module		Function		Class		Link	Load	Size
C:\Program Files\Microchip\xc8\v2.32\pic\sources\c99\common\nf_sprintf.c
		_sprintf       		CODE           	4E7C	0000	82

C:\Program Files\Microchip\xc8\v2.32\pic\sources\c99\common\nf_sprintf.c estimated size: 82

C:\Program Files\Microchip\xc8\v2.32\pic\sources\c99\common\awdiv.c
		___awdiv       		CODE           	4ADC	0000	196

C:\Program Files\Microchip\xc8\v2.32\pic\sources\c99\common\awdiv.c estimated size: 196

C:\Program Files\Microchip\xc8\v2.32\pic\sources\c99\common\isdigit.c
		_isdigit       		CODE           	52FE	0000	56

C:\Program Files\Microchip\xc8\v2.32\pic\sources\c99\common\isdigit.c estimated size: 56

C:\Program Files\Microchip\xc8\v2.32\pic\sources\c99\common\sprcadd.c
		___flsub       		CODE           	514A	0000	70
		___fladd       		CODE           	2B36	0000	1216

C:\Program Files\Microchip\xc8\v2.32\pic\sources\c99\common\sprcadd.c estimated size: 1286

buttons_n_LEDs.c
		_colourclickLEDs_init		CODE           	54C0	0000	14
		_clicker2buttons_init		CODE           	54DA	0000	12
		_clicker2LEDs_init		CODE           	5504	0000	10
		_buggyLEDs_init		CODE           	54AA	0000	22
		_colourclickLEDs_C		CODE           	53DE	0000	34

buttons_n_LEDs.c estimated size: 92

C:\Program Files\Microchip\xc8\v2.32\pic\sources\c99\common\doprnt.c
		_vfpfcnvrt     		CODE           	254E	0000	1512
		_efgtoa        		CODE           	0E8C	0000	3160
		_pad           		CODE           	4A16	0000	198
		_dtoa          		CODE           	37BA	0000	740
		_vfprintf      		CODE           	4CFA	0000	102
		_stoa          		CODE           	4008	0000	414

C:\Program Files\Microchip\xc8\v2.32\pic\sources\c99\common\doprnt.c estimated size: 6126

C:\Program Files\Microchip\xc8\v2.32\pic\sources\c99\common\flneg.c
		___flneg       		CODE           	52C6	0000	56

C:\Program Files\Microchip\xc8\v2.32\pic\sources\c99\common\flneg.c estimated size: 56

I2C.c
		_I2C_2_Master_Start		CODE           	54F0	0000	10
		_I2C_2_Master_Read		CODE           	51D4	0000	66
		_I2C_2_Master_Idle		CODE           	5390	0000	40
		_I2C_2_Master_Init		CODE           	5366	0000	42
		_I2C_2_Master_Stop		CODE           	54E6	0000	10
		_I2C_2_Master_RepStart		CODE           	54FA	0000	10
		_I2C_2_Master_Write		CODE           	54CE	0000	12

I2C.c estimated size: 190

DC_motors.c
		_DCmotors_init 		CODE           	50B0	0000	80
		_checkbatterylevel		CODE           	5420	0000	32

DC_motors.c estimated size: 112

C:\Program Files\Microchip\xc8\v2.32\pic\sources\c99\common\atoi.c
		_atoi          		CODE           	3E64	0000	420

C:\Program Files\Microchip\xc8\v2.32\pic\sources\c99\common\atoi.c estimated size: 420

C:\Program Files\Microchip\xc8\v2.32\pic\sources\c99\common\nf_fputs.c
		_fputs         		CODE           	5190	0000	68

C:\Program Files\Microchip\xc8\v2.32\pic\sources\c99\common\nf_fputs.c estimated size: 68

C:\Program Files\Microchip\xc8\v2.32\pic\sources\c99\common\fleq.c
		___fleq        		CODE           	4C50	0000	170

C:\Program Files\Microchip\xc8\v2.32\pic\sources\c99\common\fleq.c estimated size: 170

C:\Program Files\Microchip\xc8\v2.32\pic\sources\c99\common\putch.c
		_putch         		CODE           	5516	0000	2

C:\Program Files\Microchip\xc8\v2.32\pic\sources\c99\common\putch.c estimated size: 2

C:\Program Files\Microchip\xc8\v2.32\pic\sources\c99\common\__fpclassifyf.c
		___fpclassifyf 		CODE           	469C	0000	254

C:\Program Files\Microchip\xc8\v2.32\pic\sources\c99\common\__fpclassifyf.c estimated size: 254

C:\Program Files\Microchip\xc8\v2.32\pic\sources\c99\common\isupper.c
		_isupper       		CODE           	528E	0000	56

C:\Program Files\Microchip\xc8\v2.32\pic\sources\c99\common\isupper.c estimated size: 56

C:\Program Files\Microchip\xc8\v2.32\pic\sources\c99\common\Umul16.c
		___wmul        		CODE           	53B8	0000	38

C:\Program Files\Microchip\xc8\v2.32\pic\sources\c99\common\Umul16.c estimated size: 38

C:\Program Files\Microchip\xc8\v2.32\pic\sources\c99\common\abs.c
		_abs           		CODE           	5216	0000	64

C:\Program Files\Microchip\xc8\v2.32\pic\sources\c99\common\abs.c estimated size: 64

C:\Program Files\Microchip\xc8\v2.32\pic\sources\c99\common\aomod.c
		___aomod       		CODE           	432E	0000	356

C:\Program Files\Microchip\xc8\v2.32\pic\sources\c99\common\aomod.c estimated size: 356

C:\Program Files\Microchip\xc8\v2.32\pic\sources\c99\common\isspace.c
		_isspace       		CODE           	4ECE	0000	82

C:\Program Files\Microchip\xc8\v2.32\pic\sources\c99\common\isspace.c estimated size: 82

C:\Program Files\Microchip\xc8\v2.32\pic\sources\c99\common\strncmp.c
		_strncmp       		CODE           	479A	0000	226

C:\Program Files\Microchip\xc8\v2.32\pic\sources\c99\common\strncmp.c estimated size: 226

C:\Program Files\Microchip\xc8\v2.32\pic\sources\c99\common\tolower.c
		_tolower       		CODE           	4D60	0000	96

C:\Program Files\Microchip\xc8\v2.32\pic\sources\c99\common\tolower.c estimated size: 96

shared
		__initialization		CODE           	5100	0000	68

shared estimated size: 68

C:\Program Files\Microchip\xc8\v2.32\pic\sources\c99\common\sprcmul.c
		___flmul       		CODE           	2FF6	0000	1066

C:\Program Files\Microchip\xc8\v2.32\pic\sources\c99\common\sprcmul.c estimated size: 1066

C:\Program Files\Microchip\xc8\v2.32\pic\sources\c99\common\awmod.c
		___awmod       		CODE           	4BA0	0000	176

C:\Program Files\Microchip\xc8\v2.32\pic\sources\c99\common\awmod.c estimated size: 176

colour_click.c
		_colourclick_writetoaddr		CODE           	5400	0000	32
		_colourclick_readR		CODE           	4F70	0000	80
		_colourclick_readRGBC		CODE           	4E1E	0000	94
		_colourclick_init		CODE           	5256	0000	56
		_colourclick_readB		CODE           	5060	0000	80
		_colourclick_readC		CODE           	5010	0000	80
		_colourclick_readG		CODE           	4FC0	0000	80

colour_click.c estimated size: 502

ADC.c
		_ADC_init      		CODE           	5460	0000	26
		_ADC_getval    		CODE           	5492	0000	24

ADC.c estimated size: 50

C:\Program Files\Microchip\xc8\v2.32\pic\sources\c99\common\sprcdiv.c
		___fldiv       		CODE           	3420	0000	922

C:\Program Files\Microchip\xc8\v2.32\pic\sources\c99\common\sprcdiv.c estimated size: 922

C:\Program Files\Microchip\xc8\v2.32\pic\sources\c99\common\fltol.c
		___fltol       		CODE           	4492	0000	262

C:\Program Files\Microchip\xc8\v2.32\pic\sources\c99\common\fltol.c estimated size: 262

C:\Program Files\Microchip\xc8\v2.32\pic\sources\c99\common\xxtofl.c
		___xxtofl      		CODE           	3CB0	0000	436

C:\Program Files\Microchip\xc8\v2.32\pic\sources\c99\common\xxtofl.c estimated size: 436

C:\Program Files\Microchip\xc8\v2.32\pic\sources\c99\common\nf_fputc.c
		_fputc         		CODE           	494C	0000	202

C:\Program Files\Microchip\xc8\v2.32\pic\sources\c99\common\nf_fputc.c estimated size: 202

C:\Program Files\Microchip\xc8\v2.32\pic\sources\c99\common\aodiv.c
		___aodiv       		CODE           	41A6	0000	392

C:\Program Files\Microchip\xc8\v2.32\pic\sources\c99\common\aodiv.c estimated size: 392

main.c
		_main          		CODE           	487C	0000	208

main.c estimated size: 208

C:\Program Files\Microchip\xc8\v2.32\pic\sources\c99\common\strlen.c
		_strlen        		CODE           	4F20	0000	80

C:\Program Files\Microchip\xc8\v2.32\pic\sources\c99\common\strlen.c estimated size: 80

C:\Program Files\Microchip\xc8\v2.32\pic\sources\c99\common\flge.c
		___flge        		CODE           	4598	0000	260

C:\Program Files\Microchip\xc8\v2.32\pic\sources\c99\common\flge.c estimated size: 260

C:\Program Files\Microchip\xc8\v2.32\pic\sources\c99\common\floorf.c
		_floorf        		CODE           	3A9E	0000	530

C:\Program Files\Microchip\xc8\v2.32\pic\sources\c99\common\floorf.c estimated size: 530

serial_comm.c
		_sendStringSerial4		CODE           	5336	0000	48
		_sendCharSerial4		CODE           	547A	0000	24
		_USART4_init   		CODE           	5440	0000	32

serial_comm.c estimated size: 104

colour_cards.c
		_colourcards_testing		CODE           	1AE4	0000	2666

colour_cards.c estimated size: 2666

C:\Program Files\Microchip\xc8\v2.32\pic\sources\c99\common\strcpy.c
		_strcpy        		CODE           	4DC0	0000	94

C:\Program Files\Microchip\xc8\v2.32\pic\sources\c99\common\strcpy.c estimated size: 94

